<html>
<body>
<pre>
<h1>µVision Build Log</h1>
<h2>Tool Versions:</h2>
IDE-Version: ¦ÌVision V5.24.2.0
Copyright (C) 2017 ARM Ltd and ARM Germany GmbH. All rights reserved.
License Information: Rayn Chain, SEU, LIC=585DY-I2SMA-ML8CI-TZ2PK-X5RIT-8IT3M
 
Tool Versions:
Toolchain:       MDK-ARM Plus  Version: 5.24.1
Toolchain Path:  E:\School Software\ARM\ARMCC\Bin
C Compiler:      Armcc.exe V5.06 update 5 (build 528)
Assembler:       Armasm.exe V5.06 update 5 (build 528)
Linker/Locator:  ArmLink.exe V5.06 update 5 (build 528)
Library Manager: ArmAr.exe V5.06 update 5 (build 528)
Hex Converter:   FromElf.exe V5.06 update 5 (build 528)
CPU DLL:         SARMCM3.DLL V5.24.1
Dialog DLL:      DCM.DLL V1.16.0.0
Target DLL:      STLink\ST-LINKIII-KEIL_SWO.dll V3.0.1.0
Dialog DLL:      TCM.DLL V1.32.0.0
 
<h2>Project:</h2>
E:\CyhGit\SEU_Drone_2020\Code\MDK-ARM\Drone.uvprojx
Project File Date:  08/26/2020

<h2>Output:</h2>
*** Using Compiler 'V5.06 update 5 (build 528)', folder: 'E:\School Software\ARM\ARMCC\Bin'
Build target 'Drone'
compiling System.c...
compiling Task_Init.c...
compiling Task_Position.c...
..\Task\Src\Task_Position.c(77): warning:  #550-D: variable "last_pit"  was set but never used
  	float last_pit = 0,last_yaw = 0;
..\Task\Src\Task_Position.c(77): warning:  #550-D: variable "last_yaw"  was set but never used
  	float last_pit = 0,last_yaw = 0;
..\Task\Src\Task_Position.c: 2 warnings, 0 errors
compiling Task_Protect.c...
compiling Task_CanComm.c...
compiling Task_RC.c...
compiling Task_Judge.c...
compiling Task_JetsonComm.c...
compiling Task_StateMachine.c...
compiling Task_Shoot.c...
compiling Task_Gimbal.c...
compiling Task_LED.c...
compiling Task_SDIO.c...
compiling Task_Debug.c...
compiling Task_TOF.c...
compiling Task_Ui.c...
compiling gpio.c...
compiling can.c...
compiling dma.c...
compiling main.c...
compiling bsp_driver_sd.c...
compiling fatfs.c...
compiling sd_diskio.c...
compiling freertos.c...
compiling sdio.c...
compiling tim.c...
compiling spi.c...
compiling usart.c...
assembling startup_stm32f427xx.s...
compiling stm32f4xx_hal_msp.c...
compiling stm32f4xx_hal_timebase_tim.c...
compiling stm32f4xx_it.c...
compiling stm32f4xx_hal_can.c...
compiling stm32f4xx_hal_rcc_ex.c...
compiling stm32f4xx_hal_flash.c...
compiling stm32f4xx_hal_rcc.c...
compiling stm32f4xx_hal_flash_ex.c...
compiling stm32f4xx_hal_flash_ramfunc.c...
compiling stm32f4xx_hal_dma.c...
compiling stm32f4xx_hal_gpio.c...
compiling stm32f4xx_hal_dma_ex.c...
compiling stm32f4xx_hal_cortex.c...
compiling stm32f4xx_hal_pwr.c...
compiling stm32f4xx_hal_pwr_ex.c...
compiling stm32f4xx_hal.c...
compiling stm32f4xx_hal_exti.c...
compiling stm32f4xx_ll_sdmmc.c...
compiling stm32f4xx_hal_spi.c...
compiling stm32f4xx_hal_sd.c...
compiling stm32f4xx_hal_tim_ex.c...
compiling stm32f4xx_hal_uart.c...
compiling system_stm32f4xx.c...
compiling stm32f4xx_hal_tim.c...
compiling croutine.c...
compiling event_groups.c...
compiling list.c...
compiling queue.c...
compiling stream_buffer.c...
compiling timers.c...
compiling tasks.c...
compiling heap_4.c...
compiling cmsis_os.c...
compiling port.c...
compiling diskio.c...
compiling ff_gen_drv.c...
compiling Func_Imu_OB.c...
compiling ff.c...
compiling syscall.c...
compiling cc936.c...
linking...
Program Size: Code=79806 RO-data=176806 RW-data=732 ZI-data=33164  
FromELF: creating hex file...
"Drone\Drone.axf" - 0 Error(s), 2 Warning(s).

<h2>Software Packages used:</h2>

Package Vendor: ARM
                http://www.keil.com/pack/ARM.CMSIS.5.0.1.pack
                ARM.CMSIS.5.0.1
                CMSIS (Cortex Microcontroller Software Interface Standard)
   * Component: CORE Version: 5.0.1

Package Vendor: Keil
                http://www.keil.com/pack/Keil.STM32F4xx_DFP.2.13.0.pack
                Keil.STM32F4xx_DFP.2.13.0
                STMicroelectronics STM32F4 Series Device Support, Drivers and Examples

<h2>Collection of Component include folders:</h2>
  .\RTE\_Drone
  E:\School Software\ARM\PACK\ARM\CMSIS\5.0.1\CMSIS\Include
  E:\School Software\ARM\PACK\Keil\STM32F4xx_DFP\2.13.0\Drivers\CMSIS\Device\ST\STM32F4xx\Include

<h2>Collection of Component Files used:</h2>

   * Component: ARM::CMSIS:CORE:5.0.1
Build Time Elapsed:  00:04:39
</pre>
</body>
</html>
