Component: ARM Compiler 5.06 update 5 (build 528) Tool: armlink [4d35e2]

==============================================================================

Section Cross References

    system.o(i.Append_CRC16_Check_Sum) refers to system.o(i.Get_CRC16_Check_Sum) for Get_CRC16_Check_Sum
    system.o(i.Append_CRC16_Check_Sum) refers to system.o(.data) for CRC_INIT
    system.o(i.Append_CRC8_Check_Sum) refers to system.o(i.Get_CRC8_Check_Sum) for Get_CRC8_Check_Sum
    system.o(i.Float_to_Char) refers to system.o(.data) for n2ctable
    system.o(i.Get_CRC16_Check_Sum) refers to system.o(.constdata) for wCRC_Table
    system.o(i.Get_CRC8_Check_Sum) refers to system.o(.constdata) for CRC8_TAB
    system.o(i.Int_to_Char) refers to system.o(.data) for n2ctable
    system.o(i.Motor_CanSend) refers to queue.o(i.xQueueGenericSend) for xQueueGenericSend
    system.o(i.Motor_CanSend) refers to system.o(.data) for Queue_CANSend
    system.o(i.Motor_CanSend_Gimbal) refers to queue.o(i.xQueueGenericSend) for xQueueGenericSend
    system.o(i.Motor_CanSend_Gimbal) refers to system.o(.data) for Queue_CANSend
    system.o(i.Motor_CanSend_Shoot) refers to queue.o(i.xQueueGenericSend) for xQueueGenericSend
    system.o(i.Motor_CanSend_Shoot) refers to system.o(.data) for Queue_CANSend
    system.o(i.PID_Calculation) refers to f2d.o(.text) for __aeabi_f2d
    system.o(i.PID_Calculation) refers to cdcmple.o(.text) for __aeabi_cdcmple
    system.o(i.Task_CanComm) refers to tasks.o(i.xTaskGetTickCount) for xTaskGetTickCount
    system.o(i.Task_CanComm) refers to tasks.o(i.vTaskDelayUntil) for vTaskDelayUntil
    system.o(i.Task_Debug) refers to tasks.o(i.xTaskGetTickCount) for xTaskGetTickCount
    system.o(i.Task_Debug) refers to tasks.o(i.vTaskDelayUntil) for vTaskDelayUntil
    system.o(i.Task_Gimbal) refers to tasks.o(i.xTaskGetTickCount) for xTaskGetTickCount
    system.o(i.Task_Gimbal) refers to tasks.o(i.vTaskDelayUntil) for vTaskDelayUntil
    system.o(i.Task_JetsonComm) refers to tasks.o(i.xTaskGetTickCount) for xTaskGetTickCount
    system.o(i.Task_JetsonComm) refers to tasks.o(i.vTaskDelayUntil) for vTaskDelayUntil
    system.o(i.Task_Judge) refers to tasks.o(i.xTaskGetTickCount) for xTaskGetTickCount
    system.o(i.Task_Judge) refers to tasks.o(i.vTaskDelayUntil) for vTaskDelayUntil
    system.o(i.Task_LED) refers to tasks.o(i.xTaskGetTickCount) for xTaskGetTickCount
    system.o(i.Task_LED) refers to tasks.o(i.vTaskDelayUntil) for vTaskDelayUntil
    system.o(i.Task_Position) refers to tasks.o(i.xTaskGetTickCount) for xTaskGetTickCount
    system.o(i.Task_Position) refers to tasks.o(i.vTaskDelayUntil) for vTaskDelayUntil
    system.o(i.Task_Protect) refers to tasks.o(i.xTaskGetTickCount) for xTaskGetTickCount
    system.o(i.Task_Protect) refers to tasks.o(i.vTaskDelayUntil) for vTaskDelayUntil
    system.o(i.Task_RC) refers to tasks.o(i.xTaskGetTickCount) for xTaskGetTickCount
    system.o(i.Task_RC) refers to tasks.o(i.vTaskDelayUntil) for vTaskDelayUntil
    system.o(i.Task_SDIO) refers to tasks.o(i.xTaskGetTickCount) for xTaskGetTickCount
    system.o(i.Task_SDIO) refers to tasks.o(i.vTaskDelayUntil) for vTaskDelayUntil
    system.o(i.Task_Shoot) refers to tasks.o(i.xTaskGetTickCount) for xTaskGetTickCount
    system.o(i.Task_Shoot) refers to tasks.o(i.vTaskDelayUntil) for vTaskDelayUntil
    system.o(i.Task_StateMachine) refers to tasks.o(i.xTaskGetTickCount) for xTaskGetTickCount
    system.o(i.Task_StateMachine) refers to tasks.o(i.vTaskDelayUntil) for vTaskDelayUntil
    system.o(i.Task_TOF) refers to tasks.o(i.xTaskGetTickCount) for xTaskGetTickCount
    system.o(i.Task_TOF) refers to tasks.o(i.vTaskDelayUntil) for vTaskDelayUntil
    system.o(i.Task_Ui) refers to tasks.o(i.xTaskGetTickCount) for xTaskGetTickCount
    system.o(i.Task_Ui) refers to tasks.o(i.vTaskDelayUntil) for vTaskDelayUntil
    system.o(i.Verify_CRC16_Check_Sum) refers to system.o(i.Get_CRC16_Check_Sum) for Get_CRC16_Check_Sum
    system.o(i.Verify_CRC16_Check_Sum) refers to system.o(.data) for CRC_INIT
    system.o(i.Verify_CRC8_Check_Sum) refers to system.o(i.Get_CRC8_Check_Sum) for Get_CRC8_Check_Sum
    system.o(i.WhichTeam) refers to task_judge.o(.bss) for ext_game_robot_state
    task_init.o(i.CanInit) refers to stm32f4xx_hal_can.o(i.HAL_CAN_ConfigFilter) for HAL_CAN_ConfigFilter
    task_init.o(i.CanInit) refers to stm32f4xx_hal_can.o(i.HAL_CAN_Start) for HAL_CAN_Start
    task_init.o(i.CanInit) refers to stm32f4xx_hal_can.o(i.HAL_CAN_ActivateNotification) for HAL_CAN_ActivateNotification
    task_init.o(i.CanInit) refers to can.o(.bss) for hcan1
    task_init.o(i.DMAInit) refers to stm32f4xx_hal_dma_ex.o(i.HAL_DMAEx_MultiBufferStart) for HAL_DMAEx_MultiBufferStart
    task_init.o(i.DMAInit) refers to stm32f4xx_hal_uart.o(i.HAL_UART_Receive_DMA) for HAL_UART_Receive_DMA
    task_init.o(i.DMAInit) refers to stm32f4xx_hal_dma.o(i.HAL_DMA_Start_IT) for HAL_DMA_Start_IT
    task_init.o(i.DMAInit) refers to usart.o(.bss) for huart1
[...]
    TaskShoot_Handle                         0x20000030   Data           4  task_init.o(.data)
    TaskDebug_Handle                         0x20000034   Data           4  task_init.o(.data)
    TaskLED_Handle                           0x20000038   Data           4  task_init.o(.data)
    TaskUi_Handle                            0x2000003c   Data           4  task_init.o(.data)
    TaskSDIO_Handle                          0x20000040   Data           4  task_init.o(.data)
    TaskTOF_Handle                           0x20000044   Data           4  task_init.o(.data)
    protect                                  0x20000048   Data           4  task_protect.o(.data)
    GYRO_Rx_Mem                              0x20000054   Data           1  task_position.o(.data)
    GYRO_Rx_Mem2                             0x20000055   Data           1  task_position.o(.data)
    usart_this_time_rx_len                   0x20000056   Data           1  task_position.o(.data)
    a                                        0x20000058   Data           4  task_position.o(.data)
    i                                        0x2000005c   Data           1  task_position.o(.data)
    header_data                              0x20000060   Data           6  task_judge.o(.data)
    robot_interactive_data                   0x20000066   Data           4  task_judge.o(.data)
    ext_game_state                           0x2000006a   Data           3  task_judge.o(.data)
    ext_game_result                          0x2000006d   Data           1  task_judge.o(.data)
    ext_dart_status                          0x2000006e   Data           3  task_judge.o(.data)
    ext_event_data                           0x20000071   Data           4  task_judge.o(.data)
    ext_supply_projectile_action             0x20000075   Data           4  task_judge.o(.data)
    ext_referee_warning                      0x20000079   Data           2  task_judge.o(.data)
    ext_dart_remaining_time                  0x2000007b   Data           1  task_judge.o(.data)
    ext_buff_musk                            0x2000007c   Data           1  task_judge.o(.data)
    aerial_robot_energy                      0x2000007d   Data           2  task_judge.o(.data)
    ext_robot_hurt                           0x2000007f   Data           1  task_judge.o(.data)
    ext_shoot_data                           0x20000080   Data           6  task_judge.o(.data)
    ext_bullet_remaining                     0x20000086   Data           2  task_judge.o(.data)
    ext_rfid_status                          0x20000088   Data           4  task_judge.o(.data)
    bullet_max                               0x2000008c   Data           4  task_judge.o(.data)
    last_energy_point                        0x20000090   Data           2  task_judge.o(.data)
    judge1                                   0x20000094   Data           4  task_judge.o(.data)
    judge2                                   0x20000098   Data           4  task_judge.o(.data)
    judge3                                   0x2000009c   Data           4  task_judge.o(.data)
    counter                                  0x200000a0   Data           1  task_judge.o(.data)
    Jetson_Seq                               0x200000a4   Data           1  task_jetsoncomm.o(.data)
    Desire_Angle_Pitch                       0x200000a8   Data           4  task_jetsoncomm.o(.data)
    Desire_Angle_Yaw                         0x200000ac   Data           4  task_jetsoncomm.o(.data)
    Jetson_Angle_Pitch                       0x200000b0   Data           4  task_jetsoncomm.o(.data)
    Jetson_Angle_Yaw                         0x200000b4   Data           4  task_jetsoncomm.o(.data)
    Jetson_Speed_Pitch                       0x200000b8   Data           4  task_jetsoncomm.o(.data)
    Jetson_Speed_Yaw                         0x200000bc   Data           4  task_jetsoncomm.o(.data)
    Jetson_Acceleration_Pitch                0x200000c0   Data           4  task_jetsoncomm.o(.data)
    Jetson_Acceleration_Yaw                  0x200000c4   Data           4  task_jetsoncomm.o(.data)
    Pre_Speed_Pitch                          0x200000c8   Data           4  task_jetsoncomm.o(.data)
    Pre_Speed_Yaw                            0x200000cc   Data           4  task_jetsoncomm.o(.data)
    DataSendToJetson                         0x200000d0   Data          20  task_jetsoncomm.o(.data)
    DataSendToJetson_gyro                    0x200000e4   Data          16  task_jetsoncomm.o(.data)
    CommStatus                               0x200000f4   Data           4  task_jetsoncomm.o(.data)
    debug_len                                0x200000f8   Data           1  task_jetsoncomm.o(.data)
    RC_Rx_Mem                                0x20000108   Data           1  task_rc.o(.data)
    rc                                       0x2000010c   Data           4  task_rc.o(.data)
    FricHighChange                           0x20000111   Data           1  task_statemachine.o(.data)
    AutoShootChange                          0x20000112   Data           1  task_statemachine.o(.data)
    ShootStatusChange                        0x20000113   Data           1  task_statemachine.o(.data)
    gimbal                                   0x20000114   Data           4  task_gimbal.o(.data)
    BlockedWarningTimes                      0x20000124   Data           1  task_shoot.o(.data)
    cc                                       0x20000128   Data           4  task_shoot.o(.data)
    value                                    0x2000012c   Data           2  task_shoot.o(.data)
    Head                                     0x20000131   Data           2  task_debug.o(.data)
    Tail                                     0x20000133   Data           2  task_debug.o(.data)
    ui                                       0x20000138   Data           4  task_ui.o(.data)
    fric_chars                               0x2000013c   Data           4  task_ui.o(.data)
    auto_chars                               0x20000140   Data           4  task_ui.o(.data)
    attacking_chars                          0x20000144   Data           4  task_ui.o(.data)
    res1                                     0x2000014c   Data           1  task_sdio.o(.data)
    res2                                     0x2000014d   Data           1  task_sdio.o(.data)
    res3                                     0x2000014e   Data           1  task_sdio.o(.data)
    res4                                     0x2000014f   Data           1  task_sdio.o(.data)
    res5                                     0x20000150   Data           1  task_sdio.o(.data)
    res6                                     0x20000151   Data           1  task_sdio.o(.data)
    res7                                     0x20000152   Data           1  task_sdio.o(.data)
    byteswritten                             0x20000154   Data           4  task_sdio.o(.data)
    bytesread                                0x20000158   Data           4  task_sdio.o(.data)
    filename                                 0x2000015c   Data          14  task_sdio.o(.data)
    finalname                                0x2000016a   Data          21  task_sdio.o(.data)
    gamenum                                  0x2000017f   Data           4  task_sdio.o(.data)
    linenum                                  0x20000183   Data           4  task_sdio.o(.data)
    game_num                                 0x20000188   Data           4  task_sdio.o(.data)
    line_num                                 0x2000018c   Data           4  task_sdio.o(.data)
    game_num_temp                            0x20000190   Data           4  task_sdio.o(.data)
    newline                                  0x20000194   Data           8  task_sdio.o(.data)
    ctime                                    0x2000019c   Data          15  task_sdio.o(.data)
    sd                                       0x200001ac   Data           4  task_sdio.o(.data)
    time                                     0x200001b0   Data           4  task_sdio.o(.data)
    tof                                      0x200001b4   Data           4  task_tof.o(.data)
    retSD                                    0x200001c0   Data           1  fatfs.o(.data)
    SDPath                                   0x200001c1   Data           4  fatfs.o(.data)
    Task_InitHandle                          0x200001c8   Data           4  freertos.o(.data)
    uwTick                                   0x200001cc   Data           4  stm32f4xx_hal.o(.data)
    uwTickPrio                               0x200001d0   Data           4  stm32f4xx_hal.o(.data)
    uwTickFreq                               0x200001d4   Data           1  stm32f4xx_hal.o(.data)
    SystemCoreClock                          0x200001d8   Data           4  system_stm32f4xx.o(.data)
    pxCurrentTCB                             0x200001dc   Data           4  tasks.o(.data)
    q0                                       0x20000244   Data           4  func_imu_ob.o(.data)
    q1                                       0x20000248   Data           4  func_imu_ob.o(.data)
    q2                                       0x2000024c   Data           4  func_imu_ob.o(.data)
    q3                                       0x20000250   Data           4  func_imu_ob.o(.data)
    exInt                                    0x20000254   Data           4  func_imu_ob.o(.data)
    eyInt                                    0x20000258   Data           4  func_imu_ob.o(.data)
    ezInt                                    0x2000025c   Data           4  func_imu_ob.o(.data)
    last_update                              0x20000284   Data           4  func_imu_ob.o(.data)
    now_update                               0x20000288   Data           4  func_imu_ob.o(.data)
    ist_buff                                 0x2000029c   Data           6  func_imu_ob.o(.data)
    imu                                      0x200002a4   Data          56  func_imu_ob.o(.data)
    id                                       0x200002dc   Data           1  func_imu_ob.o(.data)
    PersonalGYRO                             0x200002ec   Data          36  task_position.o(.bss)
    PersonalGYRO2                            0x20000310   Data          36  task_position.o(.bss)
    GYRO                                     0x20000334   Data          36  task_position.o(.bss)
    GYROBuffer                               0x20000358   Data         158  task_position.o(.bss)
    GYROBuffer2                              0x200003f6   Data         158  task_position.o(.bss)
    value_buf                                0x20000494   Data         120  task_position.o(.bss)
    Judge_Receive_Buffer                     0x2000050c   Data         130  task_judge.o(.bss)
    custom_character                         0x2000058e   Data          45  task_judge.o(.bss)
    graphic_data                             0x200005bb   Data         105  task_judge.o(.bss)
    ext_game_robot_HP                        0x20000624   Data          32  task_judge.o(.bss)
    ext_game_robot_state                     0x20000644   Data          18  task_judge.o(.bss)
    ext_power_heat_data                      0x20000656   Data          16  task_judge.o(.bss)
    ext_game_robot_pos                       0x20000666   Data          16  task_judge.o(.bss)
    KF_Gimbal_Pitch                          0x20000678   Data         124  task_jetsoncomm.o(.bss)
    KF_Gimbal_Yaw                            0x200006f4   Data         124  task_jetsoncomm.o(.bss)
    KF_Gimbal_Pitch_init                     0x20000770   Data         192  task_jetsoncomm.o(.bss)
    KF_Gimbal_Yaw_init                       0x20000830   Data         192  task_jetsoncomm.o(.bss)
    JetsonFlag                               0x200008f0   Data         320  task_jetsoncomm.o(.bss)
    DataRecFromJetson_Temp                   0x20000a30   Data          16  task_jetsoncomm.o(.bss)
    DataRecFromJetson                        0x20000a40   Data          16  task_jetsoncomm.o(.bss)
    RC_ReceiveData                           0x20000a50   Data          24  task_rc.o(.bss)
    LastRC_ReceiveData                       0x20000a68   Data          24  task_rc.o(.bss)
    RCBuffer                                 0x20000a80   Data          50  task_rc.o(.bss)
    Can_TX_Message                           0x20000ab4   Data          36  task_cancomm.o(.bss)
    RxHeader                                 0x20000ad8   Data          28  task_cancomm.o(.bss)
    PitchMotor                               0x20000af4   Data         116  task_gimbal.o(.bss)
    YawMotor                                 0x20000b68   Data         116  task_gimbal.o(.bss)
    Gimbal                                   0x20000bdc   Data          48  task_gimbal.o(.bss)
    FricMotor_Left                           0x20000c0c   Data         116  task_shoot.o(.bss)
    FricMotor_Right                          0x20000c80   Data         116  task_shoot.o(.bss)
    StirMotor                                0x20000cf4   Data         116  task_shoot.o(.bss)
    UiFrame                                  0x20000d68   Data         128  task_ui.o(.bss)
    SDFatFs                                  0x20000de8   Data         572  task_sdio.o(.bss)
    MyFile                                   0x20001028   Data         600  task_sdio.o(.bss)
    cpos_x                                   0x20001280   Data          18  task_sdio.o(.bss)
    cpos_y                                   0x20001292   Data          18  task_sdio.o(.bss)
    cpos_z                                   0x200012a4   Data          18  task_sdio.o(.bss)
    cheight                                  0x200012b6   Data          18  task_sdio.o(.bss)
    cpitch                                   0x200012c8   Data          18  task_sdio.o(.bss)
    cyaw                                     0x200012da   Data          18  task_sdio.o(.bss)
    cfric                                    0x200012ec   Data          18  task_sdio.o(.bss)
    cspeed                                   0x200012fe   Data          18  task_sdio.o(.bss)
    TOFBuffer                                0x20001310   Data          19  task_tof.o(.bss)
    height_data_temp                         0x20001324   Data          16  task_tof.o(.bss)
    hcan1                                    0x20001334   Data          40  can.o(.bss)
    hsd                                      0x20001bcc   Data         132  sdio.o(.bss)
    hdma_sdio_rx                             0x20001c50   Data          96  sdio.o(.bss)
    hdma_sdio_tx                             0x20001cb0   Data          96  sdio.o(.bss)
    hspi5                                    0x20001d10   Data          88  spi.o(.bss)
    htim1                                    0x20001d68   Data          64  tim.o(.bss)
    htim3                                    0x20001da8   Data          64  tim.o(.bss)
    htim5                                    0x20001de8   Data          64  tim.o(.bss)
    huart4                                   0x20001e28   Data          64  usart.o(.bss)
    huart7                                   0x20001e68   Data          64  usart.o(.bss)
    huart8                                   0x20001ea8   Data          64  usart.o(.bss)
    huart1                                   0x20001ee8   Data          64  usart.o(.bss)
    huart3                                   0x20001f28   Data          64  usart.o(.bss)
    huart6                                   0x20001f68   Data          64  usart.o(.bss)
    hdma_uart4_rx                            0x20001fa8   Data          96  usart.o(.bss)
    hdma_uart7_rx                            0x20002008   Data          96  usart.o(.bss)
    hdma_uart8_rx                            0x20002068   Data          96  usart.o(.bss)
    hdma_usart1_rx                           0x200020c8   Data          96  usart.o(.bss)
    hdma_usart3_rx                           0x20002128   Data          96  usart.o(.bss)
    hdma_usart3_tx                           0x20002188   Data          96  usart.o(.bss)
    hdma_usart6_rx                           0x200021e8   Data          96  usart.o(.bss)
    hdma_usart6_tx                           0x20002248   Data          96  usart.o(.bss)
    htim2                                    0x200022a8   Data          64  stm32f4xx_hal_timebase_tim.o(.bss)
    xQueueRegistry                           0x200022e8   Data          64  queue.o(.bss)
    mpu_buff                                 0x20007418   Data          14  func_imu_ob.o(.bss)
    mpu_data                                 0x20007426   Data          32  func_imu_ob.o(.bss)
    disk                                     0x20007468   Data          12  ff_gen_drv.o(.bss)
    __initial_sp                             0x20008478   Data           0  startup_stm32f427xx.o(STACK)



==============================================================================

Memory Map of the image

  Image Entry point : 0x080001ad

  Load Region LR_IROM1 (Base: 0x08000000, Size: 0x0003ed70, Max: 0x00200000, ABSOLUTE, COMPRESSED[0x0003eaec])

    Execution Region ER_IROM1 (Exec base: 0x08000000, Load base: 0x08000000, Size: 0x0003ea84, Max: 0x00200000, ABSOLUTE)

    Exec Addr    Load Addr    Size         Type   Attr      Idx    E Section Name        Object

    0x08000000   0x08000000   0x000001ac   Data   RO         2222    RESET               startup_stm32f427xx.o
    0x080001ac   0x080001ac   0x00000000   Code   RO         8360  * .ARM.Collect$$$$00000000  mc_w.l(entry.o)
    0x080001ac   0x080001ac   0x00000004   Code   RO         8699    .ARM.Collect$$$$00000001  mc_w.l(entry2.o)
    0x080001b0   0x080001b0   0x00000004   Code   RO         8702    .ARM.Collect$$$$00000004  mc_w.l(entry5.o)
    0x080001b4   0x080001b4   0x00000000   Code   RO         8704    .ARM.Collect$$$$00000008  mc_w.l(entry7b.o)
    0x080001b4   0x080001b4   0x00000000   Code   RO         8706    .ARM.Collect$$$$0000000A  mc_w.l(entry8b.o)
    0x080001b4   0x080001b4   0x00000008   Code   RO         8707    .ARM.Collect$$$$0000000B  mc_w.l(entry9a.o)
    0x080001bc   0x080001bc   0x00000000   Code   RO         8709    .ARM.Collect$$$$0000000D  mc_w.l(entry10a.o)
    0x080001bc   0x080001bc   0x00000000   Code   RO         8711    .ARM.Collect$$$$0000000F  mc_w.l(entry11a.o)
    0x080001bc   0x080001bc   0x00000004   Code   RO         8700    .ARM.Collect$$$$00002712  mc_w.l(entry2.o)
    0x080001c0   0x080001c0   0x000000be   Code   RO         7269    .emb_text           port.o
    0x0800027e   0x0800027e   0x00000002   PAD
    0x08000280   0x08000280   0x00000024   Code   RO         2223    .text               startup_stm32f427xx.o
    0x080002a4   0x080002a4   0x00000008   Code   RO         8185    .text               arm_cortexM4l_math.lib(arm_mat_init_f32.o)
    0x080002ac   0x080002ac   0x000000fc   Code   RO         8281    .text               arm_cortexM4l_math.lib(arm_mat_trans_f32.o)
    0x080003a8   0x080003a8   0x00000062   Code   RO         8363    .text               mc_w.l(uldiv.o)
    0x0800040a   0x0800040a   0x00000024   Code   RO         8365    .text               mc_w.l(memcpya.o)
    0x0800042e   0x0800042e   0x00000024   Code   RO         8369    .text               mc_w.l(memseta.o)
    0x08000452   0x08000452   0x0000014e   Code   RO         8644    .text               mf_w.l(dadd.o)
    0x080005a0   0x080005a0   0x000000e4   Code   RO         8646    .text               mf_w.l(dmul.o)
    0x08000684   0x08000684   0x000000de   Code   RO         8648    .text               mf_w.l(ddiv.o)
    0x08000762   0x08000762   0x00000022   Code   RO         8652    .text               mf_w.l(dflti.o)
    0x08000784   0x08000784   0x00000026   Code   RO         8654    .text               mf_w.l(f2d.o)
    0x080007aa   0x080007aa   0x00000002   PAD
    0x080007ac   0x080007ac   0x00000030   Code   RO         8656    .text               mf_w.l(cdcmple.o)
    0x080007dc   0x080007dc   0x00000030   Code   RO         8658    .text               mf_w.l(cdrcmple.o)
    0x0800080c   0x0800080c   0x00000038   Code   RO         8660    .text               mf_w.l(d2f.o)
    0x08000844   0x08000844   0x0000001e   Code   RO         8718    .text               mc_w.l(llshl.o)
    0x08000862   0x08000862   0x00000020   Code   RO         8720    .text               mc_w.l(llushr.o)
    0x08000882   0x08000882   0x00000024   Code   RO         8722    .text               mc_w.l(llsshr.o)
    0x080008a6   0x080008a6   0x00000000   Code   RO         8731    .text               mc_w.l(iusefp.o)
    0x080008a6   0x080008a6   0x0000006e   Code   RO         8732    .text               mf_w.l(fepilogue.o)
    0x08000914   0x08000914   0x000000ba   Code   RO         8734    .text               mf_w.l(depilogue.o)
    0x080009ce   0x080009ce   0x0000002e   Code   RO         8736    .text               mf_w.l(dscalb.o)
    0x080009fc   0x080009fc   0x000000a2   Code   RO         8738    .text               mf_w.l(dsqrt.o)
    0x08000a9e   0x08000a9e   0x00000002   PAD
    0x08000aa0   0x08000aa0   0x00000024   Code   RO         8742    .text               mc_w.l(init.o)
    0x08000ac4   0x08000ac4   0x00000056   Code   RO         8754    .text               mc_w.l(__dczerorl2.o)
    0x08000b1a   0x08000b1a   0x00000002   PAD
    0x08000b1c   0x08000b1c   0x00000030   Code   RO            4    i.Append_CRC16_Check_Sum  system.o
    0x08000b4c   0x08000b4c   0x00000024   Code   RO            5    i.Append_CRC8_Check_Sum  system.o
    0x08000b70   0x08000b70   0x00000002   Code   RO         1454    i.BSP_SD_AbortCallback  bsp_driver_sd.o
    0x08000b72   0x08000b72   0x00000002   PAD
    0x08000b74   0x08000b74   0x00000014   Code   RO         1457    i.BSP_SD_GetCardInfo  bsp_driver_sd.o
    0x08000b88   0x08000b88   0x00000018   Code   RO         1458    i.BSP_SD_GetCardState  bsp_driver_sd.o
    0x08000ba0   0x08000ba0   0x00000030   Code   RO         1460    i.BSP_SD_Init       bsp_driver_sd.o
    0x08000bd0   0x08000bd0   0x0000000c   Code   RO         1461    i.BSP_SD_IsDetected  bsp_driver_sd.o
    0x08000bdc   0x08000bdc   0x00000028   Code   RO         1463    i.BSP_SD_ReadBlocks_DMA  bsp_driver_sd.o
    0x08000c04   0x08000c04   0x00000014   Code   RO         1575    i.BSP_SD_ReadCpltCallback  sd_diskio.o
    0x08000c18   0x08000c18   0x00000028   Code   RO         1466    i.BSP_SD_WriteBlocks_DMA  bsp_driver_sd.o
    0x08000c40   0x08000c40   0x00000014   Code   RO         1576    i.BSP_SD_WriteCpltCallback  sd_diskio.o
    0x08000c54   0x08000c54   0x00000004   Code   RO         1985    i.BusFault_Handler  stm32f4xx_it.o
    0x08000c58   0x08000c58   0x00000010   Code   RO         1986    i.CAN1_RX0_IRQHandler  stm32f4xx_it.o
    0x08000c68   0x08000c68   0x00000048   Code   RO          499    i.CanInit           task_init.o
    0x08000cb0   0x08000cb0   0x00000012   Code   RO            6    i.CharToInt         system.o
    0x08000cc2   0x08000cc2   0x00000002   PAD
    0x08000cc4   0x08000cc4   0x00000010   Code   RO         1987    i.DMA1_Stream1_IRQHandler  stm32f4xx_it.o
    0x08000cd4   0x08000cd4   0x00000010   Code   RO         1988    i.DMA1_Stream2_IRQHandler  stm32f4xx_it.o
    0x08000ce4   0x08000ce4   0x00000010   Code   RO         1989    i.DMA1_Stream3_IRQHandler  stm32f4xx_it.o
    0x08000cf4   0x08000cf4   0x00000010   Code   RO         1990    i.DMA1_Stream4_IRQHandler  stm32f4xx_it.o
    0x08000d04   0x08000d04   0x00000010   Code   RO         1991    i.DMA1_Stream6_IRQHandler  stm32f4xx_it.o
    0x08000d14   0x08000d14   0x00000010   Code   RO         1992    i.DMA2_Stream1_IRQHandler  stm32f4xx_it.o
    0x08000d24   0x08000d24   0x00000010   Code   RO         1993    i.DMA2_Stream2_IRQHandler  stm32f4xx_it.o
    0x08000d34   0x08000d34   0x00000010   Code   RO         1994    i.DMA2_Stream3_IRQHandler  stm32f4xx_it.o
    0x08000d44   0x08000d44   0x00000010   Code   RO         1995    i.DMA2_Stream6_IRQHandler  stm32f4xx_it.o
    0x08000d54   0x08000d54   0x00000010   Code   RO         1996    i.DMA2_Stream7_IRQHandler  stm32f4xx_it.o
    0x08000d64   0x08000d64   0x000000f4   Code   RO          500    i.DMAInit           task_init.o
    0x08000e58   0x08000e58   0x00000034   Code   RO         3025    i.DMA_CalcBaseAndBitshift  stm32f4xx_hal_dma.o
    0x08000e8c   0x08000e8c   0x000000aa   Code   RO         3026    i.DMA_CheckFifoParam  stm32f4xx_hal_dma.o
    0x08000f36   0x08000f36   0x00000020   Code   RO         2984    i.DMA_MultiBufferSetConfig  stm32f4xx_hal_dma_ex.o
    0x08000f56   0x08000f56   0x0000002c   Code   RO         3027    i.DMA_SetConfig     stm32f4xx_hal_dma.o
    0x08000f82   0x08000f82   0x00000002   Code   RO         1224    i.DataPrepareSD     task_sdio.o
    0x08000f84   0x08000f84   0x00000002   Code   RO         1997    i.DebugMon_Handler  stm32f4xx_it.o
    0x08000f86   0x08000f86   0x00000002   Code   RO         1309    i.Error_Handler     main.o
    0x08000f88   0x08000f88   0x00000012   Code   RO         8003    i.FATFS_LinkDriver  ff_gen_drv.o
    0x08000f9a   0x08000f9a   0x00000002   PAD
    0x08000f9c   0x08000f9c   0x00000054   Code   RO         8004    i.FATFS_LinkDriverEx  ff_gen_drv.o
    0x08000ff0   0x08000ff0   0x00000794   Code   RO         1111    i.FrameUpdata       task_ui.o
    0x08001784   0x08001784   0x00000034   Code   RO            8    i.Get_CRC16_Check_Sum  system.o
    0x080017b8   0x080017b8   0x00000024   Code   RO            9    i.Get_CRC8_Check_Sum  system.o
    0x080017dc   0x080017dc   0x000000a0   Code   RO          780    i.Get_Channel_Val   task_rc.o
    0x0800187c   0x0800187c   0x00000120   Code   RO          781    i.Get_Keyboard_Val  task_rc.o
    0x0800199c   0x0800199c   0x00000018   Code   RO          782    i.Get_Mouse_Pressed  task_rc.o
    0x080019b4   0x080019b4   0x00000024   Code   RO          783    i.Get_Mouse_Speed   task_rc.o
    0x080019d8   0x080019d8   0x00000104   Code   RO         1112    i.Get_Shoot_Status  task_ui.o
    0x08001adc   0x08001adc   0x00000016   Code   RO          784    i.Get_Switch_Val    task_rc.o
    0x08001af2   0x08001af2   0x00000002   PAD
    0x08001af4   0x08001af4   0x0000035c   Code   RO          940    i.Gimbal_Control    task_gimbal.o
    0x08001e50   0x08001e50   0x000001f0   Code   RO          941    i.Gimbal_Init       task_gimbal.o
    0x08002040   0x08002040   0x000000f8   Code   RO          583    i.Gimbal_PositionSet  task_position.o
    0x08002138   0x08002138   0x0000008c   Code   RO          943    i.Gimbal_SetPosition  task_gimbal.o
    0x080021c4   0x080021c4   0x0000010c   Code   RO          944    i.Gimbal_StartMove  task_gimbal.o
    0x080022d0   0x080022d0   0x0000002a   Code   RO         2231    i.HAL_CAN_ActivateNotification  stm32f4xx_hal_can.o
    0x080022fa   0x080022fa   0x00000156   Code   RO         2232    i.HAL_CAN_AddTxMessage  stm32f4xx_hal_can.o
    0x08002450   0x08002450   0x00000124   Code   RO         2233    i.HAL_CAN_ConfigFilter  stm32f4xx_hal_can.o
    0x08002574   0x08002574   0x00000002   Code   RO         2236    i.HAL_CAN_ErrorCallback  stm32f4xx_hal_can.o
    0x08002576   0x08002576   0x0000017a   Code   RO         2239    i.HAL_CAN_GetRxMessage  stm32f4xx_hal_can.o
    0x080026f0   0x080026f0   0x0000024e   Code   RO         2243    i.HAL_CAN_IRQHandler  stm32f4xx_hal_can.o
    0x0800293e   0x0800293e   0x00000174   Code   RO         2244    i.HAL_CAN_Init      stm32f4xx_hal_can.o
    0x08002ab2   0x08002ab2   0x00000002   PAD
    0x08002ab4   0x08002ab4   0x00000098   Code   RO         1389    i.HAL_CAN_MspInit   can.o
    0x08002b4c   0x08002b4c   0x00000002   Code   RO         2251    i.HAL_CAN_RxFifo0FullCallback  stm32f4xx_hal_can.o
    0x08002b4e   0x08002b4e   0x00000002   PAD
    0x08002b50   0x08002b50   0x00000254   Code   RO          859    i.HAL_CAN_RxFifo0MsgPendingCallback  task_cancomm.o
    0x08002da4   0x08002da4   0x00000002   Code   RO         2253    i.HAL_CAN_RxFifo1FullCallback  stm32f4xx_hal_can.o
    0x08002da6   0x08002da6   0x00000002   Code   RO         2254    i.HAL_CAN_RxFifo1MsgPendingCallback  stm32f4xx_hal_can.o
    0x08002da8   0x08002da8   0x00000002   Code   RO         2255    i.HAL_CAN_SleepCallback  stm32f4xx_hal_can.o
    0x08002daa   0x08002daa   0x0000005e   Code   RO         2256    i.HAL_CAN_Start     stm32f4xx_hal_can.o
    0x08002e08   0x08002e08   0x00000002   Code   RO         2258    i.HAL_CAN_TxMailbox0AbortCallback  stm32f4xx_hal_can.o
    0x08002e0a   0x08002e0a   0x00000002   Code   RO         2259    i.HAL_CAN_TxMailbox0CompleteCallback  stm32f4xx_hal_can.o
    0x08002e0c   0x08002e0c   0x00000002   Code   RO         2260    i.HAL_CAN_TxMailbox1AbortCallback  stm32f4xx_hal_can.o
    0x08002e0e   0x08002e0e   0x00000002   Code   RO         2261    i.HAL_CAN_TxMailbox1CompleteCallback  stm32f4xx_hal_can.o
    0x08002e10   0x08002e10   0x00000002   Code   RO         2262    i.HAL_CAN_TxMailbox2AbortCallback  stm32f4xx_hal_can.o
    0x08002e12   0x08002e12   0x00000002   Code   RO         2263    i.HAL_CAN_TxMailbox2CompleteCallback  stm32f4xx_hal_can.o
    0x08002e14   0x08002e14   0x00000002   Code   RO         2265    i.HAL_CAN_WakeUpFromRxMsgCallback  stm32f4xx_hal_can.o
    0x08002e16   0x08002e16   0x0000007c   Code   RO         2986    i.HAL_DMAEx_MultiBufferStart  stm32f4xx_hal_dma_ex.o
    0x08002e92   0x08002e92   0x00000028   Code   RO         3029    i.HAL_DMA_Abort_IT  stm32f4xx_hal_dma.o
    0x08002eba   0x08002eba   0x00000006   Code   RO         3031    i.HAL_DMA_GetError  stm32f4xx_hal_dma.o
    0x08002ec0   0x08002ec0   0x00000240   Code   RO         3033    i.HAL_DMA_IRQHandler  stm32f4xx_hal_dma.o
    0x08003100   0x08003100   0x000000ec   Code   RO         3034    i.HAL_DMA_Init      stm32f4xx_hal_dma.o
    0x080031ec   0x080031ec   0x00000092   Code   RO         3038    i.HAL_DMA_Start_IT  stm32f4xx_hal_dma.o
    0x0800327e   0x0800327e   0x00000002   PAD
    0x08003280   0x08003280   0x00000028   Code   RO         3470    i.HAL_Delay         stm32f4xx_hal.o
    0x080032a8   0x080032a8   0x0000021c   Code   RO         2921    i.HAL_GPIO_Init     stm32f4xx_hal_gpio.o
    0x080034c4   0x080034c4   0x00000012   Code   RO         2924    i.HAL_GPIO_TogglePin  stm32f4xx_hal_gpio.o
    0x080034d6   0x080034d6   0x0000000c   Code   RO         2925    i.HAL_GPIO_WritePin  stm32f4xx_hal_gpio.o
    0x080034e2   0x080034e2   0x00000002   PAD
    0x080034e4   0x080034e4   0x0000000c   Code   RO         3478    i.HAL_GetTick       stm32f4xx_hal.o
    0x080034f0   0x080034f0   0x00000018   Code   RO         3484    i.HAL_IncTick       stm32f4xx_hal.o
    0x08003508   0x08003508   0x0000003c   Code   RO         3485    i.HAL_Init          stm32f4xx_hal.o
    0x08003544   0x08003544   0x00000088   Code   RO         2184    i.HAL_InitTick      stm32f4xx_hal_timebase_tim.o
    0x080035cc   0x080035cc   0x00000054   Code   RO         2160    i.HAL_MspInit       stm32f4xx_hal_msp.o
    0x08003620   0x08003620   0x00000020   Code   RO         3328    i.HAL_NVIC_EnableIRQ  stm32f4xx_hal_cortex.o
    0x08003640   0x08003640   0x0000007c   Code   RO         3334    i.HAL_NVIC_SetPriority  stm32f4xx_hal_cortex.o
    0x080036bc   0x080036bc   0x00000028   Code   RO         3335    i.HAL_NVIC_SetPriorityGrouping  stm32f4xx_hal_cortex.o
    0x080036e4   0x080036e4   0x00000184   Code   RO         2465    i.HAL_RCC_ClockConfig  stm32f4xx_hal_rcc.o
    0x08003868   0x08003868   0x00000044   Code   RO         2469    i.HAL_RCC_GetClockConfig  stm32f4xx_hal_rcc.o
    0x080038ac   0x080038ac   0x0000000c   Code   RO         2470    i.HAL_RCC_GetHCLKFreq  stm32f4xx_hal_rcc.o
    0x080038b8   0x080038b8   0x00000020   Code   RO         2472    i.HAL_RCC_GetPCLK1Freq  stm32f4xx_hal_rcc.o
    0x080038d8   0x080038d8   0x00000020   Code   RO         2473    i.HAL_RCC_GetPCLK2Freq  stm32f4xx_hal_rcc.o
    0x080038f8   0x080038f8   0x000000b0   Code   RO         2474    i.HAL_RCC_GetSysClockFreq  stm32f4xx_hal_rcc.o
    0x080039a8   0x080039a8   0x00000488   Code   RO         2477    i.HAL_RCC_OscConfig  stm32f4xx_hal_rcc.o
    0x08003e30   0x08003e30   0x0000000a   Code   RO         1468    i.HAL_SD_AbortCallback  bsp_driver_sd.o
    0x08003e3a   0x08003e3a   0x00000002   PAD
    0x08003e3c   0x08003e3c   0x000000a8   Code   RO         4012    i.HAL_SD_ConfigWideBusOperation  stm32f4xx_hal_sd.o
    0x08003ee4   0x08003ee4   0x00000002   Code   RO         4015    i.HAL_SD_ErrorCallback  stm32f4xx_hal_sd.o
    0x08003ee6   0x08003ee6   0x00000002   PAD
    0x08003ee8   0x08003ee8   0x000001c8   Code   RO         4017    i.HAL_SD_GetCardCSD  stm32f4xx_hal_sd.o
    0x080040b0   0x080040b0   0x00000026   Code   RO         4018    i.HAL_SD_GetCardInfo  stm32f4xx_hal_sd.o
    0x080040d6   0x080040d6   0x00000024   Code   RO         4019    i.HAL_SD_GetCardState  stm32f4xx_hal_sd.o
    0x080040fa   0x080040fa   0x00000002   PAD
    0x080040fc   0x080040fc   0x0000021c   Code   RO         4023    i.HAL_SD_IRQHandler  stm32f4xx_hal_sd.o
    0x08004318   0x08004318   0x0000003c   Code   RO         4024    i.HAL_SD_Init       stm32f4xx_hal_sd.o
    0x08004354   0x08004354   0x00000084   Code   RO         4025    i.HAL_SD_InitCard   stm32f4xx_hal_sd.o
    0x080043d8   0x080043d8   0x0000018c   Code   RO         1758    i.HAL_SD_MspInit    sdio.o
    0x08004564   0x08004564   0x00000154   Code   RO         4029    i.HAL_SD_ReadBlocks_DMA  stm32f4xx_hal_sd.o
    0x080046b8   0x080046b8   0x0000000a   Code   RO         1469    i.HAL_SD_RxCpltCallback  bsp_driver_sd.o
    0x080046c2   0x080046c2   0x0000000a   Code   RO         1470    i.HAL_SD_TxCpltCallback  bsp_driver_sd.o
    0x080046cc   0x080046cc   0x00000158   Code   RO         4034    i.HAL_SD_WriteBlocks_DMA  stm32f4xx_hal_sd.o
    0x08004824   0x08004824   0x0000008c   Code   RO         4275    i.HAL_SPI_Init      stm32f4xx_hal_spi.o
    0x080048b0   0x080048b0   0x00000088   Code   RO         1800    i.HAL_SPI_MspInit   spi.o
    0x08004938   0x08004938   0x0000022a   Code   RO         4284    i.HAL_SPI_TransmitReceive  stm32f4xx_hal_spi.o
    0x08004b62   0x08004b62   0x00000002   Code   RO         5274    i.HAL_TIMEx_BreakCallback  stm32f4xx_hal_tim_ex.o
    0x08004b64   0x08004b64   0x00000002   Code   RO         5275    i.HAL_TIMEx_CommutCallback  stm32f4xx_hal_tim_ex.o
    0x08004b66   0x08004b66   0x00000074   Code   RO         5277    i.HAL_TIMEx_ConfigBreakDeadTime  stm32f4xx_hal_tim_ex.o
    0x08004bda   0x08004bda   0x00000002   PAD
    0x08004bdc   0x08004bdc   0x000000b4   Code   RO         5292    i.HAL_TIMEx_MasterConfigSynchronization  stm32f4xx_hal_tim_ex.o
    0x08004c90   0x08004c90   0x00000034   Code   RO         4588    i.HAL_TIM_Base_Init  stm32f4xx_hal_tim.o
    0x08004cc4   0x08004cc4   0x00000048   Code   RO         1842    i.HAL_TIM_Base_MspInit  tim.o
    0x08004d0c   0x08004d0c   0x0000002a   Code   RO         4593    i.HAL_TIM_Base_Start_IT  stm32f4xx_hal_tim.o
    0x08004d36   0x08004d36   0x00000108   Code   RO         4597    i.HAL_TIM_ConfigClockSource  stm32f4xx_hal_tim.o
    0x08004e3e   0x08004e3e   0x00000002   Code   RO         4617    i.HAL_TIM_IC_CaptureCallback  stm32f4xx_hal_tim.o
    0x08004e40   0x08004e40   0x00000196   Code   RO         4631    i.HAL_TIM_IRQHandler  stm32f4xx_hal_tim.o
    0x08004fd6   0x08004fd6   0x00000002   PAD
    0x08004fd8   0x08004fd8   0x000000ec   Code   RO         1843    i.HAL_TIM_MspPostInit  tim.o
    0x080050c4   0x080050c4   0x00000002   Code   RO         4634    i.HAL_TIM_OC_DelayElapsedCallback  stm32f4xx_hal_tim.o
    0x080050c6   0x080050c6   0x00000108   Code   RO         4655    i.HAL_TIM_PWM_ConfigChannel  stm32f4xx_hal_tim.o
    0x080051ce   0x080051ce   0x00000034   Code   RO         4658    i.HAL_TIM_PWM_Init  stm32f4xx_hal_tim.o
    0x08005202   0x08005202   0x00000002   PAD
    0x08005204   0x08005204   0x00000064   Code   RO         1845    i.HAL_TIM_PWM_MspInit  tim.o
    0x08005268   0x08005268   0x00000002   Code   RO         4661    i.HAL_TIM_PWM_PulseFinishedCallback  stm32f4xx_hal_tim.o
    0x0800526a   0x0800526a   0x00000002   PAD
    0x0800526c   0x0800526c   0x00000058   Code   RO         4663    i.HAL_TIM_PWM_Start  stm32f4xx_hal_tim.o
    0x080052c4   0x080052c4   0x00000024   Code   RO         1310    i.HAL_TIM_PeriodElapsedCallback  main.o
    0x080052e8   0x080052e8   0x00000002   Code   RO         4674    i.HAL_TIM_TriggerCallback  stm32f4xx_hal_tim.o
    0x080052ea   0x080052ea   0x00000002   Code   RO         5546    i.HAL_UART_ErrorCallback  stm32f4xx_hal_uart.o
    0x080052ec   0x080052ec   0x00000154   Code   RO         5549    i.HAL_UART_IRQHandler  stm32f4xx_hal_uart.o
    0x08005440   0x08005440   0x00000072   Code   RO         5550    i.HAL_UART_Init     stm32f4xx_hal_uart.o
    0x080054b2   0x080054b2   0x00000002   PAD
    0x080054b4   0x080054b4   0x00000560   Code   RO         1914    i.HAL_UART_MspInit  usart.o
    0x08005a14   0x08005a14   0x000000c4   Code   RO         5554    i.HAL_UART_Receive_DMA  stm32f4xx_hal_uart.o
    0x08005ad8   0x08005ad8   0x00000002   Code   RO         5556    i.HAL_UART_RxCpltCallback  stm32f4xx_hal_uart.o
    0x08005ada   0x08005ada   0x00000002   Code   RO         5557    i.HAL_UART_RxHalfCpltCallback  stm32f4xx_hal_uart.o
    0x08005adc   0x08005adc   0x000000d8   Code   RO         5558    i.HAL_UART_Transmit  stm32f4xx_hal_uart.o
    0x08005bb4   0x08005bb4   0x0000009c   Code   RO         5559    i.HAL_UART_Transmit_DMA  stm32f4xx_hal_uart.o
    0x08005c50   0x08005c50   0x00000002   Code   RO         5561    i.HAL_UART_TxCpltCallback  stm32f4xx_hal_uart.o
    0x08005c52   0x08005c52   0x00000002   Code   RO         5562    i.HAL_UART_TxHalfCpltCallback  stm32f4xx_hal_uart.o
    0x08005c54   0x08005c54   0x00000004   Code   RO         1998    i.HardFault_Handler  stm32f4xx_it.o
    0x08005c58   0x08005c58   0x00000074   Code   RO         1113    i.InitPeripheral_UI  task_ui.o
    0x08005ccc   0x08005ccc   0x00000030   Code   RO           10    i.Int_to_Char       system.o
    0x08005cfc   0x08005cfc   0x000000a8   Code   RO          701    i.JetsonCommUart_ReConfig_In_IRQHandler  task_jetsoncomm.o
    0x08005da4   0x08005da4   0x00000334   Code   RO          702    i.JetsonComm_Control  task_jetsoncomm.o
    0x080060d8   0x080060d8   0x00000194   Code   RO          704    i.KF_Init           task_jetsoncomm.o
    0x0800626c   0x0800626c   0x00000048   Code   RO         1390    i.MX_CAN1_Init      can.o
    0x080062b4   0x080062b4   0x000000e8   Code   RO         1430    i.MX_DMA_Init       dma.o
    0x0800639c   0x0800639c   0x0000001c   Code   RO         1658    i.MX_FATFS_Init     fatfs.o
    0x080063b8   0x080063b8   0x00000028   Code   RO         1695    i.MX_FREERTOS_Init  freertos.o
    0x080063e0   0x080063e0   0x000001c0   Code   RO         1364    i.MX_GPIO_Init      gpio.o
    0x080065a0   0x080065a0   0x00000024   Code   RO         1759    i.MX_SDIO_SD_Init   sdio.o
    0x080065c4   0x080065c4   0x00000044   Code   RO         1801    i.MX_SPI5_Init      spi.o
    0x08006608   0x08006608   0x000000d8   Code   RO         1846    i.MX_TIM1_Init      tim.o
    0x080066e0   0x080066e0   0x0000007c   Code   RO         1847    i.MX_TIM3_Init      tim.o
    0x0800675c   0x0800675c   0x0000006c   Code   RO         1848    i.MX_TIM5_Init      tim.o
    0x080067c8   0x080067c8   0x00000038   Code   RO         1915    i.MX_UART4_Init     usart.o
    0x08006800   0x08006800   0x00000038   Code   RO         1916    i.MX_UART7_Init     usart.o
    0x08006838   0x08006838   0x00000038   Code   RO         1917    i.MX_UART8_Init     usart.o
    0x08006870   0x08006870   0x0000003c   Code   RO         1918    i.MX_USART1_UART_Init  usart.o
    0x080068ac   0x080068ac   0x00000038   Code   RO         1919    i.MX_USART3_UART_Init  usart.o
    0x080068e4   0x080068e4   0x00000038   Code   RO         1920    i.MX_USART6_UART_Init  usart.o
    0x0800691c   0x0800691c   0x00000004   Code   RO         1999    i.MemManage_Handler  stm32f4xx_it.o
    0x08006920   0x08006920   0x000000c4   Code   RO         1001    i.Motor_Blocked_Detect  task_shoot.o
    0x080069e4   0x080069e4   0x000000bc   Code   RO           12    i.Motor_CanSend_Gimbal  system.o
    0x08006aa0   0x08006aa0   0x000000f8   Code   RO           13    i.Motor_CanSend_Shoot  system.o
    0x08006b98   0x08006b98   0x00000002   Code   RO         2000    i.NMI_Handler       stm32f4xx_it.o
    0x08006b9a   0x08006b9a   0x00000002   PAD
    0x08006b9c   0x08006b9c   0x00000350   Code   RO           15    i.PID_Calculation   system.o
    0x08006eec   0x08006eec   0x00000060   Code   RO          586    i.PositionInit      task_position.o
    0x08006f4c   0x08006f4c   0x000001d8   Code   RO          785    i.RC_Data_Update    task_rc.o
    0x08007124   0x08007124   0x0000004c   Code   RO          786    i.RC_InitConfig     task_rc.o
    0x08007170   0x08007170   0x000000f0   Code   RO          787    i.RC_UART_IRQHandler  task_rc.o
    0x08007260   0x08007260   0x00000084   Code   RO          649    i.RefereeReceive    task_judge.o
    0x080072e4   0x080072e4   0x00000084   Code   RO          650    i.Referee_IDLECallback  task_judge.o
    0x08007368   0x08007368   0x000001e4   Code   RO          651    i.Referee_Receive_Data_Processing  task_judge.o
    0x0800754c   0x0800754c   0x0000002c   Code   RO         3733    i.SDIO_ConfigData   stm32f4xx_ll_sdmmc.o
    0x08007578   0x08007578   0x00000008   Code   RO         3734    i.SDIO_GetCommandResponse  stm32f4xx_ll_sdmmc.o
    0x08007580   0x08007580   0x0000000a   Code   RO         3737    i.SDIO_GetPowerState  stm32f4xx_ll_sdmmc.o
    0x0800758a   0x0800758a   0x0000000c   Code   RO         3738    i.SDIO_GetResponse  stm32f4xx_ll_sdmmc.o
    0x08007596   0x08007596   0x00000002   PAD
    0x08007598   0x08007598   0x00000010   Code   RO         2001    i.SDIO_IRQHandler   stm32f4xx_it.o
    0x080075a8   0x080075a8   0x00000034   Code   RO         3739    i.SDIO_Init         stm32f4xx_ll_sdmmc.o
    0x080075dc   0x080075dc   0x00000012   Code   RO         3741    i.SDIO_PowerState_ON  stm32f4xx_ll_sdmmc.o
    0x080075ee   0x080075ee   0x00000008   Code   RO         3742    i.SDIO_ReadFIFO     stm32f4xx_ll_sdmmc.o
    0x080075f6   0x080075f6   0x00000028   Code   RO         3743    i.SDIO_SendCommand  stm32f4xx_ll_sdmmc.o
    0x0800761e   0x0800761e   0x0000000c   Code   RO         3745    i.SDIO_WriteFIFO    stm32f4xx_ll_sdmmc.o
    0x0800762a   0x0800762a   0x00000038   Code   RO         3746    i.SDMMC_CmdAppCommand  stm32f4xx_ll_sdmmc.o
    0x08007662   0x08007662   0x00000002   PAD
    0x08007664   0x08007664   0x0000003c   Code   RO         3747    i.SDMMC_CmdAppOperCommand  stm32f4xx_ll_sdmmc.o
    0x080076a0   0x080076a0   0x00000038   Code   RO         3748    i.SDMMC_CmdBlockLength  stm32f4xx_ll_sdmmc.o
    0x080076d8   0x080076d8   0x00000038   Code   RO         3749    i.SDMMC_CmdBusWidth  stm32f4xx_ll_sdmmc.o
    0x08007710   0x08007710   0x0000002c   Code   RO         3753    i.SDMMC_CmdGoIdleState  stm32f4xx_ll_sdmmc.o
    0x0800773c   0x0800773c   0x00000034   Code   RO         3755    i.SDMMC_CmdOperCond  stm32f4xx_ll_sdmmc.o
    0x08007770   0x08007770   0x00000038   Code   RO         3756    i.SDMMC_CmdReadMultiBlock  stm32f4xx_ll_sdmmc.o
    0x080077a8   0x080077a8   0x00000038   Code   RO         3757    i.SDMMC_CmdReadSingleBlock  stm32f4xx_ll_sdmmc.o
    0x080077e0   0x080077e0   0x0000003a   Code   RO         3760    i.SDMMC_CmdSelDesel  stm32f4xx_ll_sdmmc.o
    0x0800781a   0x0800781a   0x00000032   Code   RO         3761    i.SDMMC_CmdSendCID  stm32f4xx_ll_sdmmc.o
    0x0800784c   0x0800784c   0x00000032   Code   RO         3762    i.SDMMC_CmdSendCSD  stm32f4xx_ll_sdmmc.o
    0x0800787e   0x0800787e   0x00000038   Code   RO         3763    i.SDMMC_CmdSendSCR  stm32f4xx_ll_sdmmc.o
    0x080078b6   0x080078b6   0x00000038   Code   RO         3764    i.SDMMC_CmdSendStatus  stm32f4xx_ll_sdmmc.o
    0x080078ee   0x080078ee   0x00000038   Code   RO         3765    i.SDMMC_CmdSetRelAdd  stm32f4xx_ll_sdmmc.o
    0x08007926   0x08007926   0x00000002   PAD
    0x08007928   0x08007928   0x0000003c   Code   RO         3767    i.SDMMC_CmdStopTransfer  stm32f4xx_ll_sdmmc.o
    0x08007964   0x08007964   0x00000038   Code   RO         3769    i.SDMMC_CmdWriteMultiBlock  stm32f4xx_ll_sdmmc.o
    0x0800799c   0x0800799c   0x00000038   Code   RO         3770    i.SDMMC_CmdWriteSingleBlock  stm32f4xx_ll_sdmmc.o
    0x080079d4   0x080079d4   0x00000040   Code   RO         3771    i.SDMMC_GetCmdError  stm32f4xx_ll_sdmmc.o
    0x08007a14   0x08007a14   0x000001ac   Code   RO         3772    i.SDMMC_GetCmdResp1  stm32f4xx_ll_sdmmc.o
    0x08007bc0   0x08007bc0   0x00000064   Code   RO         3773    i.SDMMC_GetCmdResp2  stm32f4xx_ll_sdmmc.o
    0x08007c24   0x08007c24   0x00000058   Code   RO         3774    i.SDMMC_GetCmdResp3  stm32f4xx_ll_sdmmc.o
    0x08007c7c   0x08007c7c   0x000000b8   Code   RO         3775    i.SDMMC_GetCmdResp6  stm32f4xx_ll_sdmmc.o
    0x08007d34   0x08007d34   0x0000006c   Code   RO         3776    i.SDMMC_GetCmdResp7  stm32f4xx_ll_sdmmc.o
    0x08007da0   0x08007da0   0x00000028   Code   RO         1577    i.SD_CheckStatus    sd_diskio.o
    0x08007dc8   0x08007dc8   0x00000026   Code   RO         1578    i.SD_CheckStatusWithTimeout  sd_diskio.o
    0x08007dee   0x08007dee   0x00000002   PAD
    0x08007df0   0x08007df0   0x00000074   Code   RO         4036    i.SD_DMAError       stm32f4xx_hal_sd.o
    0x08007e64   0x08007e64   0x00000048   Code   RO         4037    i.SD_DMAReceiveCplt  stm32f4xx_hal_sd.o
    0x08007eac   0x08007eac   0x00000048   Code   RO         4038    i.SD_DMARxAbort     stm32f4xx_hal_sd.o
    0x08007ef4   0x08007ef4   0x00000012   Code   RO         4039    i.SD_DMATransmitCplt  stm32f4xx_hal_sd.o
    0x08007f06   0x08007f06   0x00000048   Code   RO         4040    i.SD_DMATxAbort     stm32f4xx_hal_sd.o
    0x08007f4e   0x08007f4e   0x00000134   Code   RO         4041    i.SD_FindSCR        stm32f4xx_hal_sd.o
    0x08008082   0x08008082   0x00000102   Code   RO         4042    i.SD_InitCard       stm32f4xx_hal_sd.o
    0x08008184   0x08008184   0x000000cc   Code   RO         4044    i.SD_PowerON        stm32f4xx_hal_sd.o
    0x08008250   0x08008250   0x0000004a   Code   RO         4045    i.SD_Read_IT        stm32f4xx_hal_sd.o
    0x0800829a   0x0800829a   0x00000030   Code   RO         4047    i.SD_SendStatus     stm32f4xx_hal_sd.o
    0x080082ca   0x080082ca   0x00000068   Code   RO         4048    i.SD_WideBus_Disable  stm32f4xx_hal_sd.o
    0x08008332   0x08008332   0x00000068   Code   RO         4049    i.SD_WideBus_Enable  stm32f4xx_hal_sd.o
    0x0800839a   0x0800839a   0x00000054   Code   RO         4050    i.SD_Write_IT       stm32f4xx_hal_sd.o
    0x080083ee   0x080083ee   0x00000002   PAD
    0x080083f0   0x080083f0   0x0000006c   Code   RO         1579    i.SD_initialize     sd_diskio.o
    0x0800845c   0x0800845c   0x0000006c   Code   RO         1580    i.SD_ioctl          sd_diskio.o
    0x080084c8   0x080084c8   0x00000084   Code   RO         1581    i.SD_read           sd_diskio.o
    0x0800854c   0x0800854c   0x0000000c   Code   RO         1582    i.SD_status         sd_diskio.o
    0x08008558   0x08008558   0x00000080   Code   RO         1583    i.SD_write          sd_diskio.o
    0x080085d8   0x080085d8   0x0000006c   Code   RO         4313    i.SPI_EndRxTxTransaction  stm32f4xx_hal_spi.o
    0x08008644   0x08008644   0x000000a8   Code   RO         4318    i.SPI_WaitFlagStateUntilTimeout  stm32f4xx_hal_spi.o
    0x080086ec   0x080086ec   0x000001c0   Code   RO         1002    i.Shoot_Control     task_shoot.o
    0x080088ac   0x080088ac   0x000000bc   Code   RO         1003    i.Shoot_GetInfo     task_shoot.o
    0x08008968   0x08008968   0x000002c8   Code   RO         1004    i.Shoot_Init        task_shoot.o
    0x08008c30   0x08008c30   0x00000020   Code   RO          901    i.StatusMachine_Init  task_statemachine.o
    0x08008c50   0x08008c50   0x00000228   Code   RO          902    i.StatusMachine_Update  task_statemachine.o
    0x08008e78   0x08008e78   0x00000034   Code   RO         7270    i.SysTick_Handler   port.o
    0x08008eac   0x08008eac   0x000000b4   Code   RO         1311    i.SystemClock_Config  main.o
    0x08008f60   0x08008f60   0x00000064   Code   RO         5857    i.SystemInit        system_stm32f4xx.o
    0x08008fc4   0x08008fc4   0x00000010   Code   RO         2002    i.TIM2_IRQHandler   stm32f4xx_it.o
    0x08008fd4   0x08008fd4   0x00000010   Code   RO         2003    i.TIM5_IRQHandler   stm32f4xx_it.o
    0x08008fe4   0x08008fe4   0x00000002   Code   RO          501    i.TIMInit           task_init.o
    0x08008fe6   0x08008fe6   0x00000002   PAD
    0x08008fe8   0x08008fe8   0x000000d8   Code   RO         4676    i.TIM_Base_SetConfig  stm32f4xx_hal_tim.o
    0x080090c0   0x080090c0   0x00000022   Code   RO         4677    i.TIM_CCxChannelCmd  stm32f4xx_hal_tim.o
    0x080090e2   0x080090e2   0x00000016   Code   RO         4687    i.TIM_ETR_SetConfig  stm32f4xx_hal_tim.o
    0x080090f8   0x080090f8   0x00000012   Code   RO         4688    i.TIM_ITRx_SetConfig  stm32f4xx_hal_tim.o
    0x0800910a   0x0800910a   0x00000002   PAD
    0x0800910c   0x0800910c   0x00000070   Code   RO         4689    i.TIM_OC1_SetConfig  stm32f4xx_hal_tim.o
    0x0800917c   0x0800917c   0x0000007c   Code   RO         4690    i.TIM_OC2_SetConfig  stm32f4xx_hal_tim.o
    0x080091f8   0x080091f8   0x00000078   Code   RO         4691    i.TIM_OC3_SetConfig  stm32f4xx_hal_tim.o
    0x08009270   0x08009270   0x00000054   Code   RO         4692    i.TIM_OC4_SetConfig  stm32f4xx_hal_tim.o
    0x080092c4   0x080092c4   0x00000026   Code   RO         4694    i.TIM_TI1_ConfigInputStage  stm32f4xx_hal_tim.o
    0x080092ea   0x080092ea   0x00000028   Code   RO         4696    i.TIM_TI2_ConfigInputStage  stm32f4xx_hal_tim.o
    0x08009312   0x08009312   0x00000002   PAD
    0x08009314   0x08009314   0x0000018c   Code   RO         1272    i.TOF_Data_Update   task_tof.o
    0x080094a0   0x080094a0   0x00000044   Code   RO          860    i.Task_CanComm      task_cancomm.o
    0x080094e4   0x080094e4   0x00000068   Code   RO         1081    i.Task_Debug        task_debug.o
    0x0800954c   0x0800954c   0x0000003c   Code   RO          945    i.Task_Gimbal       task_gimbal.o
    0x08009588   0x08009588   0x000002a4   Code   RO          502    i.Task_Init_Config  task_init.o
    0x0800982c   0x0800982c   0x00000018   Code   RO          705    i.Task_JetsonComm   task_jetsoncomm.o
    0x08009844   0x08009844   0x0000001c   Code   RO          652    i.Task_Judge        task_judge.o
    0x08009860   0x08009860   0x0000013c   Code   RO         1056    i.Task_LED          task_led.o
    0x0800999c   0x0800999c   0x0000004c   Code   RO          587    i.Task_Position     task_position.o
    0x080099e8   0x080099e8   0x0000006c   Code   RO          551    i.Task_Protect      task_protect.o
    0x08009a54   0x08009a54   0x00000038   Code   RO          788    i.Task_RC           task_rc.o
    0x08009a8c   0x08009a8c   0x00000164   Code   RO         1225    i.Task_SDIO         task_sdio.o
    0x08009bf0   0x08009bf0   0x00000050   Code   RO         1005    i.Task_Shoot        task_shoot.o
    0x08009c40   0x08009c40   0x00000016   Code   RO          903    i.Task_StateMachine  task_statemachine.o
    0x08009c56   0x08009c56   0x00000002   PAD
    0x08009c58   0x08009c58   0x00000028   Code   RO         1273    i.Task_TOF          task_tof.o
    0x08009c80   0x08009c80   0x0000002c   Code   RO         1114    i.Task_Ui           task_ui.o
    0x08009cac   0x08009cac   0x00000010   Code   RO         2004    i.UART4_IRQHandler  stm32f4xx_it.o
    0x08009cbc   0x08009cbc   0x00000010   Code   RO         2005    i.UART7_IRQHandler  stm32f4xx_it.o
    0x08009ccc   0x08009ccc   0x00000014   Code   RO         2006    i.UART8_IRQHandler  stm32f4xx_it.o
    0x08009ce0   0x08009ce0   0x00000014   Code   RO         5563    i.UART_DMAAbortOnError  stm32f4xx_hal_uart.o
    0x08009cf4   0x08009cf4   0x00000050   Code   RO         5564    i.UART_DMAError     stm32f4xx_hal_uart.o
    0x08009d44   0x08009d44   0x00000046   Code   RO         5565    i.UART_DMAReceiveCplt  stm32f4xx_hal_uart.o
    0x08009d8a   0x08009d8a   0x0000000e   Code   RO         5567    i.UART_DMARxHalfCplt  stm32f4xx_hal_uart.o
    0x08009d98   0x08009d98   0x00000036   Code   RO         5569    i.UART_DMATransmitCplt  stm32f4xx_hal_uart.o
    0x08009dce   0x08009dce   0x0000000e   Code   RO         5571    i.UART_DMATxHalfCplt  stm32f4xx_hal_uart.o
    0x08009ddc   0x08009ddc   0x00000020   Code   RO         5573    i.UART_EndRxTransfer  stm32f4xx_hal_uart.o
    0x08009dfc   0x08009dfc   0x00000020   Code   RO         5574    i.UART_EndTransmit_IT  stm32f4xx_hal_uart.o
    0x08009e1c   0x08009e1c   0x00000014   Code   RO         5575    i.UART_EndTxTransfer  stm32f4xx_hal_uart.o
    0x08009e30   0x08009e30   0x000000a6   Code   RO         5576    i.UART_Receive_IT   stm32f4xx_hal_uart.o
    0x08009ed6   0x08009ed6   0x00000002   PAD
    0x08009ed8   0x08009ed8   0x000003e8   Code   RO         5577    i.UART_SetConfig    stm32f4xx_hal_uart.o
    0x0800a2c0   0x0800a2c0   0x00000068   Code   RO         5578    i.UART_Transmit_IT  stm32f4xx_hal_uart.o
    0x0800a328   0x0800a328   0x0000006c   Code   RO         5579    i.UART_WaitOnFlagUntilTimeout  stm32f4xx_hal_uart.o
    0x0800a394   0x0800a394   0x00000014   Code   RO         2007    i.USART1_IRQHandler  stm32f4xx_it.o
    0x0800a3a8   0x0800a3a8   0x00000014   Code   RO         2008    i.USART3_IRQHandler  stm32f4xx_it.o
    0x0800a3bc   0x0800a3bc   0x00000014   Code   RO         2009    i.USART6_IRQHandler  stm32f4xx_it.o
    0x0800a3d0   0x0800a3d0   0x00000100   Code   RO          588    i.Uart_Config_In_IRQHandle  task_position.o
    0x0800a4d0   0x0800a4d0   0x000000e8   Code   RO         1226    i.Update_SDtime     task_sdio.o
    0x0800a5b8   0x0800a5b8   0x00000004   Code   RO         2010    i.UsageFault_Handler  stm32f4xx_it.o
    0x0800a5bc   0x0800a5bc   0x00000040   Code   RO           31    i.Verify_CRC16_Check_Sum  system.o
    0x0800a5fc   0x0800a5fc   0x0000002e   Code   RO           32    i.Verify_CRC8_Check_Sum  system.o
    0x0800a62a   0x0800a62a   0x00000002   PAD
    0x0800a62c   0x0800a62c   0x000000c0   Code   RO          706    i.Version_Init      task_jetsoncomm.o
    0x0800a6ec   0x0800a6ec   0x0000002c   Code   RO           33    i.WhichTeam         system.o
    0x0800a718   0x0800a718   0x00000030   Code   RO         8694    i.__ARM_fpclassify  m_wm.l(fpclassify.o)
    0x0800a748   0x0800a748   0x00000010   Code   RO         3341    i.__NVIC_GetPriorityGrouping  stm32f4xx_hal_cortex.o
    0x0800a758   0x0800a758   0x00000028   Code   RO         3342    i.__NVIC_SetPriority  stm32f4xx_hal_cortex.o
    0x0800a780   0x0800a780   0x00000360   Code   RO         8302    i.__hardfp_asin     m_wm.l(asin.o)
    0x0800aae0   0x0800aae0   0x000002d8   Code   RO         8666    i.__hardfp_atan     m_wm.l(atan.o)
    0x0800adb8   0x0800adb8   0x000001f0   Code   RO         8316    i.__hardfp_atan2    m_wm.l(atan2.o)
    0x0800afa8   0x0800afa8   0x00000014   Code   RO         8328    i.__hardfp_fabs     m_wm.l(fabs.o)
    0x0800afbc   0x0800afbc   0x00000004   PAD
    0x0800afc0   0x0800afc0   0x00000c50   Code   RO         8334    i.__hardfp_pow      m_wm.l(pow.o)
    0x0800bc10   0x0800bc10   0x0000007a   Code   RO         8348    i.__hardfp_sqrt     m_wm.l(sqrt.o)
    0x0800bc8a   0x0800bc8a   0x000000f8   Code   RO         8696    i.__kernel_poly     m_wm.l(poly.o)
    0x0800bd82   0x0800bd82   0x00000006   PAD
    0x0800bd88   0x0800bd88   0x00000030   Code   RO         8680    i.__mathlib_dbl_divzero  m_wm.l(dunder.o)
    0x0800bdb8   0x0800bdb8   0x00000014   Code   RO         8681    i.__mathlib_dbl_infnan  m_wm.l(dunder.o)
    0x0800bdcc   0x0800bdcc   0x00000014   Code   RO         8682    i.__mathlib_dbl_infnan2  m_wm.l(dunder.o)
    0x0800bde0   0x0800bde0   0x00000020   Code   RO         8683    i.__mathlib_dbl_invalid  m_wm.l(dunder.o)
    0x0800be00   0x0800be00   0x00000020   Code   RO         8684    i.__mathlib_dbl_overflow  m_wm.l(dunder.o)
    0x0800be20   0x0800be20   0x00000020   Code   RO         8686    i.__mathlib_dbl_underflow  m_wm.l(dunder.o)
    0x0800be40   0x0800be40   0x0000000e   Code   RO         8748    i.__scatterload_copy  mc_w.l(handlers.o)
    0x0800be4e   0x0800be4e   0x00000002   Code   RO         8749    i.__scatterload_null  mc_w.l(handlers.o)
    0x0800be50   0x0800be50   0x0000000e   Code   RO         8750    i.__scatterload_zeroinit  mc_w.l(handlers.o)
    0x0800be5e   0x0800be5e   0x00000002   PAD
    0x0800be60   0x0800be60   0x0000000c   Code   RO         8726    i.__set_errno       mc_w.l(errno.o)
    0x0800be6c   0x0800be6c   0x00000010   Code   RO         8668    i.atan              m_wm.l(atan.o)
    0x0800be7c   0x0800be7c   0x0000008a   Code   RO         7541    i.change_bitmap     ff.o
    0x0800bf06   0x0800bf06   0x00000002   PAD
    0x0800bf08   0x0800bf08   0x00000028   Code   RO         1115    i.check_empty_graphic  task_ui.o
    0x0800bf30   0x0800bf30   0x0000009c   Code   RO         7542    i.check_fs          ff.o
    0x0800bfcc   0x0800bfcc   0x00000014   Code   RO         7543    i.chk_chr           ff.o
    0x0800bfe0   0x0800bfe0   0x0000007c   Code   RO         7544    i.chk_lock          ff.o
    0x0800c05c   0x0800c05c   0x00000028   Code   RO         7545    i.clear_lock        ff.o
    0x0800c084   0x0800c084   0x00000062   Code   RO         7546    i.clmt_clust        ff.o
    0x0800c0e6   0x0800c0e6   0x0000001a   Code   RO         7547    i.clust2sect        ff.o
    0x0800c100   0x0800c100   0x00000098   Code   RO         7548    i.cmp_lfn           ff.o
    0x0800c198   0x0800c198   0x00000002   Code   RO         1697    i.configureTimerForRunTimeStats  freertos.o
    0x0800c19a   0x0800c19a   0x00000188   Code   RO         7549    i.create_chain      ff.o
    0x0800c322   0x0800c322   0x00000002   PAD
    0x0800c324   0x0800c324   0x0000026c   Code   RO         7550    i.create_name       ff.o
    0x0800c590   0x0800c590   0x00000092   Code   RO         7551    i.create_xdir       ff.o
    0x0800c622   0x0800c622   0x00000002   PAD
    0x0800c624   0x0800c624   0x00000044   Code   RO         7552    i.dec_lock          ff.o
    0x0800c668   0x0800c668   0x00000040   Code   RO          861    i.delta_angle       task_cancomm.o
    0x0800c6a8   0x0800c6a8   0x0000007c   Code   RO         7553    i.dir_alloc         ff.o
    0x0800c724   0x0800c724   0x000001a8   Code   RO         7554    i.dir_find          ff.o
    0x0800c8cc   0x0800c8cc   0x00000120   Code   RO         7555    i.dir_next          ff.o
    0x0800c9ec   0x0800c9ec   0x000000f8   Code   RO         7556    i.dir_read          ff.o
    0x0800cae4   0x0800cae4   0x0000021c   Code   RO         7557    i.dir_register      ff.o
    0x0800cd00   0x0800cd00   0x00000072   Code   RO         7558    i.dir_remove        ff.o
    0x0800cd72   0x0800cd72   0x000000aa   Code   RO         7559    i.dir_sdi           ff.o
    0x0800ce1c   0x0800ce1c   0x0000002c   Code   RO         7486    i.disk_initialize   diskio.o
    0x0800ce48   0x0800ce48   0x00000028   Code   RO         7487    i.disk_ioctl        diskio.o
    0x0800ce70   0x0800ce70   0x00000030   Code   RO         7488    i.disk_read         diskio.o
    0x0800cea0   0x0800cea0   0x0000001c   Code   RO         7489    i.disk_status       diskio.o
    0x0800cebc   0x0800cebc   0x00000030   Code   RO         7490    i.disk_write        diskio.o
    0x0800ceec   0x0800ceec   0x000001b4   Code   RO         1119    i.draw_line         task_ui.o
    0x0800d0a0   0x0800d0a0   0x000001b8   Code   RO         1120    i.draw_rect         task_ui.o
    0x0800d258   0x0800d258   0x00000028   Code   RO         7560    i.enq_lock          ff.o
    0x0800d280   0x0800d280   0x00000034   Code   RO         7561    i.f_close           ff.o
    0x0800d2b4   0x0800d2b4   0x000004f6   Code   RO         7565    i.f_lseek           ff.o
    0x0800d7aa   0x0800d7aa   0x00000002   PAD
    0x0800d7ac   0x0800d7ac   0x00000084   Code   RO         7568    i.f_mount           ff.o
    0x0800d830   0x0800d830   0x00000444   Code   RO         7569    i.f_open            ff.o
    0x0800dc74   0x0800dc74   0x0000024c   Code   RO         7576    i.f_rename          ff.o
    0x0800dec0   0x0800dec0   0x000001cc   Code   RO         7578    i.f_sync            ff.o
    0x0800e08c   0x0800e08c   0x000002da   Code   RO         7581    i.f_write           ff.o
    0x0800e366   0x0800e366   0x00000018   Code   RO         8330    i.fabs              m_wm.l(fabs.o)
    0x0800e37e   0x0800e37e   0x00000002   PAD
    0x0800e380   0x0800e380   0x0000007c   Code   RO         8101    i.ff_convert        cc936.o
    0x0800e3fc   0x0800e3fc   0x00000026   Code   RO         8053    i.ff_cre_syncobj    syscall.o
    0x0800e422   0x0800e422   0x0000000e   Code   RO         8054    i.ff_del_syncobj    syscall.o
    0x0800e430   0x0800e430   0x0000000c   Code   RO         8055    i.ff_rel_grant      syscall.o
    0x0800e43c   0x0800e43c   0x00000018   Code   RO         8056    i.ff_req_grant      syscall.o
    0x0800e454   0x0800e454   0x000000a4   Code   RO         8102    i.ff_wtoupper       cc936.o
    0x0800e4f8   0x0800e4f8   0x00000036   Code   RO         7582    i.fill_first_frag   ff.o
    0x0800e52e   0x0800e52e   0x00000044   Code   RO         7583    i.fill_last_frag    ff.o
    0x0800e572   0x0800e572   0x000000a4   Code   RO         7584    i.find_bitmap       ff.o
    0x0800e616   0x0800e616   0x00000002   PAD
    0x0800e618   0x0800e618   0x0000047c   Code   RO         7585    i.find_volume       ff.o
    0x0800ea94   0x0800ea94   0x000000e4   Code   RO         7586    i.follow_path       ff.o
    0x0800eb78   0x0800eb78   0x000000cc   Code   RO         7587    i.gen_numname       ff.o
    0x0800ec44   0x0800ec44   0x00000004   Code   RO         1698    i.getRunTimeCounterValue  freertos.o
    0x0800ec48   0x0800ec48   0x00000186   Code   RO         7588    i.get_fat           ff.o
    0x0800edce   0x0800edce   0x00000004   Code   RO         1659    i.get_fattime       fatfs.o
    0x0800edd2   0x0800edd2   0x00000048   Code   RO         7590    i.get_ldnumber      ff.o
    0x0800ee1a   0x0800ee1a   0x00000002   PAD
    0x0800ee1c   0x0800ee1c   0x0000076c   Code   RO         7349    i.imu_ahrs_update   func_imu_ob.o
    0x0800f588   0x0800f588   0x00000218   Code   RO         7350    i.imu_attitude_update  func_imu_ob.o
    0x0800f7a0   0x0800f7a0   0x00000054   Code   RO         7351    i.imu_temp_ctrl     func_imu_ob.o
    0x0800f7f4   0x0800f7f4   0x00000010   Code   RO         6827    i.inHandlerMode     cmsis_os.o
    0x0800f804   0x0800f804   0x000000bc   Code   RO         7592    i.inc_lock          ff.o
    0x0800f8c0   0x0800f8c0   0x000002c4   Code   RO         7352    i.init_quaternion   func_imu_ob.o
    0x0800fb84   0x0800fb84   0x0000003c   Code   RO         7353    i.inv_sqrt          func_imu_ob.o
    0x0800fbc0   0x0800fbc0   0x00000010   Code   RO         7354    i.ist8310_get_data  func_imu_ob.o
    0x0800fbd0   0x0800fbd0   0x00000100   Code   RO         7355    i.ist8310_init      func_imu_ob.o
    0x0800fcd0   0x0800fcd0   0x0000003a   Code   RO         7356    i.ist_reg_read_by_mpu  func_imu_ob.o
    0x0800fd0a   0x0800fd0a   0x00000040   Code   RO         7357    i.ist_reg_write_by_mpu  func_imu_ob.o
    0x0800fd4a   0x0800fd4a   0x00000100   Code   RO          709    i.kalman_filter_init  task_jetsoncomm.o
    0x0800fe4a   0x0800fe4a   0x00000026   Code   RO         7593    i.ld_clust          ff.o
    0x0800fe70   0x0800fe70   0x00000018   Code   RO         7594    i.ld_dword          ff.o
    0x0800fe88   0x0800fe88   0x00000062   Code   RO         7595    i.ld_qword          ff.o
    0x0800feea   0x0800feea   0x0000000c   Code   RO         7596    i.ld_word           ff.o
    0x0800fef6   0x0800fef6   0x00000002   PAD
    0x0800fef8   0x0800fef8   0x00000024   Code   RO         1121    i.load_chars        task_ui.o
    0x0800ff1c   0x0800ff1c   0x0000003c   Code   RO         7597    i.load_obj_dir      ff.o
    0x0800ff58   0x0800ff58   0x00000102   Code   RO         7598    i.load_xdir         ff.o
    0x0801005a   0x0801005a   0x00000016   Code   RO         7599    i.lock_fs           ff.o
    0x08010070   0x08010070   0x0000005c   Code   RO         1312    i.main              main.o
    0x080100cc   0x080100cc   0x0000000e   Code   RO         6829    i.makeFreeRtosPriority  cmsis_os.o
    0x080100da   0x080100da   0x00000024   Code   RO         7600    i.mem_cmp           ff.o
    0x080100fe   0x080100fe   0x0000001a   Code   RO         7601    i.mem_cpy           ff.o
    0x08010118   0x08010118   0x00000012   Code   RO         7602    i.mem_set           ff.o
    0x0801012a   0x0801012a   0x00000034   Code   RO         7603    i.move_window       ff.o
    0x0801015e   0x0801015e   0x00000002   PAD
    0x08010160   0x08010160   0x0000006c   Code   RO         7358    i.mpu_device_init   func_imu_ob.o
    0x080101cc   0x080101cc   0x00000180   Code   RO         7359    i.mpu_get_data      func_imu_ob.o
    0x0801034c   0x0801034c   0x0000008c   Code   RO         7360    i.mpu_master_i2c_auto_read_config  func_imu_ob.o
    0x080103d8   0x080103d8   0x00000138   Code   RO         7361    i.mpu_offset_call   func_imu_ob.o
    0x08010510   0x08010510   0x00000054   Code   RO         7362    i.mpu_read_byte     func_imu_ob.o
    0x08010564   0x08010564   0x00000064   Code   RO         7363    i.mpu_read_bytes    func_imu_ob.o
    0x080105c8   0x080105c8   0x00000010   Code   RO         7364    i.mpu_set_accel_fsr  func_imu_ob.o
    0x080105d8   0x080105d8   0x00000010   Code   RO         7365    i.mpu_set_gyro_fsr  func_imu_ob.o
    0x080105e8   0x080105e8   0x00000058   Code   RO         7366    i.mpu_write_byte    func_imu_ob.o
    0x08010640   0x08010640   0x00000012   Code   RO         6833    i.osKernelRunning   cmsis_os.o
    0x08010652   0x08010652   0x0000000a   Code   RO         6834    i.osKernelStart     cmsis_os.o
    0x0801065c   0x0801065c   0x00000014   Code   RO         6835    i.osKernelSysTick   cmsis_os.o
    0x08010670   0x08010670   0x00000028   Code   RO         6843    i.osMessageCreate   cmsis_os.o
    0x08010698   0x08010698   0x0000009c   Code   RO         6845    i.osMessageGet      cmsis_os.o
    0x08010734   0x08010734   0x00000060   Code   RO         6847    i.osMessagePut      cmsis_os.o
    0x08010794   0x08010794   0x00000058   Code   RO         6860    i.osSemaphoreCreate  cmsis_os.o
    0x080107ec   0x080107ec   0x00000018   Code   RO         6861    i.osSemaphoreDelete  cmsis_os.o
    0x08010804   0x08010804   0x00000050   Code   RO         6863    i.osSemaphoreRelease  cmsis_os.o
    0x08010854   0x08010854   0x00000068   Code   RO         6864    i.osSemaphoreWait   cmsis_os.o
    0x080108bc   0x080108bc   0x0000005e   Code   RO         6868    i.osThreadCreate    cmsis_os.o
    0x0801091a   0x0801091a   0x00000002   PAD
    0x0801091c   0x0801091c   0x00000088   Code   RO         7604    i.pick_lfn          ff.o
    0x080109a4   0x080109a4   0x00000098   Code   RO         6429    i.prvAddCurrentTaskToDelayedList  tasks.o
    0x08010a3c   0x08010a3c   0x000000b8   Code   RO         6430    i.prvAddNewTaskToReadyList  tasks.o
    0x08010af4   0x08010af4   0x00000048   Code   RO         6431    i.prvCheckTasksWaitingTermination  tasks.o
    0x08010b3c   0x08010b3c   0x0000002a   Code   RO         6046    i.prvCopyDataFromQueue  queue.o
    0x08010b66   0x08010b66   0x0000007e   Code   RO         6047    i.prvCopyDataToQueue  queue.o
    0x08010be4   0x08010be4   0x00000050   Code   RO         6432    i.prvDeleteTCB      tasks.o
    0x08010c34   0x08010c34   0x00000014   Code   RO         6048    i.prvGetDisinheritPriorityAfterTimeout  queue.o
    0x08010c48   0x08010c48   0x0000007c   Code   RO         7208    i.prvHeapInit       heap_4.o
    0x08010cc4   0x08010cc4   0x00000008   Code   RO         6433    i.prvIdleTask       tasks.o
    0x08010ccc   0x08010ccc   0x0000002a   Code   RO         6050    i.prvInitialiseNewQueue  queue.o
    0x08010cf6   0x08010cf6   0x000000c0   Code   RO         6434    i.prvInitialiseNewTask  tasks.o
    0x08010db6   0x08010db6   0x00000002   PAD
    0x08010db8   0x08010db8   0x00000068   Code   RO         6435    i.prvInitialiseTaskLists  tasks.o
    0x08010e20   0x08010e20   0x00000068   Code   RO         7209    i.prvInsertBlockIntoFreeList  heap_4.o
    0x08010e88   0x08010e88   0x0000001a   Code   RO         6051    i.prvIsQueueEmpty   queue.o
    0x08010ea2   0x08010ea2   0x0000001e   Code   RO         6052    i.prvIsQueueFull    queue.o
    0x08010ec0   0x08010ec0   0x00000034   Code   RO         6437    i.prvResetNextTaskUnblockTime  tasks.o
    0x08010ef4   0x08010ef4   0x00000040   Code   RO         7271    i.prvTaskExitError  port.o
    0x08010f34   0x08010f34   0x0000007e   Code   RO         6053    i.prvUnlockQueue    queue.o
    0x08010fb2   0x08010fb2   0x00000144   Code   RO         7605    i.put_fat           ff.o
    0x080110f6   0x080110f6   0x00000002   PAD
    0x080110f8   0x080110f8   0x00000080   Code   RO         7606    i.put_lfn           ff.o
    0x08011178   0x08011178   0x0000013c   Code   RO         7210    i.pvPortMalloc      heap_4.o
    0x080112b4   0x080112b4   0x00000020   Code   RO         6442    i.pvTaskIncrementMutexHeldCount  tasks.o
    0x080112d4   0x080112d4   0x0000002c   Code   RO         7272    i.pxPortInitialiseStack  port.o
    0x08011300   0x08011300   0x0000010e   Code   RO         7610    i.remove_chain      ff.o
    0x0801140e   0x0801140e   0x00000002   PAD
    0x08011410   0x08011410   0x0000011c   Code   RO         1122    i.send_graphic      task_ui.o
    0x0801152c   0x0801152c   0x0000006e   Code   RO         8350    i.sqrt              m_wm.l(sqrt.o)
    0x0801159a   0x0801159a   0x00000024   Code   RO         7611    i.st_clust          ff.o
    0x080115be   0x080115be   0x00000018   Code   RO         7612    i.st_dword          ff.o
    0x080115d6   0x080115d6   0x0000005c   Code   RO         7613    i.st_qword          ff.o
    0x08011632   0x08011632   0x0000000c   Code   RO         7614    i.st_word           ff.o
    0x0801163e   0x0801163e   0x00000072   Code   RO         7615    i.store_xdir        ff.o
    0x080116b0   0x080116b0   0x00000020   Code   RO         7616    i.sum_sfn           ff.o
    0x080116d0   0x080116d0   0x00000090   Code   RO         7617    i.sync_fs           ff.o
    0x08011760   0x08011760   0x00000052   Code   RO         7618    i.sync_window       ff.o
    0x080117b2   0x080117b2   0x00000002   PAD
    0x080117b4   0x080117b4   0x00000074   Code   RO         6443    i.ulTaskNotifyTake  tasks.o
    0x08011828   0x08011828   0x0000001c   Code   RO         7619    i.unlock_fs         ff.o
    0x08011844   0x08011844   0x00000028   Code   RO         6006    i.uxListRemove      list.o
    0x0801186c   0x0801186c   0x00000018   Code   RO         1699    i.vApplicationGetIdleTaskMemory  freertos.o
    0x08011884   0x08011884   0x0000001a   Code   RO         6007    i.vListInitialise   list.o
    0x0801189e   0x0801189e   0x00000006   Code   RO         6008    i.vListInitialiseItem  list.o
    0x080118a4   0x080118a4   0x00000034   Code   RO         6009    i.vListInsert       list.o
    0x080118d8   0x080118d8   0x00000018   Code   RO         6010    i.vListInsertEnd    list.o
    0x080118f0   0x080118f0   0x00000054   Code   RO         7274    i.vPortEnterCritical  port.o
    0x08011944   0x08011944   0x0000003c   Code   RO         7275    i.vPortExitCritical  port.o
    0x08011980   0x08011980   0x00000094   Code   RO         7211    i.vPortFree         heap_4.o
    0x08011a14   0x08011a14   0x00000028   Code   RO         7276    i.vPortSetupTimerInterrupt  port.o
    0x08011a3c   0x08011a3c   0x00000078   Code   RO         7277    i.vPortValidateInterruptPriority  port.o
    0x08011ab4   0x08011ab4   0x00000032   Code   RO         6060    i.vQueueDelete      queue.o
    0x08011ae6   0x08011ae6   0x00000002   PAD
    0x08011ae8   0x08011ae8   0x00000030   Code   RO         6062    i.vQueueUnregisterQueue  queue.o
    0x08011b18   0x08011b18   0x000000d4   Code   RO         6452    i.vTaskDelayUntil   tasks.o
    0x08011bec   0x08011bec   0x000000f4   Code   RO         6453    i.vTaskDelete       tasks.o
    0x08011ce0   0x08011ce0   0x00000018   Code   RO         6457    i.vTaskInternalSetTimeOutState  tasks.o
    0x08011cf8   0x08011cf8   0x0000000c   Code   RO         6459    i.vTaskMissedYield  tasks.o
    0x08011d04   0x08011d04   0x000000f0   Code   RO         6460    i.vTaskNotifyGiveFromISR  tasks.o
    0x08011df4   0x08011df4   0x00000038   Code   RO         6461    i.vTaskPlaceOnEventList  tasks.o
    0x08011e2c   0x08011e2c   0x000000f4   Code   RO         6463    i.vTaskPriorityDisinheritAfterTimeout  tasks.o
    0x08011f20   0x08011f20   0x000000b4   Code   RO         6469    i.vTaskStartScheduler  tasks.o
    0x08011fd4   0x08011fd4   0x00000010   Code   RO         6471    i.vTaskSuspendAll   tasks.o
    0x08011fe4   0x08011fe4   0x000000c8   Code   RO         6472    i.vTaskSwitchContext  tasks.o
    0x080120ac   0x080120ac   0x00000052   Code   RO         7620    i.validate          ff.o
    0x080120fe   0x080120fe   0x00000002   PAD
    0x08012100   0x08012100   0x00000198   Code   RO         1123    i.write_chars       task_ui.o
    0x08012298   0x08012298   0x000001bc   Code   RO         1124    i.write_float       task_ui.o
    0x08012454   0x08012454   0x000001bc   Code   RO         1125    i.write_int         task_ui.o
    0x08012610   0x08012610   0x00000168   Code   RO         7278    i.xPortStartScheduler  port.o
    0x08012778   0x08012778   0x0000005c   Code   RO         6063    i.xQueueCreateCountingSemaphore  queue.o
    0x080127d4   0x080127d4   0x00000064   Code   RO         6064    i.xQueueCreateCountingSemaphoreStatic  queue.o
    0x08012838   0x08012838   0x00000060   Code   RO         6067    i.xQueueGenericCreate  queue.o
    0x08012898   0x08012898   0x000000e0   Code   RO         6068    i.xQueueGenericCreateStatic  queue.o
    0x08012978   0x08012978   0x00000098   Code   RO         6069    i.xQueueGenericReset  queue.o
    0x08012a10   0x08012a10   0x000001a8   Code   RO         6070    i.xQueueGenericSend  queue.o
    0x08012bb8   0x08012bb8   0x000000f8   Code   RO         6071    i.xQueueGenericSendFromISR  queue.o
    0x08012cb0   0x08012cb0   0x000000e0   Code   RO         6072    i.xQueueGiveFromISR  queue.o
    0x08012d90   0x08012d90   0x00000168   Code   RO         6077    i.xQueueReceive     queue.o
    0x08012ef8   0x08012ef8   0x000000ca   Code   RO         6078    i.xQueueReceiveFromISR  queue.o
    0x08012fc2   0x08012fc2   0x00000002   PAD
    0x08012fc4   0x08012fc4   0x000001b8   Code   RO         6079    i.xQueueSemaphoreTake  queue.o
    0x0801317c   0x0801317c   0x0000008c   Code   RO         6473    i.xTaskCheckForTimeOut  tasks.o
    0x08013208   0x08013208   0x00000064   Code   RO         6474    i.xTaskCreate       tasks.o
    0x0801326c   0x0801326c   0x000000ba   Code   RO         6475    i.xTaskCreateStatic  tasks.o
    0x08013326   0x08013326   0x00000002   PAD
    0x08013328   0x08013328   0x00000128   Code   RO         6476    i.xTaskGenericNotify  tasks.o
    0x08013450   0x08013450   0x00000020   Code   RO         6480    i.xTaskGetSchedulerState  tasks.o
    0x08013470   0x08013470   0x0000000c   Code   RO         6481    i.xTaskGetTickCount  tasks.o
    0x0801347c   0x0801347c   0x00000014   Code   RO         6482    i.xTaskGetTickCountFromISR  tasks.o
    0x08013490   0x08013490   0x00000148   Code   RO         6483    i.xTaskIncrementTick  tasks.o
    0x080135d8   0x080135d8   0x000000c8   Code   RO         6486    i.xTaskPriorityDisinherit  tasks.o
    0x080136a0   0x080136a0   0x000000c8   Code   RO         6487    i.xTaskPriorityInherit  tasks.o
    0x08013768   0x08013768   0x00000098   Code   RO         6488    i.xTaskRemoveFromEventList  tasks.o
    0x08013800   0x08013800   0x00000104   Code   RO         6489    i.xTaskResumeAll    tasks.o
    0x08013904   0x08013904   0x0000003a   Code   RO         7621    i.xdir_sum          ff.o
    0x0801393e   0x0801393e   0x0000004c   Code   RO         7622    i.xname_sum         ff.o
    0x0801398a   0x0801398a   0x00000302   Data   RO           34    .constdata          system.o
    0x08013c8c   0x08013c8c   0x00000024   Data   RO         1584    .constdata          sd_diskio.o
    0x08013cb0   0x08013cb0   0x0000001c   Data   RO         1701    .constdata          freertos.o
    0x08013ccc   0x08013ccc   0x00000008   Data   RO         3040    .constdata          stm32f4xx_hal_dma.o
    0x08013cd4   0x08013cd4   0x00000018   Data   RO         5858    .constdata          system_stm32f4xx.o
    0x08013cec   0x08013cec   0x00000014   Data   RO         7368    .constdata          func_imu_ob.o
    0x08013d00   0x08013d00   0x0000002a   Data   RO         7625    .constdata          ff.o
    0x08013d2a   0x08013d2a   0x0002abb6   Data   RO         8103    .constdata          cc936.o
    0x0803e8e0   0x0803e8e0   0x00000050   Data   RO         8305    .constdata          m_wm.l(asin.o)
    0x0803e930   0x0803e930   0x00000088   Data   RO         8337    .constdata          m_wm.l(pow.o)
    0x0803e9b8   0x0803e9b8   0x00000098   Data   RO         8669    .constdata          m_wm.l(atan.o)
    0x0803ea50   0x0803ea50   0x00000008   Data   RO         8698    .constdata          m_wm.l(qnan.o)
    0x0803ea58   0x0803ea58   0x0000000a   Data   RO         1702    .conststring        freertos.o
    0x0803ea62   0x0803ea62   0x00000002   PAD
    0x0803ea64   0x0803ea64   0x00000020   Data   RO         8746    Region$$Table       anon$$obj.o


    Execution Region RW_IRAM1 (Exec base: 0x20000000, Load base: 0x0803ea84, Size: 0x00008478, Max: 0x00030000, ABSOLUTE, COMPRESSED[0x00000068])

    Exec Addr    Load Addr    Size         Type   Attr      Idx    E Section Name        Object

    0x20000000   COMPRESSED   0x00000010   Data   RW           35    .data               system.o
    0x20000010   COMPRESSED   0x00000038   Data   RW          503    .data               task_init.o
    0x20000048   COMPRESSED   0x00000009   Data   RW          552    .data               task_protect.o
    0x20000051   COMPRESSED   0x00000003   PAD
    0x20000054   COMPRESSED   0x00000009   Data   RW          590    .data               task_position.o
    0x2000005d   COMPRESSED   0x00000003   PAD
    0x20000060   COMPRESSED   0x00000041   Data   RW          654    .data               task_judge.o
    0x200000a1   COMPRESSED   0x00000003   PAD
    0x200000a4   COMPRESSED   0x00000064   Data   RW          711    .data               task_jetsoncomm.o
    0x20000108   COMPRESSED   0x00000009   Data   RW          790    .data               task_rc.o
    0x20000111   COMPRESSED   0x00000003   Data   RW          904    .data               task_statemachine.o
    0x20000114   COMPRESSED   0x0000000d   Data   RW          947    .data               task_gimbal.o
    0x20000121   COMPRESSED   0x00000003   PAD
    0x20000124   COMPRESSED   0x0000000c   Data   RW         1007    .data               task_shoot.o
    0x20000130   COMPRESSED   0x00000001   Data   RW         1057    .data               task_led.o
    0x20000131   COMPRESSED   0x00000004   Data   RW         1082    .data               task_debug.o
    0x20000135   COMPRESSED   0x00000003   PAD
    0x20000138   COMPRESSED   0x00000012   Data   RW         1127    .data               task_ui.o
    0x2000014a   COMPRESSED   0x00000002   PAD
    0x2000014c   COMPRESSED   0x00000068   Data   RW         1228    .data               task_sdio.o
    0x200001b4   COMPRESSED   0x00000004   Data   RW         1275    .data               task_tof.o
    0x200001b8   COMPRESSED   0x00000008   Data   RW         1585    .data               sd_diskio.o
    0x200001c0   COMPRESSED   0x00000005   Data   RW         1661    .data               fatfs.o
    0x200001c5   COMPRESSED   0x00000003   PAD
    0x200001c8   COMPRESSED   0x00000004   Data   RW         1703    .data               freertos.o
    0x200001cc   COMPRESSED   0x00000009   Data   RW         3492    .data               stm32f4xx_hal.o
    0x200001d5   COMPRESSED   0x00000003   PAD
    0x200001d8   COMPRESSED   0x00000004   Data   RW         5859    .data               system_stm32f4xx.o
    0x200001dc   COMPRESSED   0x00000044   Data   RW         6492    .data               tasks.o
    0x20000220   COMPRESSED   0x00000018   Data   RW         7216    .data               heap_4.o
    0x20000238   COMPRESSED   0x0000000c   Data   RW         7279    .data               port.o
    0x20000244   COMPRESSED   0x00000099   Data   RW         7369    .data               func_imu_ob.o
    0x200002dd   COMPRESSED   0x00000003   PAD
    0x200002e0   COMPRESSED   0x00000006   Data   RW         7626    .data               ff.o
    0x200002e6   COMPRESSED   0x00000002   PAD
    0x200002e8   COMPRESSED   0x00000004   Data   RW         8727    .data               mc_w.l(errno.o)
    0x200002ec        -       0x00000220   Zero   RW          589    .bss                task_position.o
    0x2000050c        -       0x0000016a   Zero   RW          653    .bss                task_judge.o
    0x20000676   COMPRESSED   0x00000002   PAD
    0x20000678        -       0x000003d8   Zero   RW          710    .bss                task_jetsoncomm.o
    0x20000a50        -       0x00000062   Zero   RW          789    .bss                task_rc.o
    0x20000ab2   COMPRESSED   0x00000002   PAD
    0x20000ab4        -       0x00000040   Zero   RW          862    .bss                task_cancomm.o
    0x20000af4        -       0x00000118   Zero   RW          946    .bss                task_gimbal.o
    0x20000c0c        -       0x0000015c   Zero   RW         1006    .bss                task_shoot.o
    0x20000d68        -       0x00000080   Zero   RW         1126    .bss                task_ui.o
    0x20000de8        -       0x00000528   Zero   RW         1227    .bss                task_sdio.o
    0x20001310        -       0x00000024   Zero   RW         1274    .bss                task_tof.o
    0x20001334        -       0x00000028   Zero   RW         1391    .bss                can.o
    0x2000135c        -       0x00000870   Zero   RW         1700    .bss                freertos.o
    0x20001bcc        -       0x00000144   Zero   RW         1760    .bss                sdio.o
    0x20001d10        -       0x00000058   Zero   RW         1802    .bss                spi.o
    0x20001d68        -       0x000000c0   Zero   RW         1849    .bss                tim.o
    0x20001e28        -       0x00000480   Zero   RW         1921    .bss                usart.o
    0x200022a8        -       0x00000040   Zero   RW         2187    .bss                stm32f4xx_hal_timebase_tim.o
    0x200022e8        -       0x00000040   Zero   RW         6080    .bss                queue.o
    0x20002328        -       0x000000f0   Zero   RW         6491    .bss                tasks.o
    0x20002418        -       0x00005000   Zero   RW         7215    .bss                heap_4.o
    0x20007418        -       0x0000002e   Zero   RW         7367    .bss                func_imu_ob.o
    0x20007446   COMPRESSED   0x00000002   PAD
    0x20007448        -       0x00000020   Zero   RW         7624    .bss                ff.o
    0x20007468        -       0x0000000c   Zero   RW         8007    .bss                ff_gen_drv.o
    0x20007474   COMPRESSED   0x00000004   PAD
    0x20007478        -       0x00001000   Zero   RW         2220    STACK               startup_stm32f427xx.o


==============================================================================

Image component sizes


      Code (inc. data)   RO Data    RW Data    ZI Data      Debug   Object Name

       216         26          0          0          0       5886   bsp_driver_sd.o
       224         24          0          0         40       1573   can.o
       288         26     175030          0          0       2323   cc936.o
       760         18          0          0          0      34504   cmsis_os.o
       208         24          0          0          0       3789   diskio.o
       232          6          0          0          0        822   dma.o
         0          0          0          0          0      18588   event_groups.o
        32         12          0          5          0       1400   fatfs.o
     13050        122         42          6         32      60870   ff.o
       102          6          0          0         12       1623   ff_gen_drv.o
        70         18         38          4       2160       2810   freertos.o
      4930        394         20        153         46      13896   func_imu_ob.o
       448         20          0          0          0       1159   gpio.o
       692         62          0         24      20480       7215   heap_4.o
       148          0          0          0          0       3474   list.o
       310         20          0          0          0      11484   main.o
      1014         92          0         12          0      12257   port.o
      3072         24          0          0         64      25129   queue.o
       606         44         36          8          0      13657   sd_diskio.o
       432         38          0          0        324       1819   sdio.o
       204         20          0          0         88       1565   spi.o
        36          8        428          0       4096        788   startup_stm32f427xx.o
       136         24          0          9          0       8746   stm32f4xx_hal.o
      2134          6          0          0          0      13979   stm32f4xx_hal_can.o
       252         22          0          0          0      33586   stm32f4xx_hal_cortex.o
      1270         16          8          0          0       6657   stm32f4xx_hal_dma.o
       156          0          0          0          0       2017   stm32f4xx_hal_dma_ex.o
       570         54          0          0          0       2877   stm32f4xx_hal_gpio.o
        84          6          0          0          0        802   stm32f4xx_hal_msp.o
      1868         94          0          0          0       6133   stm32f4xx_hal_rcc.o
      3650         68          0          0          0      18643   stm32f4xx_hal_sd.o
       970          8          0          0          0       4421   stm32f4xx_hal_spi.o
      1984         90          0          0          0      15094   stm32f4xx_hal_tim.o
       300         30          0          0          0       3237   stm32f4xx_hal_tim_ex.o
       136         12          0          0         64       1395   stm32f4xx_hal_timebase_tim.o
      2746         40          0          0          0      15982   stm32f4xx_hal_uart.o
       356        112          0          0          0      12158   stm32f4xx_it.o
      2110         46          0          0          0      23815   stm32f4xx_ll_sdmmc.o
         0          0          0          0          0        408   stream_buffer.o
        88          0          0          0          0       3396   syscall.o
      1676         48        770         16          0     837725   system.o
       100         18         24          4          0       1107   system_stm32f4xx.o
       728         62          0          0         64       2963   task_cancomm.o
       104         18          0          4          0       1441   task_debug.o
      1824        172          0         13        280       4661   task_gimbal.o
       994        350          0         56          0       3234   task_init.o
      1864        190          0        100        984       8420   task_jetsoncomm.o
       776        120          0         65        362      10103   task_judge.o
       316         24          0          1          0        699   task_led.o
       676         70          0          9        544       4038   task_position.o
       108         16          0          9          0        853   task_protect.o
      1374         84          0          9         98       8354   task_rc.o
       590         94          0        104       1320       3330   task_sdio.o
      1624        140          0         12        348       3877   task_shoot.o
       606         26          0          3          0       2163   task_statemachine.o
       436         64          0          4         36       1830   task_tof.o
      4892        368          0         18        128      10956   task_ui.o
      4346        480          0         68        240      34008   tasks.o
       856         72          0          0        192       4308   tim.o
      1716        158          0          0       1152       5550   usart.o

    ----------------------------------------------------------------------
     71582       4206     176430        744      33164    1349597   Object Totals
         0          0         32          0          0          0   (incl. Generated)
        92          0          2         28         10          0   (incl. Padding)

    ----------------------------------------------------------------------

      Code (inc. data)   RO Data    RW Data    ZI Data      Debug   Library Member Name

         0          0          0          0          0      16312   arm_mat_add_f32.o
         8          0          0          0          0        883   arm_mat_init_f32.o
       252          0          0          0          0       2116   arm_mat_trans_f32.o
       864         94         80          0          0        280   asin.o
       744        106        152          0          0        352   atan.o
       496         64          0          0          0        192   atan2.o
       184         44          0          0          0        744   dunder.o
        44          0          0          0          0        248   fabs.o
        48          0          0          0          0        124   fpclassify.o
       248          0          0          0          0        152   poly.o
      3152        296        136          0          0        352   pow.o
         0          0          8          0          0          0   qnan.o
       232          0          0          0          0        296   sqrt.o
        86          0          0          0          0          0   __dczerorl2.o
         0          0          0          0          0          0   entry.o
         0          0          0          0          0          0   entry10a.o
         0          0          0          0          0          0   entry11a.o
         8          4          0          0          0          0   entry2.o
         4          0          0          0          0          0   entry5.o
         0          0          0          0          0          0   entry7b.o
         0          0          0          0          0          0   entry8b.o
         8          4          0          0          0          0   entry9a.o
        12          6          0          4          0         68   errno.o
        30          0          0          0          0          0   handlers.o
        36          8          0          0          0         68   init.o
         0          0          0          0          0          0   iusefp.o
        30          0          0          0          0         68   llshl.o
        36          0          0          0          0         68   llsshr.o
        32          0          0          0          0         68   llushr.o
        36          0          0          0          0         68   memcpya.o
        36          0          0          0          0        108   memseta.o
        98          0          0          0          0         92   uldiv.o
        48          0          0          0          0         68   cdcmple.o
        48          0          0          0          0         68   cdrcmple.o
        56          0          0          0          0         88   d2f.o
       334          0          0          0          0        148   dadd.o
       222          0          0          0          0        100   ddiv.o
       186          0          0          0          0        176   depilogue.o
        34          0          0          0          0         76   dflti.o
       228          0          0          0          0         96   dmul.o
        46          0          0          0          0         80   dscalb.o
       162          0          0          0          0        100   dsqrt.o
        38          0          0          0          0         68   f2d.o
       110          0          0          0          0        168   fepilogue.o

    ----------------------------------------------------------------------
      8256        626        376          4          0      23895   Library Totals
        20          0          0          0          0          0   (incl. Padding)

    ----------------------------------------------------------------------

      Code (inc. data)   RO Data    RW Data    ZI Data      Debug   Library Name

       260          0          0          0          0      19311   arm_cortexM4l_math.lib
      6012        604        376          0          0       2740   m_wm.l
       452         22          0          4          0        608   mc_w.l
      1512          0          0          0          0       1236   mf_w.l

    ----------------------------------------------------------------------
      8256        626        376          4          0      23895   Library Totals

    ----------------------------------------------------------------------

==============================================================================


      Code (inc. data)   RO Data    RW Data    ZI Data      Debug   

     79838       4832     176806        748      33164    1323488   Grand Totals
     79838       4832     176806        104      33164    1323488   ELF Image Totals (compressed)
     79838       4832     176806        104          0          0   ROM Totals

==============================================================================

    Total RO  Size (Code + RO Data)               256644 ( 250.63kB)
    Total RW  Size (RW Data + ZI Data)             33912 (  33.12kB)
    Total ROM Size (Code + RO Data + RW Data)     256748 ( 250.73kB)

==============================================================================

