Component: ARM Compiler 5.06 update 5 (build 528) Tool: armlink [4d35e2]

==============================================================================

Section Cross References

    startup_stm32f427xx.o(RESET) refers to startup_stm32f427xx.o(STACK) for __initial_sp
    startup_stm32f427xx.o(RESET) refers to startup_stm32f427xx.o(.text) for Reset_Handler
    startup_stm32f427xx.o(RESET) refers to stm32f4xx_it.o(i.NMI_Handler) for NMI_Handler
    startup_stm32f427xx.o(RESET) refers to stm32f4xx_it.o(i.HardFault_Handler) for HardFault_Handler
    startup_stm32f427xx.o(RESET) refers to stm32f4xx_it.o(i.MemManage_Handler) for MemManage_Handler
    startup_stm32f427xx.o(RESET) refers to stm32f4xx_it.o(i.BusFault_Handler) for BusFault_Handler
    startup_stm32f427xx.o(RESET) refers to stm32f4xx_it.o(i.UsageFault_Handler) for UsageFault_Handler
    startup_stm32f427xx.o(RESET) refers to port.o(.emb_text) for SVC_Handler
    startup_stm32f427xx.o(RESET) refers to stm32f4xx_it.o(i.DebugMon_Handler) for DebugMon_Handler
    startup_stm32f427xx.o(RESET) refers to port.o(i.SysTick_Handler) for SysTick_Handler
    startup_stm32f427xx.o(RESET) refers to stm32f4xx_it.o(i.DMA1_Stream1_IRQHandler) for DMA1_Stream1_IRQHandler
    startup_stm32f427xx.o(RESET) refers to stm32f4xx_it.o(i.DMA1_Stream3_IRQHandler) for DMA1_Stream3_IRQHandler
    startup_stm32f427xx.o(RESET) refers to stm32f4xx_it.o(i.DMA1_Stream6_IRQHandler) for DMA1_Stream6_IRQHandler
    startup_stm32f427xx.o(RESET) refers to stm32f4xx_it.o(i.CAN1_RX0_IRQHandler) for CAN1_RX0_IRQHandler
    startup_stm32f427xx.o(RESET) refers to stm32f4xx_it.o(i.TIM2_IRQHandler) for TIM2_IRQHandler
    startup_stm32f427xx.o(RESET) refers to stm32f4xx_it.o(i.USART1_IRQHandler) for USART1_IRQHandler
    startup_stm32f427xx.o(RESET) refers to stm32f4xx_it.o(i.USART3_IRQHandler) for USART3_IRQHandler
    startup_stm32f427xx.o(RESET) refers to stm32f4xx_it.o(i.DMA2_Stream1_IRQHandler) for DMA2_Stream1_IRQHandler
    startup_stm32f427xx.o(RESET) refers to stm32f4xx_it.o(i.DMA2_Stream2_IRQHandler) for DMA2_Stream2_IRQHandler
    startup_stm32f427xx.o(RESET) refers to stm32f4xx_it.o(i.USART6_IRQHandler) for USART6_IRQHandler
    startup_stm32f427xx.o(RESET) refers to stm32f4xx_it.o(i.UART7_IRQHandler) for UART7_IRQHandler
    startup_stm32f427xx.o(RESET) refers to stm32f4xx_it.o(i.UART8_IRQHandler) for UART8_IRQHandler
    startup_stm32f427xx.o(.text) refers to system_stm32f4xx.o(i.SystemInit) for SystemInit
    startup_stm32f427xx.o(.text) refers to entry.o(.ARM.Collect$$$$00000000) for __main
    task_init.o(i.CanInit) refers to stm32f4xx_hal_can.o(i.HAL_CAN_ConfigFilter) for HAL_CAN_ConfigFilter
    task_init.o(i.CanInit) refers to stm32f4xx_hal_can.o(i.HAL_CAN_Start) for HAL_CAN_Start
    task_init.o(i.CanInit) refers to stm32f4xx_hal_can.o(i.HAL_CAN_ActivateNotification) for HAL_CAN_ActivateNotification
    task_init.o(i.CanInit) refers to can.o(.bss) for hcan1
    task_init.o(i.DMAInit) refers to stm32f4xx_hal_dma_ex.o(i.HAL_DMAEx_MultiBufferStart) for HAL_DMAEx_MultiBufferStart
    task_init.o(i.DMAInit) refers to stm32f4xx_hal_dma.o(i.HAL_DMA_Start_IT) for HAL_DMA_Start_IT
    task_init.o(i.DMAInit) refers to usart.o(.bss) for huart1
    task_init.o(i.DMAInit) refers to sys_def.o(.bss) for RCBuffer
    task_init.o(i.Task_Init_Config) refers to port.o(i.vPortEnterCritical) for vPortEnterCritical
    task_init.o(i.Task_Init_Config) refers to task_init.o(i.CanInit) for CanInit
    task_init.o(i.Task_Init_Config) refers to task_init.o(i.DMAInit) for DMAInit
    task_init.o(i.Task_Init_Config) refers to task_init.o(i.TIMInit) for TIMInit
    task_init.o(i.Task_Init_Config) refers to func_imu_ob.o(i.mpu_device_init) for mpu_device_init
    task_init.o(i.Task_Init_Config) refers to func_imu_ob.o(i.init_quaternion) for init_quaternion
    task_init.o(i.Task_Init_Config) refers to stm32f4xx_hal_tim.o(i.HAL_TIM_PWM_Start) for HAL_TIM_PWM_Start
    task_init.o(i.Task_Init_Config) refers to queue.o(i.xQueueGenericCreate) for xQueueGenericCreate
    task_init.o(i.Task_Init_Config) refers to tasks.o(i.xTaskCreate) for xTaskCreate
    task_init.o(i.Task_Init_Config) refers to tasks.o(i.vTaskDelete) for vTaskDelete
    task_init.o(i.Task_Init_Config) refers to port.o(i.vPortExitCritical) for vPortExitCritical
    task_init.o(i.Task_Init_Config) refers to tim.o(.bss) for htim3
    task_init.o(i.Task_Init_Config) refers to system.o(.data) for Queue_CANSend
    task_init.o(i.Task_Init_Config) refers to task_init.o(.data) for TaskProtect_Handle
    task_init.o(i.Task_Init_Config) refers to task_protect.o(i.Task_Protect) for Task_Protect
    task_init.o(i.Task_Init_Config) refers to task_cancomm.o(i.Task_CanComm) for Task_CanComm
    task_init.o(i.Task_Init_Config) refers to task_position.o(i.Task_Position) for Task_Position
    task_init.o(i.Task_Init_Config) refers to task_judge.o(i.Task_Judge) for Task_Judge
[...]
    ETH_WKUP_IRQHandler                      0x0800029b   Thumb Code     0  startup_stm32f427xx.o(.text)
    EXTI0_IRQHandler                         0x0800029b   Thumb Code     0  startup_stm32f427xx.o(.text)
    EXTI15_10_IRQHandler                     0x0800029b   Thumb Code     0  startup_stm32f427xx.o(.text)
    EXTI1_IRQHandler                         0x0800029b   Thumb Code     0  startup_stm32f427xx.o(.text)
    EXTI2_IRQHandler                         0x0800029b   Thumb Code     0  startup_stm32f427xx.o(.text)
    EXTI3_IRQHandler                         0x0800029b   Thumb Code     0  startup_stm32f427xx.o(.text)
    EXTI4_IRQHandler                         0x0800029b   Thumb Code     0  startup_stm32f427xx.o(.text)
    EXTI9_5_IRQHandler                       0x0800029b   Thumb Code     0  startup_stm32f427xx.o(.text)
    FLASH_IRQHandler                         0x0800029b   Thumb Code     0  startup_stm32f427xx.o(.text)
    FMC_IRQHandler                           0x0800029b   Thumb Code     0  startup_stm32f427xx.o(.text)
    FPU_IRQHandler                           0x0800029b   Thumb Code     0  startup_stm32f427xx.o(.text)
    HASH_RNG_IRQHandler                      0x0800029b   Thumb Code     0  startup_stm32f427xx.o(.text)
    I2C1_ER_IRQHandler                       0x0800029b   Thumb Code     0  startup_stm32f427xx.o(.text)
    I2C1_EV_IRQHandler                       0x0800029b   Thumb Code     0  startup_stm32f427xx.o(.text)
    I2C2_ER_IRQHandler                       0x0800029b   Thumb Code     0  startup_stm32f427xx.o(.text)
    I2C2_EV_IRQHandler                       0x0800029b   Thumb Code     0  startup_stm32f427xx.o(.text)
    I2C3_ER_IRQHandler                       0x0800029b   Thumb Code     0  startup_stm32f427xx.o(.text)
    I2C3_EV_IRQHandler                       0x0800029b   Thumb Code     0  startup_stm32f427xx.o(.text)
    OTG_FS_IRQHandler                        0x0800029b   Thumb Code     0  startup_stm32f427xx.o(.text)
    OTG_FS_WKUP_IRQHandler                   0x0800029b   Thumb Code     0  startup_stm32f427xx.o(.text)
    OTG_HS_EP1_IN_IRQHandler                 0x0800029b   Thumb Code     0  startup_stm32f427xx.o(.text)
    OTG_HS_EP1_OUT_IRQHandler                0x0800029b   Thumb Code     0  startup_stm32f427xx.o(.text)
    OTG_HS_IRQHandler                        0x0800029b   Thumb Code     0  startup_stm32f427xx.o(.text)
    OTG_HS_WKUP_IRQHandler                   0x0800029b   Thumb Code     0  startup_stm32f427xx.o(.text)
    PVD_IRQHandler                           0x0800029b   Thumb Code     0  startup_stm32f427xx.o(.text)
    RCC_IRQHandler                           0x0800029b   Thumb Code     0  startup_stm32f427xx.o(.text)
    RTC_Alarm_IRQHandler                     0x0800029b   Thumb Code     0  startup_stm32f427xx.o(.text)
    RTC_WKUP_IRQHandler                      0x0800029b   Thumb Code     0  startup_stm32f427xx.o(.text)
    SAI1_IRQHandler                          0x0800029b   Thumb Code     0  startup_stm32f427xx.o(.text)
    SDIO_IRQHandler                          0x0800029b   Thumb Code     0  startup_stm32f427xx.o(.text)
    SPI1_IRQHandler                          0x0800029b   Thumb Code     0  startup_stm32f427xx.o(.text)
    SPI2_IRQHandler                          0x0800029b   Thumb Code     0  startup_stm32f427xx.o(.text)
    SPI3_IRQHandler                          0x0800029b   Thumb Code     0  startup_stm32f427xx.o(.text)
    SPI4_IRQHandler                          0x0800029b   Thumb Code     0  startup_stm32f427xx.o(.text)
    SPI5_IRQHandler                          0x0800029b   Thumb Code     0  startup_stm32f427xx.o(.text)
    SPI6_IRQHandler                          0x0800029b   Thumb Code     0  startup_stm32f427xx.o(.text)
    TAMP_STAMP_IRQHandler                    0x0800029b   Thumb Code     0  startup_stm32f427xx.o(.text)
    TIM1_BRK_TIM9_IRQHandler                 0x0800029b   Thumb Code     0  startup_stm32f427xx.o(.text)
    TIM1_CC_IRQHandler                       0x0800029b   Thumb Code     0  startup_stm32f427xx.o(.text)
    TIM1_TRG_COM_TIM11_IRQHandler            0x0800029b   Thumb Code     0  startup_stm32f427xx.o(.text)
    TIM1_UP_TIM10_IRQHandler                 0x0800029b   Thumb Code     0  startup_stm32f427xx.o(.text)
    TIM3_IRQHandler                          0x0800029b   Thumb Code     0  startup_stm32f427xx.o(.text)
    TIM4_IRQHandler                          0x0800029b   Thumb Code     0  startup_stm32f427xx.o(.text)
    TIM5_IRQHandler                          0x0800029b   Thumb Code     0  startup_stm32f427xx.o(.text)
    TIM6_DAC_IRQHandler                      0x0800029b   Thumb Code     0  startup_stm32f427xx.o(.text)
    TIM7_IRQHandler                          0x0800029b   Thumb Code     0  startup_stm32f427xx.o(.text)
    TIM8_BRK_TIM12_IRQHandler                0x0800029b   Thumb Code     0  startup_stm32f427xx.o(.text)
    TIM8_CC_IRQHandler                       0x0800029b   Thumb Code     0  startup_stm32f427xx.o(.text)
    TIM8_TRG_COM_TIM14_IRQHandler            0x0800029b   Thumb Code     0  startup_stm32f427xx.o(.text)
    TIM8_UP_TIM13_IRQHandler                 0x0800029b   Thumb Code     0  startup_stm32f427xx.o(.text)
    UART4_IRQHandler                         0x0800029b   Thumb Code     0  startup_stm32f427xx.o(.text)
    UART5_IRQHandler                         0x0800029b   Thumb Code     0  startup_stm32f427xx.o(.text)
    USART2_IRQHandler                        0x0800029b   Thumb Code     0  startup_stm32f427xx.o(.text)
    WWDG_IRQHandler                          0x0800029b   Thumb Code     0  startup_stm32f427xx.o(.text)
    __aeabi_uldivmod                         0x080002a5   Thumb Code    98  uldiv.o(.text)
    __aeabi_memcpy                           0x08000307   Thumb Code    36  memcpya.o(.text)
    __aeabi_memcpy4                          0x08000307   Thumb Code     0  memcpya.o(.text)
    __aeabi_memcpy8                          0x08000307   Thumb Code     0  memcpya.o(.text)
    __aeabi_memset                           0x0800032b   Thumb Code    14  memseta.o(.text)
    __aeabi_memset4                          0x0800032b   Thumb Code     0  memseta.o(.text)
    __aeabi_memset8                          0x0800032b   Thumb Code     0  memseta.o(.text)
    __aeabi_memclr                           0x08000339   Thumb Code     4  memseta.o(.text)
    __aeabi_memclr4                          0x08000339   Thumb Code     0  memseta.o(.text)
    __aeabi_memclr8                          0x08000339   Thumb Code     0  memseta.o(.text)
    memset                                   0x0800033d   Thumb Code    18  memseta.o(.text)
    __aeabi_dadd                             0x0800034f   Thumb Code   322  dadd.o(.text)
    __aeabi_dsub                             0x08000491   Thumb Code     6  dadd.o(.text)
    __aeabi_drsub                            0x08000497   Thumb Code     6  dadd.o(.text)
    __aeabi_dmul                             0x0800049d   Thumb Code   228  dmul.o(.text)
    __aeabi_ddiv                             0x08000581   Thumb Code   222  ddiv.o(.text)
    __aeabi_i2d                              0x0800065f   Thumb Code    34  dflti.o(.text)
    __aeabi_f2d                              0x08000681   Thumb Code    38  f2d.o(.text)
    __aeabi_cdcmpeq                          0x080006a9   Thumb Code     0  cdcmple.o(.text)
    __aeabi_cdcmple                          0x080006a9   Thumb Code    48  cdcmple.o(.text)
    __aeabi_cdrcmple                         0x080006d9   Thumb Code    48  cdrcmple.o(.text)
    __aeabi_d2f                              0x08000709   Thumb Code    56  d2f.o(.text)
    __aeabi_llsl                             0x08000741   Thumb Code    30  llshl.o(.text)
    _ll_shift_l                              0x08000741   Thumb Code     0  llshl.o(.text)
    __aeabi_llsr                             0x0800075f   Thumb Code    32  llushr.o(.text)
    _ll_ushift_r                             0x0800075f   Thumb Code     0  llushr.o(.text)
    __aeabi_lasr                             0x0800077f   Thumb Code    36  llsshr.o(.text)
    _ll_sshift_r                             0x0800077f   Thumb Code     0  llsshr.o(.text)
    __I$use$fp                               0x080007a3   Thumb Code     0  iusefp.o(.text)
    _float_round                             0x080007a3   Thumb Code    18  fepilogue.o(.text)
    _float_epilogue                          0x080007b5   Thumb Code    92  fepilogue.o(.text)
    _double_round                            0x08000811   Thumb Code    30  depilogue.o(.text)
    _double_epilogue                         0x0800082f   Thumb Code   156  depilogue.o(.text)
    _dsqrt                                   0x080008cb   Thumb Code   162  dsqrt.o(.text)
    __scatterload                            0x0800096d   Thumb Code    28  init.o(.text)
    __scatterload_rt2                        0x0800096d   Thumb Code     0  init.o(.text)
    __decompress                             0x08000991   Thumb Code     0  __dczerorl.o(.text)
    __decompress0                            0x08000991   Thumb Code    58  __dczerorl.o(.text)
    BusFault_Handler                         0x080009cb   Thumb Code     4  stm32f4xx_it.o(i.BusFault_Handler)
    CAN1_RX0_IRQHandler                      0x080009d1   Thumb Code    10  stm32f4xx_it.o(i.CAN1_RX0_IRQHandler)
    CanInit                                  0x080009e1   Thumb Code    66  task_init.o(i.CanInit)
    DMA1_Stream1_IRQHandler                  0x08000a29   Thumb Code    10  stm32f4xx_it.o(i.DMA1_Stream1_IRQHandler)
    DMA1_Stream3_IRQHandler                  0x08000a39   Thumb Code    10  stm32f4xx_it.o(i.DMA1_Stream3_IRQHandler)
    DMA1_Stream6_IRQHandler                  0x08000a49   Thumb Code    10  stm32f4xx_it.o(i.DMA1_Stream6_IRQHandler)
    DMA2_Stream1_IRQHandler                  0x08000a59   Thumb Code    10  stm32f4xx_it.o(i.DMA2_Stream1_IRQHandler)
    DMA2_Stream2_IRQHandler                  0x08000a69   Thumb Code    10  stm32f4xx_it.o(i.DMA2_Stream2_IRQHandler)
    DMAInit                                  0x08000a79   Thumb Code   218  task_init.o(i.DMAInit)
    DebugMon_Handler                         0x08000c9f   Thumb Code     2  stm32f4xx_it.o(i.DebugMon_Handler)
    Error_Handler                            0x08000ca1   Thumb Code     2  main.o(i.Error_Handler)
    Get_CRC16_Check_Sum                      0x08000ca5   Thumb Code    46  task_judge.o(i.Get_CRC16_Check_Sum)
    Get_CRC8_Check_Sum                       0x08000cd9   Thumb Code    30  task_judge.o(i.Get_CRC8_Check_Sum)
    Get_Channel_Val                          0x08000cfd   Thumb Code   160  task_rc.o(i.Get_Channel_Val)
    Get_Mouse_Pressed                        0x08000d9d   Thumb Code    24  task_rc.o(i.Get_Mouse_Pressed)
    Get_Mouse_Speed                          0x08000db5   Thumb Code    36  task_rc.o(i.Get_Mouse_Speed)
    Get_Switch_Val                           0x08000dd9   Thumb Code    22  task_rc.o(i.Get_Switch_Val)
    Gimbal_Control                           0x08000df1   Thumb Code   660  task_gimbal.o(i.Gimbal_Control)
    Gimbal_Init                              0x080010c5   Thumb Code   454  task_gimbal.o(i.Gimbal_Init)
    Gimbal_PositionSet                       0x080012b5   Thumb Code   214  task_position.o(i.Gimbal_PositionSet)
    Gimbal_SetPosition                       0x080013ad   Thumb Code    96  task_gimbal.o(i.Gimbal_SetPosition)
    Gimbal_StartMove                         0x08001421   Thumb Code   250  task_gimbal.o(i.Gimbal_StartMove)
    HAL_CAN_ActivateNotification             0x0800152d   Thumb Code    42  stm32f4xx_hal_can.o(i.HAL_CAN_ActivateNotification)
    HAL_CAN_AddTxMessage                     0x08001557   Thumb Code   342  stm32f4xx_hal_can.o(i.HAL_CAN_AddTxMessage)
    HAL_CAN_ConfigFilter                     0x080016ad   Thumb Code   286  stm32f4xx_hal_can.o(i.HAL_CAN_ConfigFilter)
    HAL_CAN_ErrorCallback                    0x080017d1   Thumb Code     2  stm32f4xx_hal_can.o(i.HAL_CAN_ErrorCallback)
    HAL_CAN_GetRxMessage                     0x080017d3   Thumb Code   380  stm32f4xx_hal_can.o(i.HAL_CAN_GetRxMessage)
    HAL_CAN_IRQHandler                       0x0800194f   Thumb Code   590  stm32f4xx_hal_can.o(i.HAL_CAN_IRQHandler)
    HAL_CAN_Init                             0x08001b9d   Thumb Code   372  stm32f4xx_hal_can.o(i.HAL_CAN_Init)
    HAL_CAN_MspInit                          0x08001d11   Thumb Code   138  can.o(i.HAL_CAN_MspInit)
    HAL_CAN_RxFifo0FullCallback              0x08001da9   Thumb Code     2  stm32f4xx_hal_can.o(i.HAL_CAN_RxFifo0FullCallback)
    HAL_CAN_RxFifo0MsgPendingCallback        0x08001dad   Thumb Code   556  task_cancomm.o(i.HAL_CAN_RxFifo0MsgPendingCallback)
    HAL_CAN_RxFifo1FullCallback              0x08002001   Thumb Code     2  stm32f4xx_hal_can.o(i.HAL_CAN_RxFifo1FullCallback)
    HAL_CAN_RxFifo1MsgPendingCallback        0x08002003   Thumb Code     2  stm32f4xx_hal_can.o(i.HAL_CAN_RxFifo1MsgPendingCallback)
    HAL_CAN_SleepCallback                    0x08002005   Thumb Code     2  stm32f4xx_hal_can.o(i.HAL_CAN_SleepCallback)
    HAL_CAN_Start                            0x08002007   Thumb Code    94  stm32f4xx_hal_can.o(i.HAL_CAN_Start)
    HAL_CAN_TxMailbox0AbortCallback          0x08002065   Thumb Code     2  stm32f4xx_hal_can.o(i.HAL_CAN_TxMailbox0AbortCallback)
    HAL_CAN_TxMailbox0CompleteCallback       0x08002067   Thumb Code     2  stm32f4xx_hal_can.o(i.HAL_CAN_TxMailbox0CompleteCallback)
    HAL_CAN_TxMailbox1AbortCallback          0x08002069   Thumb Code     2  stm32f4xx_hal_can.o(i.HAL_CAN_TxMailbox1AbortCallback)
    HAL_CAN_TxMailbox1CompleteCallback       0x0800206b   Thumb Code     2  stm32f4xx_hal_can.o(i.HAL_CAN_TxMailbox1CompleteCallback)
    HAL_CAN_TxMailbox2AbortCallback          0x0800206d   Thumb Code     2  stm32f4xx_hal_can.o(i.HAL_CAN_TxMailbox2AbortCallback)
    HAL_CAN_TxMailbox2CompleteCallback       0x0800206f   Thumb Code     2  stm32f4xx_hal_can.o(i.HAL_CAN_TxMailbox2CompleteCallback)
    HAL_CAN_WakeUpFromRxMsgCallback          0x08002071   Thumb Code     2  stm32f4xx_hal_can.o(i.HAL_CAN_WakeUpFromRxMsgCallback)
    HAL_DMAEx_MultiBufferStart               0x08002073   Thumb Code   124  stm32f4xx_hal_dma_ex.o(i.HAL_DMAEx_MultiBufferStart)
    HAL_DMA_Abort_IT                         0x080020ef   Thumb Code    40  stm32f4xx_hal_dma.o(i.HAL_DMA_Abort_IT)
    HAL_DMA_IRQHandler                       0x08002119   Thumb Code   570  stm32f4xx_hal_dma.o(i.HAL_DMA_IRQHandler)
    HAL_DMA_Init                             0x08002359   Thumb Code   232  stm32f4xx_hal_dma.o(i.HAL_DMA_Init)
    HAL_DMA_Start_IT                         0x08002445   Thumb Code   158  stm32f4xx_hal_dma.o(i.HAL_DMA_Start_IT)
    HAL_Delay                                0x080024e5   Thumb Code    36  stm32f4xx_hal.o(i.HAL_Delay)
    HAL_GPIO_Init                            0x0800250d   Thumb Code   486  stm32f4xx_hal_gpio.o(i.HAL_GPIO_Init)
    HAL_GPIO_TogglePin                       0x08002729   Thumb Code    18  stm32f4xx_hal_gpio.o(i.HAL_GPIO_TogglePin)
    HAL_GPIO_WritePin                        0x0800273b   Thumb Code    12  stm32f4xx_hal_gpio.o(i.HAL_GPIO_WritePin)
    HAL_GetTick                              0x08002749   Thumb Code     6  stm32f4xx_hal.o(i.HAL_GetTick)
    HAL_IncTick                              0x08002755   Thumb Code    16  stm32f4xx_hal.o(i.HAL_IncTick)
    HAL_Init                                 0x0800276d   Thumb Code    54  stm32f4xx_hal.o(i.HAL_Init)
    HAL_InitTick                             0x080027a9   Thumb Code   124  stm32f4xx_hal_timebase_tim.o(i.HAL_InitTick)
    HAL_MspInit                              0x08002831   Thumb Code    78  stm32f4xx_hal_msp.o(i.HAL_MspInit)
    HAL_NVIC_EnableIRQ                       0x08002885   Thumb Code    32  stm32f4xx_hal_cortex.o(i.HAL_NVIC_EnableIRQ)
    HAL_NVIC_SetPriority                     0x080028a5   Thumb Code   124  stm32f4xx_hal_cortex.o(i.HAL_NVIC_SetPriority)
    HAL_NVIC_SetPriorityGrouping             0x08002921   Thumb Code    32  stm32f4xx_hal_cortex.o(i.HAL_NVIC_SetPriorityGrouping)
    HAL_RCC_ClockConfig                      0x08002949   Thumb Code   366  stm32f4xx_hal_rcc.o(i.HAL_RCC_ClockConfig)
    HAL_RCC_GetClockConfig                   0x08002ac9   Thumb Code    58  stm32f4xx_hal_rcc.o(i.HAL_RCC_GetClockConfig)
    HAL_RCC_GetHCLKFreq                      0x08002b0d   Thumb Code     6  stm32f4xx_hal_rcc.o(i.HAL_RCC_GetHCLKFreq)
    HAL_RCC_GetPCLK1Freq                     0x08002b19   Thumb Code    22  stm32f4xx_hal_rcc.o(i.HAL_RCC_GetPCLK1Freq)
    HAL_RCC_GetPCLK2Freq                     0x08002b39   Thumb Code    22  stm32f4xx_hal_rcc.o(i.HAL_RCC_GetPCLK2Freq)
    HAL_RCC_GetSysClockFreq                  0x08002b59   Thumb Code   162  stm32f4xx_hal_rcc.o(i.HAL_RCC_GetSysClockFreq)
    HAL_RCC_OscConfig                        0x08002c09   Thumb Code  1086  stm32f4xx_hal_rcc.o(i.HAL_RCC_OscConfig)
    HAL_SPI_Init                             0x08003051   Thumb Code   140  stm32f4xx_hal_spi.o(i.HAL_SPI_Init)
    HAL_SPI_MspInit                          0x080030dd   Thumb Code   124  spi.o(i.HAL_SPI_MspInit)
    HAL_SPI_TransmitReceive                  0x08003165   Thumb Code   554  stm32f4xx_hal_spi.o(i.HAL_SPI_TransmitReceive)
    HAL_TIMEx_BreakCallback                  0x0800338f   Thumb Code     2  stm32f4xx_hal_tim_ex.o(i.HAL_TIMEx_BreakCallback)
    HAL_TIMEx_CommutCallback                 0x08003391   Thumb Code     2  stm32f4xx_hal_tim_ex.o(i.HAL_TIMEx_CommutCallback)
    HAL_TIMEx_ConfigBreakDeadTime            0x08003393   Thumb Code   116  stm32f4xx_hal_tim_ex.o(i.HAL_TIMEx_ConfigBreakDeadTime)
    HAL_TIMEx_MasterConfigSynchronization    0x08003407   Thumb Code    84  stm32f4xx_hal_tim_ex.o(i.HAL_TIMEx_MasterConfigSynchronization)
    HAL_TIM_Base_Init                        0x0800345b   Thumb Code    52  stm32f4xx_hal_tim.o(i.HAL_TIM_Base_Init)
    HAL_TIM_Base_MspInit                     0x0800348f   Thumb Code     2  stm32f4xx_hal_tim.o(i.HAL_TIM_Base_MspInit)
    HAL_TIM_Base_Start_IT                    0x08003491   Thumb Code    42  stm32f4xx_hal_tim.o(i.HAL_TIM_Base_Start_IT)
    HAL_TIM_IC_CaptureCallback               0x080034bb   Thumb Code     2  stm32f4xx_hal_tim.o(i.HAL_TIM_IC_CaptureCallback)
    HAL_TIM_IRQHandler                       0x080034bd   Thumb Code   406  stm32f4xx_hal_tim.o(i.HAL_TIM_IRQHandler)
    HAL_TIM_MspPostInit                      0x08003655   Thumb Code   212  tim.o(i.HAL_TIM_MspPostInit)
    HAL_TIM_OC_DelayElapsedCallback          0x08003741   Thumb Code     2  stm32f4xx_hal_tim.o(i.HAL_TIM_OC_DelayElapsedCallback)
    HAL_TIM_PWM_ConfigChannel                0x08003743   Thumb Code   264  stm32f4xx_hal_tim.o(i.HAL_TIM_PWM_ConfigChannel)
    HAL_TIM_PWM_Init                         0x0800384b   Thumb Code    52  stm32f4xx_hal_tim.o(i.HAL_TIM_PWM_Init)
    HAL_TIM_PWM_MspInit                      0x08003881   Thumb Code    88  tim.o(i.HAL_TIM_PWM_MspInit)
    HAL_TIM_PWM_PulseFinishedCallback        0x080038e5   Thumb Code     2  stm32f4xx_hal_tim.o(i.HAL_TIM_PWM_PulseFinishedCallback)
    HAL_TIM_PWM_Start                        0x080038e9   Thumb Code    80  stm32f4xx_hal_tim.o(i.HAL_TIM_PWM_Start)
    HAL_TIM_PeriodElapsedCallback            0x08003941   Thumb Code    18  main.o(i.HAL_TIM_PeriodElapsedCallback)
    HAL_TIM_TriggerCallback                  0x08003953   Thumb Code     2  stm32f4xx_hal_tim.o(i.HAL_TIM_TriggerCallback)
    HAL_UART_ErrorCallback                   0x08003955   Thumb Code     2  stm32f4xx_hal_uart.o(i.HAL_UART_ErrorCallback)
    HAL_UART_IRQHandler                      0x08003959   Thumb Code   328  stm32f4xx_hal_uart.o(i.HAL_UART_IRQHandler)
    HAL_UART_Init                            0x08003aa5   Thumb Code   114  stm32f4xx_hal_uart.o(i.HAL_UART_Init)
    HAL_UART_MspInit                         0x08003b19   Thumb Code   968  usart.o(i.HAL_UART_MspInit)
    HAL_UART_RxCpltCallback                  0x08003f25   Thumb Code     2  stm32f4xx_hal_uart.o(i.HAL_UART_RxCpltCallback)
    HAL_UART_Transmit                        0x08003f27   Thumb Code   214  stm32f4xx_hal_uart.o(i.HAL_UART_Transmit)
    HAL_UART_TxCpltCallback                  0x08003ffd   Thumb Code     2  stm32f4xx_hal_uart.o(i.HAL_UART_TxCpltCallback)
    HardFault_Handler                        0x08003fff   Thumb Code     4  stm32f4xx_it.o(i.HardFault_Handler)
    MX_CAN1_Init                             0x08004005   Thumb Code    62  can.o(i.MX_CAN1_Init)
    MX_DMA_Init                              0x0800404d   Thumb Code   146  dma.o(i.MX_DMA_Init)
    MX_FREERTOS_Init                         0x080040e5   Thumb Code    30  freertos.o(i.MX_FREERTOS_Init)
    MX_GPIO_Init                             0x0800410d   Thumb Code   394  gpio.o(i.MX_GPIO_Init)
    MX_SPI5_Init                             0x080042ad   Thumb Code    60  spi.o(i.MX_SPI5_Init)
    MX_TIM1_Init                             0x080042f1   Thumb Code   208  tim.o(i.MX_TIM1_Init)
    MX_TIM3_Init                             0x080043c9   Thumb Code   114  tim.o(i.MX_TIM3_Init)
    MX_UART7_Init                            0x08004445   Thumb Code    46  usart.o(i.MX_UART7_Init)
    MX_UART8_Init                            0x0800447d   Thumb Code    46  usart.o(i.MX_UART8_Init)
    MX_USART1_UART_Init                      0x080044b5   Thumb Code    48  usart.o(i.MX_USART1_UART_Init)
    MX_USART3_UART_Init                      0x080044f1   Thumb Code    46  usart.o(i.MX_USART3_UART_Init)
    MX_USART6_UART_Init                      0x08004529   Thumb Code    46  usart.o(i.MX_USART6_UART_Init)
    MemManage_Handler                        0x08004561   Thumb Code     4  stm32f4xx_it.o(i.MemManage_Handler)
    Motor_Blocked_Detect                     0x08004565   Thumb Code   172  task_shoot.o(i.Motor_Blocked_Detect)
    Motor_CanSend_Gimbal                     0x08004629   Thumb Code   182  system.o(i.Motor_CanSend_Gimbal)
    Motor_CanSend_Shoot                      0x080046e5   Thumb Code   242  system.o(i.Motor_CanSend_Shoot)
    NMI_Handler                              0x080047dd   Thumb Code     2  stm32f4xx_it.o(i.NMI_Handler)
    PID_Calculation                          0x080047e1   Thumb Code   842  sys_def.o(i.PID_Calculation)
    PositionInit                             0x08004b31   Thumb Code    84  task_position.o(i.PositionInit)
    RC_Data_Update                           0x08004b91   Thumb Code   456  task_rc.o(i.RC_Data_Update)
    RC_InitConfig                            0x08004d69   Thumb Code    64  task_rc.o(i.RC_InitConfig)
    RC_UART_IRQHandler                       0x08004db5   Thumb Code   210  task_rc.o(i.RC_UART_IRQHandler)
    RefereeReceive                           0x08004ea5   Thumb Code   112  task_judge.o(i.RefereeReceive)
    Referee_IDLECallback                     0x08004f19   Thumb Code   102  task_judge.o(i.Referee_IDLECallback)
    Referee_Receive_Data_Processing          0x08004f81   Thumb Code   314  task_judge.o(i.Referee_Receive_Data_Processing)
    Shoot_Control                            0x080051d5   Thumb Code   382  task_shoot.o(i.Shoot_Control)
    Shoot_GetInfo                            0x08005385   Thumb Code   166  task_shoot.o(i.Shoot_GetInfo)
    Shoot_Init                               0x08005441   Thumb Code   674  task_shoot.o(i.Shoot_Init)
    StatusMachine_Init                       0x08005709   Thumb Code    14  task_statemachine.o(i.StatusMachine_Init)
    StatusMachine_Update                     0x0800571d   Thumb Code   250  task_statemachine.o(i.StatusMachine_Update)
    SysTick_Handler                          0x08005825   Thumb Code    46  port.o(i.SysTick_Handler)
    SystemClock_Config                       0x08005859   Thumb Code   170  main.o(i.SystemClock_Config)
    SystemInit                               0x0800590d   Thumb Code    82  system_stm32f4xx.o(i.SystemInit)
    TIM2_IRQHandler                          0x08005971   Thumb Code    10  stm32f4xx_it.o(i.TIM2_IRQHandler)
    TIMInit                                  0x08005981   Thumb Code     2  task_init.o(i.TIMInit)
    TIM_Base_SetConfig                       0x08005985   Thumb Code   170  stm32f4xx_hal_tim.o(i.TIM_Base_SetConfig)
    TIM_CCxChannelCmd                        0x08005a5d   Thumb Code    34  stm32f4xx_hal_tim.o(i.TIM_CCxChannelCmd)
    TIM_OC2_SetConfig                        0x08005af1   Thumb Code   114  stm32f4xx_hal_tim.o(i.TIM_OC2_SetConfig)
    Task_CanComm                             0x08005c39   Thumb Code    54  task_cancomm.o(i.Task_CanComm)
    Task_Debug                               0x08005c7d   Thumb Code    86  task_debug.o(i.Task_Debug)
    Task_Gimbal                              0x08005ce5   Thumb Code    40  task_gimbal.o(i.Task_Gimbal)
    Task_Init_Config                         0x08005d11   Thumb Code   308  task_init.o(i.Task_Init_Config)
    Task_JetsonComm                          0x08005f3d   Thumb Code    14  task_jetsoncomm.o(i.Task_JetsonComm)
    Task_Judge                               0x08005f4b   Thumb Code    14  task_judge.o(i.Task_Judge)
    Task_LED                                 0x08005f59   Thumb Code   278  task_led.o(i.Task_LED)
    Task_Position                            0x08006089   Thumb Code    72  task_position.o(i.Task_Position)
    Task_Protect                             0x080060d5   Thumb Code    82  task_protect.o(i.Task_Protect)
    Task_RC                                  0x08006135   Thumb Code    36  task_rc.o(i.Task_RC)
    Task_Shoot                               0x0800615d   Thumb Code    62  task_shoot.o(i.Task_Shoot)
    Task_StateMachine                        0x080061a1   Thumb Code    22  task_statemachine.o(i.Task_StateMachine)
    UART7_IRQHandler                         0x080061b9   Thumb Code    10  stm32f4xx_it.o(i.UART7_IRQHandler)
    UART8_IRQHandler                         0x080061c9   Thumb Code    16  stm32f4xx_it.o(i.UART8_IRQHandler)
    USART1_IRQHandler                        0x08006715   Thumb Code    16  stm32f4xx_it.o(i.USART1_IRQHandler)
    USART3_IRQHandler                        0x08006729   Thumb Code    16  stm32f4xx_it.o(i.USART3_IRQHandler)
    USART6_IRQHandler                        0x0800673d   Thumb Code    10  stm32f4xx_it.o(i.USART6_IRQHandler)
    Uart_Config_In_IRQHandle                 0x0800674d   Thumb Code   236  task_position.o(i.Uart_Config_In_IRQHandle)
    UsageFault_Handler                       0x0800684d   Thumb Code     4  stm32f4xx_it.o(i.UsageFault_Handler)
    Verify_CRC16_Check_Sum                   0x08006851   Thumb Code    60  task_judge.o(i.Verify_CRC16_Check_Sum)
    Verify_CRC8_Check_Sum                    0x08006891   Thumb Code    46  task_judge.o(i.Verify_CRC8_Check_Sum)
    __ARM_fpclassify                         0x080068bf   Thumb Code    48  fpclassify.o(i.__ARM_fpclassify)
    __hardfp_asin                            0x08006929   Thumb Code   770  asin.o(i.__hardfp_asin)
    __hardfp_atan                            0x08006c89   Thumb Code   622  atan.o(i.__hardfp_atan)
    __hardfp_atan2                           0x08006f61   Thumb Code   432  atan2.o(i.__hardfp_atan2)
    __hardfp_fabs                            0x08007151   Thumb Code    20  fabs.o(i.__hardfp_fabs)
    __hardfp_sqrt                            0x08007165   Thumb Code   122  sqrt.o(i.__hardfp_sqrt)
    __kernel_poly                            0x080071df   Thumb Code   248  poly.o(i.__kernel_poly)
    __mathlib_dbl_infnan                     0x080072d7   Thumb Code    20  dunder.o(i.__mathlib_dbl_infnan)
    __mathlib_dbl_infnan2                    0x080072eb   Thumb Code    20  dunder.o(i.__mathlib_dbl_infnan2)
    __mathlib_dbl_invalid                    0x08007301   Thumb Code    24  dunder.o(i.__mathlib_dbl_invalid)
    __mathlib_dbl_underflow                  0x08007321   Thumb Code    24  dunder.o(i.__mathlib_dbl_underflow)
    __scatterload_copy                       0x08007341   Thumb Code    14  handlers.o(i.__scatterload_copy)
    __scatterload_null                       0x0800734f   Thumb Code     2  handlers.o(i.__scatterload_null)
    __scatterload_zeroinit                   0x08007351   Thumb Code    14  handlers.o(i.__scatterload_zeroinit)
    __set_errno                              0x08007361   Thumb Code     6  errno.o(i.__set_errno)
    atan                                     0x0800736d   Thumb Code    16  atan.o(i.atan)
    configureTimerForRunTimeStats            0x0800737d   Thumb Code     2  freertos.o(i.configureTimerForRunTimeStats)
    delta_angle                              0x0800737f   Thumb Code    64  task_cancomm.o(i.delta_angle)
    fabs                                     0x080073bf   Thumb Code    24  fabs.o(i.fabs)
    getRunTimeCounterValue                   0x080073d7   Thumb Code     4  freertos.o(i.getRunTimeCounterValue)
    imu_ahrs_update                          0x080073dd   Thumb Code  1830  func_imu_ob.o(i.imu_ahrs_update)
    imu_attitude_update                      0x08007b49   Thumb Code   506  func_imu_ob.o(i.imu_attitude_update)
    imu_temp_ctrl                            0x08007d61   Thumb Code    76  func_imu_ob.o(i.imu_temp_ctrl)
    init_quaternion                          0x08007db5   Thumb Code   596  func_imu_ob.o(i.init_quaternion)
    inv_sqrt                                 0x08008079   Thumb Code    56  func_imu_ob.o(i.inv_sqrt)
    ist8310_get_data                         0x080080b5   Thumb Code    16  func_imu_ob.o(i.ist8310_get_data)
    ist8310_init                             0x080080c5   Thumb Code   256  func_imu_ob.o(i.ist8310_init)
    main                                     0x0800823f   Thumb Code    64  main.o(i.main)
    mpu_device_init                          0x0800828d   Thumb Code   100  func_imu_ob.o(i.mpu_device_init)
    mpu_get_data                             0x080082f9   Thumb Code   354  func_imu_ob.o(i.mpu_get_data)
    mpu_offset_call                          0x08008505   Thumb Code   304  func_imu_ob.o(i.mpu_offset_call)
    mpu_read_byte                            0x0800863d   Thumb Code    68  func_imu_ob.o(i.mpu_read_byte)
    mpu_read_bytes                           0x08008691   Thumb Code    80  func_imu_ob.o(i.mpu_read_bytes)
    mpu_set_accel_fsr                        0x080086f5   Thumb Code    16  func_imu_ob.o(i.mpu_set_accel_fsr)
    mpu_set_gyro_fsr                         0x08008705   Thumb Code    16  func_imu_ob.o(i.mpu_set_gyro_fsr)
    mpu_write_byte                           0x08008715   Thumb Code    72  func_imu_ob.o(i.mpu_write_byte)
    osKernelStart                            0x0800876d   Thumb Code    10  cmsis_os.o(i.osKernelStart)
    osThreadCreate                           0x08008777   Thumb Code    94  cmsis_os.o(i.osThreadCreate)
    pvPortMalloc                             0x08008dc5   Thumb Code   296  heap_4.o(i.pvPortMalloc)
    pxPortInitialiseStack                    0x08008f01   Thumb Code    38  port.o(i.pxPortInitialiseStack)
    sqrt                                     0x08008f2d   Thumb Code   110  sqrt.o(i.sqrt)
    ulTaskNotifyTake                         0x08008f9d   Thumb Code   108  tasks.o(i.ulTaskNotifyTake)
    uxListRemove                             0x08009011   Thumb Code    40  list.o(i.uxListRemove)
    vApplicationGetIdleTaskMemory            0x08009039   Thumb Code    14  freertos.o(i.vApplicationGetIdleTaskMemory)
    vListInitialise                          0x08009051   Thumb Code    26  list.o(i.vListInitialise)
    vListInitialiseItem                      0x0800906b   Thumb Code     6  list.o(i.vListInitialiseItem)
    vListInsert                              0x08009071   Thumb Code    52  list.o(i.vListInsert)
    vListInsertEnd                           0x080090a5   Thumb Code    24  list.o(i.vListInsertEnd)
    vPortEnterCritical                       0x080090bd   Thumb Code    76  port.o(i.vPortEnterCritical)
    vPortExitCritical                        0x08009111   Thumb Code    56  port.o(i.vPortExitCritical)
    vPortFree                                0x0800914d   Thumb Code   140  heap_4.o(i.vPortFree)
    vPortSetupTimerInterrupt                 0x080091e1   Thumb Code    36  port.o(i.vPortSetupTimerInterrupt)
    vPortValidateInterruptPriority           0x08009209   Thumb Code   106  port.o(i.vPortValidateInterruptPriority)
    vTaskDelayUntil                          0x08009281   Thumb Code   200  tasks.o(i.vTaskDelayUntil)
    vTaskDelete                              0x08009355   Thumb Code   202  tasks.o(i.vTaskDelete)
    vTaskInternalSetTimeOutState             0x08009449   Thumb Code    14  tasks.o(i.vTaskInternalSetTimeOutState)
    vTaskMissedYield                         0x08009461   Thumb Code     8  tasks.o(i.vTaskMissedYield)
    vTaskNotifyGiveFromISR                   0x0800946d   Thumb Code   216  tasks.o(i.vTaskNotifyGiveFromISR)
    vTaskPlaceOnEventList                    0x0800955d   Thumb Code    52  tasks.o(i.vTaskPlaceOnEventList)
    vTaskStartScheduler                      0x08009595   Thumb Code   150  tasks.o(i.vTaskStartScheduler)
    vTaskSuspendAll                          0x08009649   Thumb Code    12  tasks.o(i.vTaskSuspendAll)
    vTaskSwitchContext                       0x08009659   Thumb Code   172  tasks.o(i.vTaskSwitchContext)
    xPortStartScheduler                      0x08009721   Thumb Code   330  port.o(i.xPortStartScheduler)
    xQueueGenericCreate                      0x08009889   Thumb Code    94  queue.o(i.xQueueGenericCreate)
    xQueueGenericReset                       0x080098e9   Thumb Code   146  queue.o(i.xQueueGenericReset)
    xQueueGenericSend                        0x08009981   Thumb Code   420  queue.o(i.xQueueGenericSend)
    xQueueReceive                            0x08009b29   Thumb Code   356  queue.o(i.xQueueReceive)
    xTaskCheckForTimeOut                     0x08009c91   Thumb Code   132  tasks.o(i.xTaskCheckForTimeOut)
    xTaskCreate                              0x08009d1d   Thumb Code   100  tasks.o(i.xTaskCreate)
    xTaskCreateStatic                        0x08009d81   Thumb Code   184  tasks.o(i.xTaskCreateStatic)
    xTaskGenericNotify                       0x08009e39   Thumb Code   242  tasks.o(i.xTaskGenericNotify)
    xTaskGetSchedulerState                   0x08009f3d   Thumb Code    24  tasks.o(i.xTaskGetSchedulerState)
    xTaskGetTickCount                        0x08009f5d   Thumb Code     6  tasks.o(i.xTaskGetTickCount)
    xTaskIncrementTick                       0x08009f69   Thumb Code   282  tasks.o(i.xTaskIncrementTick)
    xTaskPriorityDisinherit                  0x0800a0b1   Thumb Code   188  tasks.o(i.xTaskPriorityDisinherit)
    xTaskRemoveFromEventList                 0x0800a179   Thumb Code   128  tasks.o(i.xTaskRemoveFromEventList)
    xTaskResumeAll                           0x0800a211   Thumb Code   224  tasks.o(i.xTaskResumeAll)
    CRC8_INIT                                0x0800a314   Data           1  task_judge.o(.constdata)
    CRC8_TAB                                 0x0800a315   Data         256  task_judge.o(.constdata)
    wCRC_Table                               0x0800a416   Data         512  task_judge.o(.constdata)
    AHBPrescTable                            0x0800a63c   Data          16  system_stm32f4xx.o(.constdata)
    APBPrescTable                            0x0800a64c   Data           8  system_stm32f4xx.o(.constdata)
    __mathlib_zero                           0x0800a750   Data           8  qnan.o(.constdata)
    Region$$Table$$Base                      0x0800a764   Number         0  anon$$obj.o(Region$$Table)
    Region$$Table$$Limit                     0x0800a784   Number         0  anon$$obj.o(Region$$Table)
    TaskProtect_Handle                       0x20000000   Data           4  task_init.o(.data)
    TaskCanComm_Handle                       0x20000004   Data           4  task_init.o(.data)
    TaskPosition_Handle                      0x20000008   Data           4  task_init.o(.data)
    TaskJudge_Handle                         0x2000000c   Data           4  task_init.o(.data)
    TaskJetsonComm_Handle                    0x20000010   Data           4  task_init.o(.data)
    TaskRC_Handle                            0x20000014   Data           4  task_init.o(.data)
    TaskStateMachine_Handle                  0x20000018   Data           4  task_init.o(.data)
    TaskGimbal_Handle                        0x2000001c   Data           4  task_init.o(.data)
    TaskShoot_Handle                         0x20000020   Data           4  task_init.o(.data)
    TaskDebug_Handle                         0x20000024   Data           4  task_init.o(.data)
    TaskLED_Handle                           0x20000028   Data           4  task_init.o(.data)
    usart_this_time_rx_len                   0x20000034   Data           1  task_position.o(.data)
    a                                        0x20000038   Data           4  task_position.o(.data)
    i                                        0x2000003c   Data           1  task_position.o(.data)
    ext_game_state                           0x2000003e   Data           3  task_judge.o(.data)
    ext_game_result                          0x20000041   Data           1  task_judge.o(.data)
    ext_dart_status                          0x20000042   Data           3  task_judge.o(.data)
    ext_event_data                           0x20000045   Data           4  task_judge.o(.data)
    ext_supply_projectile_action             0x20000049   Data           4  task_judge.o(.data)
    ext_referee_warning                      0x2000004d   Data           2  task_judge.o(.data)
    ext_dart_remaining_time                  0x2000004f   Data           1  task_judge.o(.data)
    ext_buff_musk                            0x20000050   Data           1  task_judge.o(.data)
    aerial_robot_energy                      0x20000051   Data           2  task_judge.o(.data)
    ext_robot_hurt                           0x20000053   Data           1  task_judge.o(.data)
    ext_shoot_data                           0x20000054   Data           6  task_judge.o(.data)
    ext_bullet_remaining                     0x2000005a   Data           2  task_judge.o(.data)
    ext_rfid_status                          0x2000005c   Data           4  task_judge.o(.data)
    CRC_INIT                                 0x20000060   Data           2  task_judge.o(.data)
    test_speed                               0x20000064   Data           4  task_gimbal.o(.data)
    test_angle                               0x20000068   Data           4  task_gimbal.o(.data)
    test_output                              0x2000006c   Data           2  task_gimbal.o(.data)
    BlockedWarningTimes                      0x2000007a   Data           1  task_shoot.o(.data)
    value                                    0x2000007c   Data           2  task_shoot.o(.data)
    Head                                     0x20000081   Data           2  task_debug.o(.data)
    Tail                                     0x20000083   Data           2  task_debug.o(.data)
    RC_Rx_Mem                                0x20000088   Data           1  sys_def.o(.data)
    Jetson_Seq                               0x20000089   Data           1  sys_def.o(.data)
    CommStatus                               0x2000008a   Data           4  sys_def.o(.data)
    Pitch_Desire                             0x20000090   Data           4  sys_def.o(.data)
    Yaw_Desire                               0x20000094   Data           4  sys_def.o(.data)
    Pitch_otcAngle                           0x20000098   Data           4  sys_def.o(.data)
    Yaw_otcAngle                             0x2000009c   Data           4  sys_def.o(.data)
    Jetson_AnglePitch                        0x200000a0   Data           4  sys_def.o(.data)
    Jetson_AngleYaw                          0x200000a4   Data           4  sys_def.o(.data)
    Jetson_VelocityPitch                     0x200000a8   Data           4  sys_def.o(.data)
    Jetson_VelocityYaw                       0x200000ac   Data           4  sys_def.o(.data)
    GYRO_Rx_Mem                              0x200000b0   Data           1  sys_def.o(.data)
    GYRO_Rx_Mem2                             0x200000b1   Data           1  sys_def.o(.data)
    Queue_CANSend                            0x200000b4   Data           4  system.o(.data)
    Task_InitHandle                          0x200000b8   Data           4  freertos.o(.data)
    uwTick                                   0x200000bc   Data           4  stm32f4xx_hal.o(.data)
    uwTickPrio                               0x200000c0   Data           4  stm32f4xx_hal.o(.data)
    uwTickFreq                               0x200000c4   Data           1  stm32f4xx_hal.o(.data)
    SystemCoreClock                          0x200000c8   Data           4  system_stm32f4xx.o(.data)
    pxCurrentTCB                             0x200000cc   Data           4  tasks.o(.data)
    q0                                       0x20000134   Data           4  func_imu_ob.o(.data)
    q1                                       0x20000138   Data           4  func_imu_ob.o(.data)
    q2                                       0x2000013c   Data           4  func_imu_ob.o(.data)
    q3                                       0x20000140   Data           4  func_imu_ob.o(.data)
    exInt                                    0x20000144   Data           4  func_imu_ob.o(.data)
    eyInt                                    0x20000148   Data           4  func_imu_ob.o(.data)
    ezInt                                    0x2000014c   Data           4  func_imu_ob.o(.data)
    last_update                              0x20000174   Data           4  func_imu_ob.o(.data)
    now_update                               0x20000178   Data           4  func_imu_ob.o(.data)
    ist_buff                                 0x2000018c   Data           6  func_imu_ob.o(.data)
    imu                                      0x20000194   Data          56  func_imu_ob.o(.data)
    id                                       0x200001cc   Data           1  func_imu_ob.o(.data)
    ext_game_robot_HP                        0x200001d4   Data          32  task_judge.o(.bss)
    ext_game_robot_state                     0x200001f4   Data          18  task_judge.o(.bss)
    ext_power_heat_data                      0x20000206   Data          16  task_judge.o(.bss)
    ext_game_robot_pos                       0x20000216   Data          16  task_judge.o(.bss)
    Can_TX_Message                           0x20000228   Data          36  task_cancomm.o(.bss)
    RxHeader                                 0x2000024c   Data          28  task_cancomm.o(.bss)
    PitchMotor                               0x20000268   Data         116  sys_def.o(.bss)
    YawMotor                                 0x200002dc   Data         116  sys_def.o(.bss)
    FricMotor_Left                           0x20000350   Data         116  sys_def.o(.bss)
    FricMotor_Right                          0x200003c4   Data         116  sys_def.o(.bss)
    StirMotor                                0x20000438   Data         116  sys_def.o(.bss)
    RC_ReceiveData                           0x200004ac   Data          24  sys_def.o(.bss)
    LastRC_ReceiveData                       0x200004c4   Data          24  sys_def.o(.bss)
    RCBuffer                                 0x200004dc   Data          50  sys_def.o(.bss)
    Judge_Receive_Buffer                     0x2000050e   Data         130  sys_def.o(.bss)
    GYRO                                     0x20000590   Data          36  sys_def.o(.bss)
    CAN_Tx_Msg                               0x200005b4   Data          36  sys_def.o(.bss)
    Gimbal                                   0x200005d8   Data          28  sys_def.o(.bss)
    JetsonFlag                               0x200005f4   Data         320  sys_def.o(.bss)
    DataSendToJetson_gyro                    0x20000734   Data          16  sys_def.o(.bss)
    DataRecFromJetson                        0x20000744   Data          16  sys_def.o(.bss)
    DataRecFromJetson_Temp                   0x20000754   Data          16  sys_def.o(.bss)
    DataSendToJetson                         0x20000764   Data          20  sys_def.o(.bss)
    PersonalGYRO                             0x20000778   Data          36  sys_def.o(.bss)
    PersonalGYRO2                            0x2000079c   Data          36  sys_def.o(.bss)
    GYROBuffer                               0x200007c0   Data         158  sys_def.o(.bss)
    GYROBuffer2                              0x2000085e   Data         158  sys_def.o(.bss)
    hcan1                                    0x200008fc   Data          40  can.o(.bss)
    hspi5                                    0x20000b94   Data          88  spi.o(.bss)
    htim2                                    0x20000bec   Data          64  stm32f4xx_hal_timebase_tim.o(.bss)
    htim1                                    0x20000c2c   Data          64  tim.o(.bss)
    htim3                                    0x20000c6c   Data          64  tim.o(.bss)
    huart7                                   0x20000cac   Data          64  usart.o(.bss)
    huart8                                   0x20000cec   Data          64  usart.o(.bss)
    huart1                                   0x20000d2c   Data          64  usart.o(.bss)
    huart3                                   0x20000d6c   Data          64  usart.o(.bss)
    huart6                                   0x20000dac   Data          64  usart.o(.bss)
    hdma_uart8_rx                            0x20000dec   Data          96  usart.o(.bss)
    hdma_usart1_rx                           0x20000e4c   Data          96  usart.o(.bss)
    hdma_usart3_rx                           0x20000eac   Data          96  usart.o(.bss)
    hdma_usart3_tx                           0x20000f0c   Data          96  usart.o(.bss)
    hdma_usart6_rx                           0x20000f6c   Data          96  usart.o(.bss)
    mpu_buff                                 0x200060bc   Data          14  func_imu_ob.o(.bss)
    mpu_data                                 0x200060ca   Data          32  func_imu_ob.o(.bss)
    __initial_sp                             0x200064f0   Data           0  startup_stm32f427xx.o(STACK)



==============================================================================

Memory Map of the image

  Image Entry point : 0x080001ad

  Load Region LR_IROM1 (Base: 0x08000000, Size: 0x0000a958, Max: 0x00200000, ABSOLUTE, COMPRESSED[0x0000a7ac])

    Execution Region ER_IROM1 (Exec base: 0x08000000, Load base: 0x08000000, Size: 0x0000a784, Max: 0x00200000, ABSOLUTE)

    Exec Addr    Load Addr    Size         Type   Attr      Idx    E Section Name        Object

    0x08000000   0x08000000   0x000001ac   Data   RO            3    RESET               startup_stm32f427xx.o
    0x080001ac   0x080001ac   0x00000000   Code   RO         6363  * .ARM.Collect$$$$00000000  mc_w.l(entry.o)
    0x080001ac   0x080001ac   0x00000004   Code   RO         6692    .ARM.Collect$$$$00000001  mc_w.l(entry2.o)
    0x080001b0   0x080001b0   0x00000004   Code   RO         6695    .ARM.Collect$$$$00000004  mc_w.l(entry5.o)
    0x080001b4   0x080001b4   0x00000000   Code   RO         6697    .ARM.Collect$$$$00000008  mc_w.l(entry7b.o)
    0x080001b4   0x080001b4   0x00000000   Code   RO         6699    .ARM.Collect$$$$0000000A  mc_w.l(entry8b.o)
    0x080001b4   0x080001b4   0x00000008   Code   RO         6700    .ARM.Collect$$$$0000000B  mc_w.l(entry9a.o)
    0x080001bc   0x080001bc   0x00000000   Code   RO         6702    .ARM.Collect$$$$0000000D  mc_w.l(entry10a.o)
    0x080001bc   0x080001bc   0x00000000   Code   RO         6704    .ARM.Collect$$$$0000000F  mc_w.l(entry11a.o)
    0x080001bc   0x080001bc   0x00000004   Code   RO         6693    .ARM.Collect$$$$00002712  mc_w.l(entry2.o)
    0x080001c0   0x080001c0   0x000000be   Code   RO         6105    .emb_text           port.o
    0x0800027e   0x0800027e   0x00000002   PAD
    0x08000280   0x08000280   0x00000024   Code   RO            4    .text               startup_stm32f427xx.o
    0x080002a4   0x080002a4   0x00000062   Code   RO         6366    .text               mc_w.l(uldiv.o)
    0x08000306   0x08000306   0x00000024   Code   RO         6368    .text               mc_w.l(memcpya.o)
    0x0800032a   0x0800032a   0x00000024   Code   RO         6372    .text               mc_w.l(memseta.o)
    0x0800034e   0x0800034e   0x0000014e   Code   RO         6641    .text               mf_w.l(dadd.o)
    0x0800049c   0x0800049c   0x000000e4   Code   RO         6643    .text               mf_w.l(dmul.o)
    0x08000580   0x08000580   0x000000de   Code   RO         6645    .text               mf_w.l(ddiv.o)
    0x0800065e   0x0800065e   0x00000022   Code   RO         6649    .text               mf_w.l(dflti.o)
    0x08000680   0x08000680   0x00000026   Code   RO         6651    .text               mf_w.l(f2d.o)
    0x080006a6   0x080006a6   0x00000002   PAD
    0x080006a8   0x080006a8   0x00000030   Code   RO         6653    .text               mf_w.l(cdcmple.o)
    0x080006d8   0x080006d8   0x00000030   Code   RO         6655    .text               mf_w.l(cdrcmple.o)
    0x08000708   0x08000708   0x00000038   Code   RO         6657    .text               mf_w.l(d2f.o)
    0x08000740   0x08000740   0x0000001e   Code   RO         6711    .text               mc_w.l(llshl.o)
    0x0800075e   0x0800075e   0x00000020   Code   RO         6713    .text               mc_w.l(llushr.o)
    0x0800077e   0x0800077e   0x00000024   Code   RO         6715    .text               mc_w.l(llsshr.o)
    0x080007a2   0x080007a2   0x00000000   Code   RO         6724    .text               mc_w.l(iusefp.o)
    0x080007a2   0x080007a2   0x0000006e   Code   RO         6725    .text               mf_w.l(fepilogue.o)
    0x08000810   0x08000810   0x000000ba   Code   RO         6727    .text               mf_w.l(depilogue.o)
    0x080008ca   0x080008ca   0x000000a2   Code   RO         6729    .text               mf_w.l(dsqrt.o)
    0x0800096c   0x0800096c   0x00000024   Code   RO         6733    .text               mc_w.l(init.o)
    0x08000990   0x08000990   0x0000003a   Code   RO         6745    .text               mc_w.l(__dczerorl.o)
    0x080009ca   0x080009ca   0x00000004   Code   RO         1461    i.BusFault_Handler  stm32f4xx_it.o
    0x080009ce   0x080009ce   0x00000002   PAD
    0x080009d0   0x080009d0   0x00000010   Code   RO         1462    i.CAN1_RX0_IRQHandler  stm32f4xx_it.o
    0x080009e0   0x080009e0   0x00000048   Code   RO           13    i.CanInit           task_init.o
    0x08000a28   0x08000a28   0x00000010   Code   RO         1463    i.DMA1_Stream1_IRQHandler  stm32f4xx_it.o
    0x08000a38   0x08000a38   0x00000010   Code   RO         1464    i.DMA1_Stream3_IRQHandler  stm32f4xx_it.o
    0x08000a48   0x08000a48   0x00000010   Code   RO         1465    i.DMA1_Stream6_IRQHandler  stm32f4xx_it.o
    0x08000a58   0x08000a58   0x00000010   Code   RO         1466    i.DMA2_Stream1_IRQHandler  stm32f4xx_it.o
    0x08000a68   0x08000a68   0x00000010   Code   RO         1467    i.DMA2_Stream2_IRQHandler  stm32f4xx_it.o
    0x08000a78   0x08000a78   0x000000fc   Code   RO           14    i.DMAInit           task_init.o
    0x08000b74   0x08000b74   0x00000034   Code   RO         2407    i.DMA_CalcBaseAndBitshift  stm32f4xx_hal_dma.o
    0x08000ba8   0x08000ba8   0x000000aa   Code   RO         2408    i.DMA_CheckFifoParam  stm32f4xx_hal_dma.o
    0x08000c52   0x08000c52   0x00000020   Code   RO         2366    i.DMA_MultiBufferSetConfig  stm32f4xx_hal_dma_ex.o
    0x08000c72   0x08000c72   0x0000002c   Code   RO         2409    i.DMA_SetConfig     stm32f4xx_hal_dma.o
    0x08000c9e   0x08000c9e   0x00000002   Code   RO         1468    i.DebugMon_Handler  stm32f4xx_it.o
    0x08000ca0   0x08000ca0   0x00000002   Code   RO         1033    i.Error_Handler     main.o
    0x08000ca2   0x08000ca2   0x00000002   PAD
    0x08000ca4   0x08000ca4   0x00000034   Code   RO          369    i.Get_CRC16_Check_Sum  task_judge.o
    0x08000cd8   0x08000cd8   0x00000024   Code   RO          370    i.Get_CRC8_Check_Sum  task_judge.o
    0x08000cfc   0x08000cfc   0x000000a0   Code   RO          480    i.Get_Channel_Val   task_rc.o
    0x08000d9c   0x08000d9c   0x00000018   Code   RO          482    i.Get_Mouse_Pressed  task_rc.o
    0x08000db4   0x08000db4   0x00000024   Code   RO          483    i.Get_Mouse_Speed   task_rc.o
    0x08000dd8   0x08000dd8   0x00000016   Code   RO          484    i.Get_Switch_Val    task_rc.o
    0x08000dee   0x08000dee   0x00000002   PAD
    0x08000df0   0x08000df0   0x000002d4   Code   RO          638    i.Gimbal_Control    task_gimbal.o
    0x080010c4   0x080010c4   0x000001f0   Code   RO          639    i.Gimbal_Init       task_gimbal.o
    0x080012b4   0x080012b4   0x000000f8   Code   RO          293    i.Gimbal_PositionSet  task_position.o
    0x080013ac   0x080013ac   0x00000074   Code   RO          641    i.Gimbal_SetPosition  task_gimbal.o
    0x08001420   0x08001420   0x0000010c   Code   RO          642    i.Gimbal_StartMove  task_gimbal.o
    0x0800152c   0x0800152c   0x0000002a   Code   RO         1613    i.HAL_CAN_ActivateNotification  stm32f4xx_hal_can.o
    0x08001556   0x08001556   0x00000156   Code   RO         1614    i.HAL_CAN_AddTxMessage  stm32f4xx_hal_can.o
    0x080016ac   0x080016ac   0x00000124   Code   RO         1615    i.HAL_CAN_ConfigFilter  stm32f4xx_hal_can.o
    0x080017d0   0x080017d0   0x00000002   Code   RO         1618    i.HAL_CAN_ErrorCallback  stm32f4xx_hal_can.o
    0x080017d2   0x080017d2   0x0000017c   Code   RO         1621    i.HAL_CAN_GetRxMessage  stm32f4xx_hal_can.o
    0x0800194e   0x0800194e   0x0000024e   Code   RO         1625    i.HAL_CAN_IRQHandler  stm32f4xx_hal_can.o
    0x08001b9c   0x08001b9c   0x00000174   Code   RO         1626    i.HAL_CAN_Init      stm32f4xx_hal_can.o
    0x08001d10   0x08001d10   0x00000098   Code   RO         1106    i.HAL_CAN_MspInit   can.o
    0x08001da8   0x08001da8   0x00000002   Code   RO         1633    i.HAL_CAN_RxFifo0FullCallback  stm32f4xx_hal_can.o
    0x08001daa   0x08001daa   0x00000002   PAD
    0x08001dac   0x08001dac   0x00000254   Code   RO          556    i.HAL_CAN_RxFifo0MsgPendingCallback  task_cancomm.o
    0x08002000   0x08002000   0x00000002   Code   RO         1635    i.HAL_CAN_RxFifo1FullCallback  stm32f4xx_hal_can.o
    0x08002002   0x08002002   0x00000002   Code   RO         1636    i.HAL_CAN_RxFifo1MsgPendingCallback  stm32f4xx_hal_can.o
    0x08002004   0x08002004   0x00000002   Code   RO         1637    i.HAL_CAN_SleepCallback  stm32f4xx_hal_can.o
    0x08002006   0x08002006   0x0000005e   Code   RO         1638    i.HAL_CAN_Start     stm32f4xx_hal_can.o
    0x08002064   0x08002064   0x00000002   Code   RO         1640    i.HAL_CAN_TxMailbox0AbortCallback  stm32f4xx_hal_can.o
    0x08002066   0x08002066   0x00000002   Code   RO         1641    i.HAL_CAN_TxMailbox0CompleteCallback  stm32f4xx_hal_can.o
    0x08002068   0x08002068   0x00000002   Code   RO         1642    i.HAL_CAN_TxMailbox1AbortCallback  stm32f4xx_hal_can.o
    0x0800206a   0x0800206a   0x00000002   Code   RO         1643    i.HAL_CAN_TxMailbox1CompleteCallback  stm32f4xx_hal_can.o
    0x0800206c   0x0800206c   0x00000002   Code   RO         1644    i.HAL_CAN_TxMailbox2AbortCallback  stm32f4xx_hal_can.o
    0x0800206e   0x0800206e   0x00000002   Code   RO         1645    i.HAL_CAN_TxMailbox2CompleteCallback  stm32f4xx_hal_can.o
    0x08002070   0x08002070   0x00000002   Code   RO         1647    i.HAL_CAN_WakeUpFromRxMsgCallback  stm32f4xx_hal_can.o
    0x08002072   0x08002072   0x0000007c   Code   RO         2368    i.HAL_DMAEx_MultiBufferStart  stm32f4xx_hal_dma_ex.o
    0x080020ee   0x080020ee   0x00000028   Code   RO         2411    i.HAL_DMA_Abort_IT  stm32f4xx_hal_dma.o
    0x08002116   0x08002116   0x00000002   PAD
    0x08002118   0x08002118   0x00000240   Code   RO         2415    i.HAL_DMA_IRQHandler  stm32f4xx_hal_dma.o
    0x08002358   0x08002358   0x000000ec   Code   RO         2416    i.HAL_DMA_Init      stm32f4xx_hal_dma.o
    0x08002444   0x08002444   0x0000009e   Code   RO         2420    i.HAL_DMA_Start_IT  stm32f4xx_hal_dma.o
    0x080024e2   0x080024e2   0x00000002   PAD
    0x080024e4   0x080024e4   0x00000028   Code   RO         2852    i.HAL_Delay         stm32f4xx_hal.o
    0x0800250c   0x0800250c   0x0000021c   Code   RO         2303    i.HAL_GPIO_Init     stm32f4xx_hal_gpio.o
    0x08002728   0x08002728   0x00000012   Code   RO         2306    i.HAL_GPIO_TogglePin  stm32f4xx_hal_gpio.o
    0x0800273a   0x0800273a   0x0000000c   Code   RO         2307    i.HAL_GPIO_WritePin  stm32f4xx_hal_gpio.o
    0x08002746   0x08002746   0x00000002   PAD
    0x08002748   0x08002748   0x0000000c   Code   RO         2860    i.HAL_GetTick       stm32f4xx_hal.o
    0x08002754   0x08002754   0x00000018   Code   RO         2866    i.HAL_IncTick       stm32f4xx_hal.o
    0x0800276c   0x0800276c   0x0000003c   Code   RO         2867    i.HAL_Init          stm32f4xx_hal.o
    0x080027a8   0x080027a8   0x00000088   Code   RO         1302    i.HAL_InitTick      stm32f4xx_hal_timebase_tim.o
    0x08002830   0x08002830   0x00000054   Code   RO         1588    i.HAL_MspInit       stm32f4xx_hal_msp.o
    0x08002884   0x08002884   0x00000020   Code   RO         2710    i.HAL_NVIC_EnableIRQ  stm32f4xx_hal_cortex.o
    0x080028a4   0x080028a4   0x0000007c   Code   RO         2716    i.HAL_NVIC_SetPriority  stm32f4xx_hal_cortex.o
    0x08002920   0x08002920   0x00000028   Code   RO         2717    i.HAL_NVIC_SetPriorityGrouping  stm32f4xx_hal_cortex.o
    0x08002948   0x08002948   0x00000180   Code   RO         1847    i.HAL_RCC_ClockConfig  stm32f4xx_hal_rcc.o
    0x08002ac8   0x08002ac8   0x00000044   Code   RO         1851    i.HAL_RCC_GetClockConfig  stm32f4xx_hal_rcc.o
    0x08002b0c   0x08002b0c   0x0000000c   Code   RO         1852    i.HAL_RCC_GetHCLKFreq  stm32f4xx_hal_rcc.o
    0x08002b18   0x08002b18   0x00000020   Code   RO         1854    i.HAL_RCC_GetPCLK1Freq  stm32f4xx_hal_rcc.o
    0x08002b38   0x08002b38   0x00000020   Code   RO         1855    i.HAL_RCC_GetPCLK2Freq  stm32f4xx_hal_rcc.o
    0x08002b58   0x08002b58   0x000000b0   Code   RO         1856    i.HAL_RCC_GetSysClockFreq  stm32f4xx_hal_rcc.o
    0x08002c08   0x08002c08   0x00000448   Code   RO         1859    i.HAL_RCC_OscConfig  stm32f4xx_hal_rcc.o
    0x08003050   0x08003050   0x0000008c   Code   RO         3123    i.HAL_SPI_Init      stm32f4xx_hal_spi.o
    0x080030dc   0x080030dc   0x00000088   Code   RO         1234    i.HAL_SPI_MspInit   spi.o
    0x08003164   0x08003164   0x0000022a   Code   RO         3132    i.HAL_SPI_TransmitReceive  stm32f4xx_hal_spi.o
    0x0800338e   0x0800338e   0x00000002   Code   RO         4122    i.HAL_TIMEx_BreakCallback  stm32f4xx_hal_tim_ex.o
    0x08003390   0x08003390   0x00000002   Code   RO         4123    i.HAL_TIMEx_CommutCallback  stm32f4xx_hal_tim_ex.o
    0x08003392   0x08003392   0x00000074   Code   RO         4125    i.HAL_TIMEx_ConfigBreakDeadTime  stm32f4xx_hal_tim_ex.o
    0x08003406   0x08003406   0x00000054   Code   RO         4140    i.HAL_TIMEx_MasterConfigSynchronization  stm32f4xx_hal_tim_ex.o
    0x0800345a   0x0800345a   0x00000034   Code   RO         3436    i.HAL_TIM_Base_Init  stm32f4xx_hal_tim.o
    0x0800348e   0x0800348e   0x00000002   Code   RO         3438    i.HAL_TIM_Base_MspInit  stm32f4xx_hal_tim.o
    0x08003490   0x08003490   0x0000002a   Code   RO         3441    i.HAL_TIM_Base_Start_IT  stm32f4xx_hal_tim.o
    0x080034ba   0x080034ba   0x00000002   Code   RO         3465    i.HAL_TIM_IC_CaptureCallback  stm32f4xx_hal_tim.o
    0x080034bc   0x080034bc   0x00000196   Code   RO         3479    i.HAL_TIM_IRQHandler  stm32f4xx_hal_tim.o
    0x08003652   0x08003652   0x00000002   PAD
    0x08003654   0x08003654   0x000000ec   Code   RO         1341    i.HAL_TIM_MspPostInit  tim.o
    0x08003740   0x08003740   0x00000002   Code   RO         3482    i.HAL_TIM_OC_DelayElapsedCallback  stm32f4xx_hal_tim.o
    0x08003742   0x08003742   0x00000108   Code   RO         3503    i.HAL_TIM_PWM_ConfigChannel  stm32f4xx_hal_tim.o
    0x0800384a   0x0800384a   0x00000034   Code   RO         3506    i.HAL_TIM_PWM_Init  stm32f4xx_hal_tim.o
    0x0800387e   0x0800387e   0x00000002   PAD
    0x08003880   0x08003880   0x00000064   Code   RO         1343    i.HAL_TIM_PWM_MspInit  tim.o
    0x080038e4   0x080038e4   0x00000002   Code   RO         3509    i.HAL_TIM_PWM_PulseFinishedCallback  stm32f4xx_hal_tim.o
    0x080038e6   0x080038e6   0x00000002   PAD
    0x080038e8   0x080038e8   0x00000058   Code   RO         3511    i.HAL_TIM_PWM_Start  stm32f4xx_hal_tim.o
    0x08003940   0x08003940   0x00000012   Code   RO         1034    i.HAL_TIM_PeriodElapsedCallback  main.o
    0x08003952   0x08003952   0x00000002   Code   RO         3522    i.HAL_TIM_TriggerCallback  stm32f4xx_hal_tim.o
    0x08003954   0x08003954   0x00000002   Code   RO         4394    i.HAL_UART_ErrorCallback  stm32f4xx_hal_uart.o
    0x08003956   0x08003956   0x00000002   PAD
    0x08003958   0x08003958   0x0000014c   Code   RO         4397    i.HAL_UART_IRQHandler  stm32f4xx_hal_uart.o
    0x08003aa4   0x08003aa4   0x00000072   Code   RO         4398    i.HAL_UART_Init     stm32f4xx_hal_uart.o
    0x08003b16   0x08003b16   0x00000002   PAD
    0x08003b18   0x08003b18   0x0000040c   Code   RO         1396    i.HAL_UART_MspInit  usart.o
    0x08003f24   0x08003f24   0x00000002   Code   RO         4404    i.HAL_UART_RxCpltCallback  stm32f4xx_hal_uart.o
    0x08003f26   0x08003f26   0x000000d6   Code   RO         4406    i.HAL_UART_Transmit  stm32f4xx_hal_uart.o
    0x08003ffc   0x08003ffc   0x00000002   Code   RO         4409    i.HAL_UART_TxCpltCallback  stm32f4xx_hal_uart.o
    0x08003ffe   0x08003ffe   0x00000004   Code   RO         1469    i.HardFault_Handler  stm32f4xx_it.o
    0x08004002   0x08004002   0x00000002   PAD
    0x08004004   0x08004004   0x00000048   Code   RO         1107    i.MX_CAN1_Init      can.o
    0x0800404c   0x0800404c   0x00000098   Code   RO         1147    i.MX_DMA_Init       dma.o
    0x080040e4   0x080040e4   0x00000028   Code   RO         1171    i.MX_FREERTOS_Init  freertos.o
    0x0800410c   0x0800410c   0x000001a0   Code   RO         1081    i.MX_GPIO_Init      gpio.o
    0x080042ac   0x080042ac   0x00000044   Code   RO         1235    i.MX_SPI5_Init      spi.o
    0x080042f0   0x080042f0   0x000000d8   Code   RO         1344    i.MX_TIM1_Init      tim.o
    0x080043c8   0x080043c8   0x0000007c   Code   RO         1345    i.MX_TIM3_Init      tim.o
    0x08004444   0x08004444   0x00000038   Code   RO         1397    i.MX_UART7_Init     usart.o
    0x0800447c   0x0800447c   0x00000038   Code   RO         1398    i.MX_UART8_Init     usart.o
    0x080044b4   0x080044b4   0x0000003c   Code   RO         1399    i.MX_USART1_UART_Init  usart.o
    0x080044f0   0x080044f0   0x00000038   Code   RO         1400    i.MX_USART3_UART_Init  usart.o
    0x08004528   0x08004528   0x00000038   Code   RO         1401    i.MX_USART6_UART_Init  usart.o
    0x08004560   0x08004560   0x00000004   Code   RO         1470    i.MemManage_Handler  stm32f4xx_it.o
    0x08004564   0x08004564   0x000000c4   Code   RO          698    i.Motor_Blocked_Detect  task_shoot.o
    0x08004628   0x08004628   0x000000bc   Code   RO          919    i.Motor_CanSend_Gimbal  system.o
    0x080046e4   0x080046e4   0x000000f8   Code   RO          920    i.Motor_CanSend_Shoot  system.o
    0x080047dc   0x080047dc   0x00000002   Code   RO         1471    i.NMI_Handler       stm32f4xx_it.o
    0x080047de   0x080047de   0x00000002   PAD
    0x080047e0   0x080047e0   0x00000350   Code   RO          887    i.PID_Calculation   sys_def.o
    0x08004b30   0x08004b30   0x00000060   Code   RO          296    i.PositionInit      task_position.o
    0x08004b90   0x08004b90   0x000001d8   Code   RO          485    i.RC_Data_Update    task_rc.o
    0x08004d68   0x08004d68   0x0000004c   Code   RO          486    i.RC_InitConfig     task_rc.o
    0x08004db4   0x08004db4   0x000000f0   Code   RO          487    i.RC_UART_IRQHandler  task_rc.o
    0x08004ea4   0x08004ea4   0x00000074   Code   RO          371    i.RefereeReceive    task_judge.o
    0x08004f18   0x08004f18   0x00000066   Code   RO          372    i.Referee_IDLECallback  task_judge.o
    0x08004f7e   0x08004f7e   0x00000002   PAD
    0x08004f80   0x08004f80   0x00000184   Code   RO          373    i.Referee_Receive_Data_Processing  task_judge.o
    0x08005104   0x08005104   0x00000028   Code   RO         3161    i.SPI_EndRxTxTransaction  stm32f4xx_hal_spi.o
    0x0800512c   0x0800512c   0x000000a8   Code   RO         3166    i.SPI_WaitFlagStateUntilTimeout  stm32f4xx_hal_spi.o
    0x080051d4   0x080051d4   0x000001b0   Code   RO          699    i.Shoot_Control     task_shoot.o
    0x08005384   0x08005384   0x000000bc   Code   RO          700    i.Shoot_GetInfo     task_shoot.o
    0x08005440   0x08005440   0x000002c8   Code   RO          701    i.Shoot_Init        task_shoot.o
    0x08005708   0x08005708   0x00000014   Code   RO          598    i.StatusMachine_Init  task_statemachine.o
    0x0800571c   0x0800571c   0x00000108   Code   RO          599    i.StatusMachine_Update  task_statemachine.o
    0x08005824   0x08005824   0x00000034   Code   RO         6106    i.SysTick_Handler   port.o
    0x08005858   0x08005858   0x000000b4   Code   RO         1035    i.SystemClock_Config  main.o
    0x0800590c   0x0800590c   0x00000064   Code   RO         4705    i.SystemInit        system_stm32f4xx.o
    0x08005970   0x08005970   0x00000010   Code   RO         1472    i.TIM2_IRQHandler   stm32f4xx_it.o
    0x08005980   0x08005980   0x00000002   Code   RO           15    i.TIMInit           task_init.o
    0x08005982   0x08005982   0x00000002   PAD
    0x08005984   0x08005984   0x000000d8   Code   RO         3524    i.TIM_Base_SetConfig  stm32f4xx_hal_tim.o
    0x08005a5c   0x08005a5c   0x00000022   Code   RO         3525    i.TIM_CCxChannelCmd  stm32f4xx_hal_tim.o
    0x08005a7e   0x08005a7e   0x00000002   PAD
    0x08005a80   0x08005a80   0x00000070   Code   RO         3537    i.TIM_OC1_SetConfig  stm32f4xx_hal_tim.o
    0x08005af0   0x08005af0   0x0000007c   Code   RO         3538    i.TIM_OC2_SetConfig  stm32f4xx_hal_tim.o
    0x08005b6c   0x08005b6c   0x00000078   Code   RO         3539    i.TIM_OC3_SetConfig  stm32f4xx_hal_tim.o
    0x08005be4   0x08005be4   0x00000054   Code   RO         3540    i.TIM_OC4_SetConfig  stm32f4xx_hal_tim.o
    0x08005c38   0x08005c38   0x00000044   Code   RO          557    i.Task_CanComm      task_cancomm.o
    0x08005c7c   0x08005c7c   0x00000068   Code   RO          780    i.Task_Debug        task_debug.o
    0x08005ce4   0x08005ce4   0x0000002c   Code   RO          643    i.Task_Gimbal       task_gimbal.o
    0x08005d10   0x08005d10   0x0000022c   Code   RO           16    i.Task_Init_Config  task_init.o
    0x08005f3c   0x08005f3c   0x0000000e   Code   RO          453    i.Task_JetsonComm   task_jetsoncomm.o
    0x08005f4a   0x08005f4a   0x0000000e   Code   RO          374    i.Task_Judge        task_judge.o
    0x08005f58   0x08005f58   0x00000130   Code   RO          752    i.Task_LED          task_led.o
    0x08006088   0x08006088   0x0000004c   Code   RO          297    i.Task_Position     task_position.o
    0x080060d4   0x080060d4   0x00000060   Code   RO          259    i.Task_Protect      task_protect.o
    0x08006134   0x08006134   0x00000028   Code   RO          488    i.Task_RC           task_rc.o
    0x0800615c   0x0800615c   0x00000044   Code   RO          702    i.Task_Shoot        task_shoot.o
    0x080061a0   0x080061a0   0x00000016   Code   RO          600    i.Task_StateMachine  task_statemachine.o
    0x080061b6   0x080061b6   0x00000002   PAD
    0x080061b8   0x080061b8   0x00000010   Code   RO         1473    i.UART7_IRQHandler  stm32f4xx_it.o
    0x080061c8   0x080061c8   0x00000014   Code   RO         1474    i.UART8_IRQHandler  stm32f4xx_it.o
    0x080061dc   0x080061dc   0x00000014   Code   RO         4411    i.UART_DMAAbortOnError  stm32f4xx_hal_uart.o
    0x080061f0   0x080061f0   0x00000020   Code   RO         4421    i.UART_EndRxTransfer  stm32f4xx_hal_uart.o
    0x08006210   0x08006210   0x00000020   Code   RO         4422    i.UART_EndTransmit_IT  stm32f4xx_hal_uart.o
    0x08006230   0x08006230   0x000000a6   Code   RO         4424    i.UART_Receive_IT   stm32f4xx_hal_uart.o
    0x080062d6   0x080062d6   0x00000002   PAD
    0x080062d8   0x080062d8   0x00000368   Code   RO         4425    i.UART_SetConfig    stm32f4xx_hal_uart.o
    0x08006640   0x08006640   0x00000068   Code   RO         4426    i.UART_Transmit_IT  stm32f4xx_hal_uart.o
    0x080066a8   0x080066a8   0x0000006c   Code   RO         4427    i.UART_WaitOnFlagUntilTimeout  stm32f4xx_hal_uart.o
    0x08006714   0x08006714   0x00000014   Code   RO         1475    i.USART1_IRQHandler  stm32f4xx_it.o
    0x08006728   0x08006728   0x00000014   Code   RO         1476    i.USART3_IRQHandler  stm32f4xx_it.o
    0x0800673c   0x0800673c   0x00000010   Code   RO         1477    i.USART6_IRQHandler  stm32f4xx_it.o
    0x0800674c   0x0800674c   0x00000100   Code   RO          298    i.Uart_Config_In_IRQHandle  task_position.o
    0x0800684c   0x0800684c   0x00000004   Code   RO         1478    i.UsageFault_Handler  stm32f4xx_it.o
    0x08006850   0x08006850   0x00000040   Code   RO          375    i.Verify_CRC16_Check_Sum  task_judge.o
    0x08006890   0x08006890   0x0000002e   Code   RO          376    i.Verify_CRC8_Check_Sum  task_judge.o
    0x080068be   0x080068be   0x00000030   Code   RO         6687    i.__ARM_fpclassify  m_wm.l(fpclassify.o)
    0x080068ee   0x080068ee   0x00000002   PAD
    0x080068f0   0x080068f0   0x00000010   Code   RO         2723    i.__NVIC_GetPriorityGrouping  stm32f4xx_hal_cortex.o
    0x08006900   0x08006900   0x00000028   Code   RO         2724    i.__NVIC_SetPriority  stm32f4xx_hal_cortex.o
    0x08006928   0x08006928   0x00000360   Code   RO         6319    i.__hardfp_asin     m_wm.l(asin.o)
    0x08006c88   0x08006c88   0x000002d8   Code   RO         6659    i.__hardfp_atan     m_wm.l(atan.o)
    0x08006f60   0x08006f60   0x000001f0   Code   RO         6333    i.__hardfp_atan2    m_wm.l(atan2.o)
    0x08007150   0x08007150   0x00000014   Code   RO         6345    i.__hardfp_fabs     m_wm.l(fabs.o)
    0x08007164   0x08007164   0x0000007a   Code   RO         6351    i.__hardfp_sqrt     m_wm.l(sqrt.o)
    0x080071de   0x080071de   0x000000f8   Code   RO         6689    i.__kernel_poly     m_wm.l(poly.o)
    0x080072d6   0x080072d6   0x00000014   Code   RO         6674    i.__mathlib_dbl_infnan  m_wm.l(dunder.o)
    0x080072ea   0x080072ea   0x00000014   Code   RO         6675    i.__mathlib_dbl_infnan2  m_wm.l(dunder.o)
    0x080072fe   0x080072fe   0x00000002   PAD
    0x08007300   0x08007300   0x00000020   Code   RO         6676    i.__mathlib_dbl_invalid  m_wm.l(dunder.o)
    0x08007320   0x08007320   0x00000020   Code   RO         6679    i.__mathlib_dbl_underflow  m_wm.l(dunder.o)
    0x08007340   0x08007340   0x0000000e   Code   RO         6739    i.__scatterload_copy  mc_w.l(handlers.o)
    0x0800734e   0x0800734e   0x00000002   Code   RO         6740    i.__scatterload_null  mc_w.l(handlers.o)
    0x08007350   0x08007350   0x0000000e   Code   RO         6741    i.__scatterload_zeroinit  mc_w.l(handlers.o)
    0x0800735e   0x0800735e   0x00000002   PAD
    0x08007360   0x08007360   0x0000000c   Code   RO         6719    i.__set_errno       mc_w.l(errno.o)
    0x0800736c   0x0800736c   0x00000010   Code   RO         6661    i.atan              m_wm.l(atan.o)
    0x0800737c   0x0800737c   0x00000002   Code   RO         1173    i.configureTimerForRunTimeStats  freertos.o
    0x0800737e   0x0800737e   0x00000040   Code   RO          558    i.delta_angle       task_cancomm.o
    0x080073be   0x080073be   0x00000018   Code   RO         6347    i.fabs              m_wm.l(fabs.o)
    0x080073d6   0x080073d6   0x00000004   Code   RO         1174    i.getRunTimeCounterValue  freertos.o
    0x080073da   0x080073da   0x00000002   PAD
    0x080073dc   0x080073dc   0x0000076c   Code   RO         6185    i.imu_ahrs_update   func_imu_ob.o
    0x08007b48   0x08007b48   0x00000218   Code   RO         6186    i.imu_attitude_update  func_imu_ob.o
    0x08007d60   0x08007d60   0x00000054   Code   RO         6187    i.imu_temp_ctrl     func_imu_ob.o
    0x08007db4   0x08007db4   0x000002c4   Code   RO         6188    i.init_quaternion   func_imu_ob.o
    0x08008078   0x08008078   0x0000003c   Code   RO         6189    i.inv_sqrt          func_imu_ob.o
    0x080080b4   0x080080b4   0x00000010   Code   RO         6190    i.ist8310_get_data  func_imu_ob.o
    0x080080c4   0x080080c4   0x00000100   Code   RO         6191    i.ist8310_init      func_imu_ob.o
    0x080081c4   0x080081c4   0x0000003a   Code   RO         6192    i.ist_reg_read_by_mpu  func_imu_ob.o
    0x080081fe   0x080081fe   0x00000040   Code   RO         6193    i.ist_reg_write_by_mpu  func_imu_ob.o
    0x0800823e   0x0800823e   0x00000040   Code   RO         1036    i.main              main.o
    0x0800827e   0x0800827e   0x0000000e   Code   RO         5665    i.makeFreeRtosPriority  cmsis_os.o
    0x0800828c   0x0800828c   0x0000006c   Code   RO         6194    i.mpu_device_init   func_imu_ob.o
    0x080082f8   0x080082f8   0x00000180   Code   RO         6195    i.mpu_get_data      func_imu_ob.o
    0x08008478   0x08008478   0x0000008c   Code   RO         6196    i.mpu_master_i2c_auto_read_config  func_imu_ob.o
    0x08008504   0x08008504   0x00000138   Code   RO         6197    i.mpu_offset_call   func_imu_ob.o
    0x0800863c   0x0800863c   0x00000054   Code   RO         6198    i.mpu_read_byte     func_imu_ob.o
    0x08008690   0x08008690   0x00000064   Code   RO         6199    i.mpu_read_bytes    func_imu_ob.o
    0x080086f4   0x080086f4   0x00000010   Code   RO         6200    i.mpu_set_accel_fsr  func_imu_ob.o
    0x08008704   0x08008704   0x00000010   Code   RO         6201    i.mpu_set_gyro_fsr  func_imu_ob.o
    0x08008714   0x08008714   0x00000058   Code   RO         6202    i.mpu_write_byte    func_imu_ob.o
    0x0800876c   0x0800876c   0x0000000a   Code   RO         5670    i.osKernelStart     cmsis_os.o
    0x08008776   0x08008776   0x0000005e   Code   RO         5704    i.osThreadCreate    cmsis_os.o
    0x080087d4   0x080087d4   0x00000098   Code   RO         5268    i.prvAddCurrentTaskToDelayedList  tasks.o
    0x0800886c   0x0800886c   0x000000b8   Code   RO         5269    i.prvAddNewTaskToReadyList  tasks.o
    0x08008924   0x08008924   0x00000048   Code   RO         5270    i.prvCheckTasksWaitingTermination  tasks.o
    0x0800896c   0x0800896c   0x0000002a   Code   RO         4894    i.prvCopyDataFromQueue  queue.o
    0x08008996   0x08008996   0x0000007c   Code   RO         4895    i.prvCopyDataToQueue  queue.o
    0x08008a12   0x08008a12   0x00000050   Code   RO         5271    i.prvDeleteTCB      tasks.o
    0x08008a62   0x08008a62   0x00000002   PAD
    0x08008a64   0x08008a64   0x0000007c   Code   RO         6044    i.prvHeapInit       heap_4.o
    0x08008ae0   0x08008ae0   0x00000008   Code   RO         5272    i.prvIdleTask       tasks.o
    0x08008ae8   0x08008ae8   0x0000002a   Code   RO         4898    i.prvInitialiseNewQueue  queue.o
    0x08008b12   0x08008b12   0x000000b6   Code   RO         5273    i.prvInitialiseNewTask  tasks.o
    0x08008bc8   0x08008bc8   0x00000068   Code   RO         5274    i.prvInitialiseTaskLists  tasks.o
    0x08008c30   0x08008c30   0x00000068   Code   RO         6045    i.prvInsertBlockIntoFreeList  heap_4.o
    0x08008c98   0x08008c98   0x0000001a   Code   RO         4899    i.prvIsQueueEmpty   queue.o
    0x08008cb2   0x08008cb2   0x0000001e   Code   RO         4900    i.prvIsQueueFull    queue.o
    0x08008cd0   0x08008cd0   0x00000034   Code   RO         5276    i.prvResetNextTaskUnblockTime  tasks.o
    0x08008d04   0x08008d04   0x00000040   Code   RO         6107    i.prvTaskExitError  port.o
    0x08008d44   0x08008d44   0x0000007e   Code   RO         4901    i.prvUnlockQueue    queue.o
    0x08008dc2   0x08008dc2   0x00000002   PAD
    0x08008dc4   0x08008dc4   0x0000013c   Code   RO         6046    i.pvPortMalloc      heap_4.o
    0x08008f00   0x08008f00   0x0000002c   Code   RO         6108    i.pxPortInitialiseStack  port.o
    0x08008f2c   0x08008f2c   0x0000006e   Code   RO         6353    i.sqrt              m_wm.l(sqrt.o)
    0x08008f9a   0x08008f9a   0x00000002   PAD
    0x08008f9c   0x08008f9c   0x00000074   Code   RO         5282    i.ulTaskNotifyTake  tasks.o
    0x08009010   0x08009010   0x00000028   Code   RO         4854    i.uxListRemove      list.o
    0x08009038   0x08009038   0x00000018   Code   RO         1175    i.vApplicationGetIdleTaskMemory  freertos.o
    0x08009050   0x08009050   0x0000001a   Code   RO         4855    i.vListInitialise   list.o
    0x0800906a   0x0800906a   0x00000006   Code   RO         4856    i.vListInitialiseItem  list.o
    0x08009070   0x08009070   0x00000034   Code   RO         4857    i.vListInsert       list.o
    0x080090a4   0x080090a4   0x00000018   Code   RO         4858    i.vListInsertEnd    list.o
    0x080090bc   0x080090bc   0x00000054   Code   RO         6110    i.vPortEnterCritical  port.o
    0x08009110   0x08009110   0x0000003c   Code   RO         6111    i.vPortExitCritical  port.o
    0x0800914c   0x0800914c   0x00000094   Code   RO         6047    i.vPortFree         heap_4.o
    0x080091e0   0x080091e0   0x00000028   Code   RO         6112    i.vPortSetupTimerInterrupt  port.o
    0x08009208   0x08009208   0x00000078   Code   RO         6113    i.vPortValidateInterruptPriority  port.o
    0x08009280   0x08009280   0x000000d4   Code   RO         5291    i.vTaskDelayUntil   tasks.o
    0x08009354   0x08009354   0x000000f4   Code   RO         5292    i.vTaskDelete       tasks.o
    0x08009448   0x08009448   0x00000018   Code   RO         5296    i.vTaskInternalSetTimeOutState  tasks.o
    0x08009460   0x08009460   0x0000000c   Code   RO         5298    i.vTaskMissedYield  tasks.o
    0x0800946c   0x0800946c   0x000000f0   Code   RO         5299    i.vTaskNotifyGiveFromISR  tasks.o
    0x0800955c   0x0800955c   0x00000038   Code   RO         5300    i.vTaskPlaceOnEventList  tasks.o
    0x08009594   0x08009594   0x000000b4   Code   RO         5308    i.vTaskStartScheduler  tasks.o
    0x08009648   0x08009648   0x00000010   Code   RO         5310    i.vTaskSuspendAll   tasks.o
    0x08009658   0x08009658   0x000000c8   Code   RO         5311    i.vTaskSwitchContext  tasks.o
    0x08009720   0x08009720   0x00000168   Code   RO         6114    i.xPortStartScheduler  port.o
    0x08009888   0x08009888   0x0000005e   Code   RO         4915    i.xQueueGenericCreate  queue.o
    0x080098e6   0x080098e6   0x00000002   PAD
    0x080098e8   0x080098e8   0x00000098   Code   RO         4917    i.xQueueGenericReset  queue.o
    0x08009980   0x08009980   0x000001a8   Code   RO         4918    i.xQueueGenericSend  queue.o
    0x08009b28   0x08009b28   0x00000168   Code   RO         4925    i.xQueueReceive     queue.o
    0x08009c90   0x08009c90   0x0000008c   Code   RO         5312    i.xTaskCheckForTimeOut  tasks.o
    0x08009d1c   0x08009d1c   0x00000064   Code   RO         5313    i.xTaskCreate       tasks.o
    0x08009d80   0x08009d80   0x000000b8   Code   RO         5314    i.xTaskCreateStatic  tasks.o
    0x08009e38   0x08009e38   0x00000104   Code   RO         5315    i.xTaskGenericNotify  tasks.o
    0x08009f3c   0x08009f3c   0x00000020   Code   RO         5319    i.xTaskGetSchedulerState  tasks.o
    0x08009f5c   0x08009f5c   0x0000000c   Code   RO         5320    i.xTaskGetTickCount  tasks.o
    0x08009f68   0x08009f68   0x00000148   Code   RO         5322    i.xTaskIncrementTick  tasks.o
    0x0800a0b0   0x0800a0b0   0x000000c8   Code   RO         5325    i.xTaskPriorityDisinherit  tasks.o
    0x0800a178   0x0800a178   0x00000098   Code   RO         5327    i.xTaskRemoveFromEventList  tasks.o
    0x0800a210   0x0800a210   0x00000104   Code   RO         5328    i.xTaskResumeAll    tasks.o
    0x0800a314   0x0800a314   0x00000302   Data   RO          378    .constdata          task_judge.o
    0x0800a616   0x0800a616   0x00000002   PAD
    0x0800a618   0x0800a618   0x0000001c   Data   RO         1177    .constdata          freertos.o
    0x0800a634   0x0800a634   0x00000008   Data   RO         2422    .constdata          stm32f4xx_hal_dma.o
    0x0800a63c   0x0800a63c   0x00000018   Data   RO         4706    .constdata          system_stm32f4xx.o
    0x0800a654   0x0800a654   0x00000014   Data   RO         6204    .constdata          func_imu_ob.o
    0x0800a668   0x0800a668   0x00000050   Data   RO         6322    .constdata          m_wm.l(asin.o)
    0x0800a6b8   0x0800a6b8   0x00000098   Data   RO         6662    .constdata          m_wm.l(atan.o)
    0x0800a750   0x0800a750   0x00000008   Data   RO         6691    .constdata          m_wm.l(qnan.o)
    0x0800a758   0x0800a758   0x0000000a   Data   RO         1178    .conststring        freertos.o
    0x0800a762   0x0800a762   0x00000002   PAD
    0x0800a764   0x0800a764   0x00000020   Data   RO         6737    Region$$Table       anon$$obj.o


    Execution Region RW_IRAM1 (Exec base: 0x20000000, Load base: 0x0800a784, Size: 0x000064f0, Max: 0x00030000, ABSOLUTE, COMPRESSED[0x00000028])

    Exec Addr    Load Addr    Size         Type   Attr      Idx    E Section Name        Object

    0x20000000   COMPRESSED   0x0000002c   Data   RW           17    .data               task_init.o
    0x2000002c   COMPRESSED   0x00000005   Data   RW          260    .data               task_protect.o
    0x20000031   COMPRESSED   0x00000003   PAD
    0x20000034   COMPRESSED   0x00000009   Data   RW          300    .data               task_position.o
    0x2000003d   COMPRESSED   0x00000001   PAD
    0x2000003e   COMPRESSED   0x00000024   Data   RW          379    .data               task_judge.o
    0x20000062   COMPRESSED   0x00000001   Data   RW          489    .data               task_rc.o
    0x20000063   COMPRESSED   0x00000001   Data   RW          601    .data               task_statemachine.o
    0x20000064   COMPRESSED   0x00000015   Data   RW          644    .data               task_gimbal.o
    0x20000079   COMPRESSED   0x00000001   PAD
    0x2000007a   COMPRESSED   0x00000006   Data   RW          703    .data               task_shoot.o
    0x20000080   COMPRESSED   0x00000001   Data   RW          753    .data               task_led.o
    0x20000081   COMPRESSED   0x00000004   Data   RW          781    .data               task_debug.o
    0x20000085   COMPRESSED   0x00000003   PAD
    0x20000088   COMPRESSED   0x0000002a   Data   RW          889    .data               sys_def.o
    0x200000b2   COMPRESSED   0x00000002   PAD
    0x200000b4   COMPRESSED   0x00000004   Data   RW          933    .data               system.o
    0x200000b8   COMPRESSED   0x00000004   Data   RW         1179    .data               freertos.o
    0x200000bc   COMPRESSED   0x00000009   Data   RW         2874    .data               stm32f4xx_hal.o
    0x200000c5   COMPRESSED   0x00000003   PAD
    0x200000c8   COMPRESSED   0x00000004   Data   RW         4707    .data               system_stm32f4xx.o
    0x200000cc   COMPRESSED   0x00000044   Data   RW         5331    .data               tasks.o
    0x20000110   COMPRESSED   0x00000018   Data   RW         6052    .data               heap_4.o
    0x20000128   COMPRESSED   0x0000000c   Data   RW         6115    .data               port.o
    0x20000134   COMPRESSED   0x00000099   Data   RW         6205    .data               func_imu_ob.o
    0x200001cd   COMPRESSED   0x00000003   PAD
    0x200001d0   COMPRESSED   0x00000004   Data   RW         6720    .data               mc_w.l(errno.o)
    0x200001d4        -       0x00000052   Zero   RW          377    .bss                task_judge.o
    0x20000226   COMPRESSED   0x00000002   PAD
    0x20000228        -       0x00000040   Zero   RW          559    .bss                task_cancomm.o
    0x20000268        -       0x00000694   Zero   RW          888    .bss                sys_def.o
    0x200008fc        -       0x00000028   Zero   RW         1108    .bss                can.o
    0x20000924        -       0x00000270   Zero   RW         1176    .bss                freertos.o
    0x20000b94        -       0x00000058   Zero   RW         1236    .bss                spi.o
    0x20000bec        -       0x00000040   Zero   RW         1305    .bss                stm32f4xx_hal_timebase_tim.o
    0x20000c2c        -       0x00000080   Zero   RW         1346    .bss                tim.o
    0x20000cac        -       0x00000320   Zero   RW         1402    .bss                usart.o
    0x20000fcc        -       0x000000f0   Zero   RW         5330    .bss                tasks.o
    0x200010bc        -       0x00005000   Zero   RW         6051    .bss                heap_4.o
    0x200060bc        -       0x0000002e   Zero   RW         6203    .bss                func_imu_ob.o
    0x200060ea   COMPRESSED   0x00000006   PAD
    0x200060f0        -       0x00000400   Zero   RW            1    STACK               startup_stm32f427xx.o


==============================================================================

Image component sizes


      Code (inc. data)   RO Data    RW Data    ZI Data      Debug   Object Name

       224         24          0          0         40       1589   can.o
       118          0          0          0          0      21341   cmsis_os.o
       152          6          0          0          0        790   dma.o
         0          0          0          0          0      17924   event_groups.o
        70         20         38          4        624       2830   freertos.o
      4930        394         20        153         46      13980   func_imu_ob.o
       416         22          0          0          0       1127   gpio.o
       692         62          0         24      20480       7255   heap_4.o
       148          0          0          0          0       3510   list.o
       264         10          0          0          0      15608   main.o
      1014         92          0         12          0      11885   port.o
      1420         14          0          0          0      10923   queue.o
       204         20          0          0         88       1581   spi.o
        36          8        428          0       1024        820   startup_stm32f427xx.o
       136         24          0          9          0       3810   stm32f4xx_hal.o
      2136          6          0          0          0      14059   stm32f4xx_hal_can.o
       252         22          0          0          0      33622   stm32f4xx_hal_cortex.o
      1276         16          8          0          0       6106   stm32f4xx_hal_dma.o
       156          0          0          0          0       2029   stm32f4xx_hal_dma_ex.o
       570         54          0          0          0       2893   stm32f4xx_hal_gpio.o
        84          6          0          0          0        810   stm32f4xx_hal_msp.o
      1800         94          0          0          0       6081   stm32f4xx_hal_rcc.o
       902          0          0          0          0       4345   stm32f4xx_hal_spi.o
      1604         90          0          0          0      12053   stm32f4xx_hal_tim.o
       204          0          0          0          0       3201   stm32f4xx_hal_tim_ex.o
       136         12          0          0         64       1407   stm32f4xx_hal_timebase_tim.o
      2000         12          0          0          0       9515   stm32f4xx_hal_uart.o
       224         66          0          0          0       8417   stm32f4xx_it.o
         0          0          0          0          0        432   stream_buffer.o
       848          6          0         42       1684       6124   sys_def.o
       436         12          0          4          0       2213   system.o
       100         18         24          4          0       1119   system_stm32f4xx.o
       728         62          0          0         64       2575   task_cancomm.o
       104         18          0          4          0       1437   task_debug.o
      1648        148          0         21          0       3489   task_gimbal.o
       882        288          0         44          0     781871   task_init.o
        14          0          0          0          0        518   task_jetsoncomm.o
       818        104        770         36         82      11218   task_judge.o
       304         26          0          1          0        703   task_led.o
       676         70          0          9          0       3194   task_position.o
        96         14          0          5          0        651   task_protect.o
      1070         62          0          1          0       5053   task_rc.o
      1596        140          0          6          0       3733   task_shoot.o
       306         20          0          1          0       1684   task_statemachine.o
      3802        442          0         68        240      27928   tasks.o
       676         54          0          0        128       3132   tim.o
      1320        120          0          0        800       4652   usart.o

    ----------------------------------------------------------------------
     36640       2678       1324        464      25372    1081237   Object Totals
         0          0         32          0          0          0   (incl. Generated)
        48          0          4         16          8          0   (incl. Padding)

    ----------------------------------------------------------------------

      Code (inc. data)   RO Data    RW Data    ZI Data      Debug   Library Member Name

       864         94         80          0          0        280   asin.o
       744        106        152          0          0        352   atan.o
       496         64          0          0          0        192   atan2.o
       104         16          0          0          0        496   dunder.o
        44          0          0          0          0        248   fabs.o
        48          0          0          0          0        124   fpclassify.o
       248          0          0          0          0        152   poly.o
         0          0          8          0          0          0   qnan.o
       232          0          0          0          0        296   sqrt.o
        58          0          0          0          0          0   __dczerorl.o
         0          0          0          0          0          0   entry.o
         0          0          0          0          0          0   entry10a.o
         0          0          0          0          0          0   entry11a.o
         8          4          0          0          0          0   entry2.o
         4          0          0          0          0          0   entry5.o
         0          0          0          0          0          0   entry7b.o
         0          0          0          0          0          0   entry8b.o
         8          4          0          0          0          0   entry9a.o
        12          6          0          4          0         68   errno.o
        30          0          0          0          0          0   handlers.o
        36          8          0          0          0         68   init.o
         0          0          0          0          0          0   iusefp.o
        30          0          0          0          0         68   llshl.o
        36          0          0          0          0         68   llsshr.o
        32          0          0          0          0         68   llushr.o
        36          0          0          0          0         68   memcpya.o
        36          0          0          0          0        108   memseta.o
        98          0          0          0          0         92   uldiv.o
        48          0          0          0          0         68   cdcmple.o
        48          0          0          0          0         68   cdrcmple.o
        56          0          0          0          0         88   d2f.o
       334          0          0          0          0        148   dadd.o
       222          0          0          0          0        100   ddiv.o
       186          0          0          0          0        176   depilogue.o
        34          0          0          0          0         76   dflti.o
       228          0          0          0          0         96   dmul.o
       162          0          0          0          0        100   dsqrt.o
        38          0          0          0          0         68   f2d.o
       110          0          0          0          0        168   fepilogue.o

    ----------------------------------------------------------------------
      4680        302        240          4          0       3904   Library Totals
        10          0          0          0          0          0   (incl. Padding)

    ----------------------------------------------------------------------

      Code (inc. data)   RO Data    RW Data    ZI Data      Debug   Library Name

      2780        280        240          0          0       2140   m_wm.l
       424         22          0          4          0        608   mc_w.l
      1466          0          0          0          0       1156   mf_w.l

    ----------------------------------------------------------------------
      4680        302        240          4          0       3904   Library Totals

    ----------------------------------------------------------------------

==============================================================================


      Code (inc. data)   RO Data    RW Data    ZI Data      Debug   

     41320       2980       1564        468      25372    1058793   Grand Totals
     41320       2980       1564         40      25372    1058793   ELF Image Totals (compressed)
     41320       2980       1564         40          0          0   ROM Totals

==============================================================================

    Total RO  Size (Code + RO Data)                42884 (  41.88kB)
    Total RW  Size (RW Data + ZI Data)             25840 (  25.23kB)
    Total ROM Size (Code + RO Data + RW Data)      42924 (  41.92kB)

==============================================================================

