Component: ARM Compiler 5.06 update 5 (build 528) Tool: armlink [4d35e2]

==============================================================================

Section Cross References

    startup_stm32f427xx.o(RESET) refers to startup_stm32f427xx.o(STACK) for __initial_sp
    startup_stm32f427xx.o(RESET) refers to startup_stm32f427xx.o(.text) for Reset_Handler
    startup_stm32f427xx.o(RESET) refers to stm32f4xx_it.o(i.NMI_Handler) for NMI_Handler
    startup_stm32f427xx.o(RESET) refers to stm32f4xx_it.o(i.HardFault_Handler) for HardFault_Handler
    startup_stm32f427xx.o(RESET) refers to stm32f4xx_it.o(i.MemManage_Handler) for MemManage_Handler
    startup_stm32f427xx.o(RESET) refers to stm32f4xx_it.o(i.BusFault_Handler) for BusFault_Handler
    startup_stm32f427xx.o(RESET) refers to stm32f4xx_it.o(i.UsageFault_Handler) for UsageFault_Handler
    startup_stm32f427xx.o(RESET) refers to port.o(.emb_text) for SVC_Handler
    startup_stm32f427xx.o(RESET) refers to stm32f4xx_it.o(i.DebugMon_Handler) for DebugMon_Handler
    startup_stm32f427xx.o(RESET) refers to port.o(i.SysTick_Handler) for SysTick_Handler
    startup_stm32f427xx.o(RESET) refers to stm32f4xx_it.o(i.DMA1_Stream1_IRQHandler) for DMA1_Stream1_IRQHandler
    startup_stm32f427xx.o(RESET) refers to stm32f4xx_it.o(i.DMA1_Stream3_IRQHandler) for DMA1_Stream3_IRQHandler
    startup_stm32f427xx.o(RESET) refers to stm32f4xx_it.o(i.DMA1_Stream4_IRQHandler) for DMA1_Stream4_IRQHandler
    startup_stm32f427xx.o(RESET) refers to stm32f4xx_it.o(i.DMA1_Stream6_IRQHandler) for DMA1_Stream6_IRQHandler
    startup_stm32f427xx.o(RESET) refers to stm32f4xx_it.o(i.CAN1_RX0_IRQHandler) for CAN1_RX0_IRQHandler
    startup_stm32f427xx.o(RESET) refers to stm32f4xx_it.o(i.TIM2_IRQHandler) for TIM2_IRQHandler
    startup_stm32f427xx.o(RESET) refers to stm32f4xx_it.o(i.USART1_IRQHandler) for USART1_IRQHandler
    startup_stm32f427xx.o(RESET) refers to stm32f4xx_it.o(i.USART3_IRQHandler) for USART3_IRQHandler
    startup_stm32f427xx.o(RESET) refers to stm32f4xx_it.o(i.SDIO_IRQHandler) for SDIO_IRQHandler
    startup_stm32f427xx.o(RESET) refers to stm32f4xx_it.o(i.DMA2_Stream1_IRQHandler) for DMA2_Stream1_IRQHandler
    startup_stm32f427xx.o(RESET) refers to stm32f4xx_it.o(i.DMA2_Stream2_IRQHandler) for DMA2_Stream2_IRQHandler
    startup_stm32f427xx.o(RESET) refers to stm32f4xx_it.o(i.DMA2_Stream3_IRQHandler) for DMA2_Stream3_IRQHandler
    startup_stm32f427xx.o(RESET) refers to stm32f4xx_it.o(i.DMA2_Stream6_IRQHandler) for DMA2_Stream6_IRQHandler
    startup_stm32f427xx.o(RESET) refers to stm32f4xx_it.o(i.DMA2_Stream7_IRQHandler) for DMA2_Stream7_IRQHandler
    startup_stm32f427xx.o(RESET) refers to stm32f4xx_it.o(i.USART6_IRQHandler) for USART6_IRQHandler
    startup_stm32f427xx.o(RESET) refers to stm32f4xx_it.o(i.UART7_IRQHandler) for UART7_IRQHandler
    startup_stm32f427xx.o(RESET) refers to stm32f4xx_it.o(i.UART8_IRQHandler) for UART8_IRQHandler
    startup_stm32f427xx.o(.text) refers to system_stm32f4xx.o(i.SystemInit) for SystemInit
    startup_stm32f427xx.o(.text) refers to entry.o(.ARM.Collect$$$$00000000) for __main
    task_init.o(i.CanInit) refers to stm32f4xx_hal_can.o(i.HAL_CAN_ConfigFilter) for HAL_CAN_ConfigFilter
    task_init.o(i.CanInit) refers to stm32f4xx_hal_can.o(i.HAL_CAN_Start) for HAL_CAN_Start
    task_init.o(i.CanInit) refers to stm32f4xx_hal_can.o(i.HAL_CAN_ActivateNotification) for HAL_CAN_ActivateNotification
    task_init.o(i.CanInit) refers to can.o(.bss) for hcan1
    task_init.o(i.DMAInit) refers to stm32f4xx_hal_dma_ex.o(i.HAL_DMAEx_MultiBufferStart) for HAL_DMAEx_MultiBufferStart
    task_init.o(i.DMAInit) refers to stm32f4xx_hal_dma.o(i.HAL_DMA_Start_IT) for HAL_DMA_Start_IT
    task_init.o(i.DMAInit) refers to usart.o(.bss) for huart1
    task_init.o(i.DMAInit) refers to sys_def.o(.bss) for RCBuffer
    task_init.o(i.FlashInit) refers to sys_def.o(.data) for Wild_Change_Angle_Pitch
    task_init.o(i.Task_Init_Config) refers to port.o(i.vPortEnterCritical) for vPortEnterCritical
    task_init.o(i.Task_Init_Config) refers to task_init.o(i.CanInit) for CanInit
    task_init.o(i.Task_Init_Config) refers to task_init.o(i.DMAInit) for DMAInit
    task_init.o(i.Task_Init_Config) refers to task_init.o(i.TIMInit) for TIMInit
    task_init.o(i.Task_Init_Config) refers to func_imu_ob.o(i.mpu_device_init) for mpu_device_init
    task_init.o(i.Task_Init_Config) refers to func_imu_ob.o(i.init_quaternion) for init_quaternion
    task_init.o(i.Task_Init_Config) refers to stm32f4xx_hal_tim.o(i.HAL_TIM_PWM_Start) for HAL_TIM_PWM_Start
    task_init.o(i.Task_Init_Config) refers to task_init.o(i.FlashInit) for FlashInit
    task_init.o(i.Task_Init_Config) refers to queue.o(i.xQueueGenericCreate) for xQueueGenericCreate
    task_init.o(i.Task_Init_Config) refers to tasks.o(i.xTaskCreate) for xTaskCreate
    task_init.o(i.Task_Init_Config) refers to tasks.o(i.vTaskDelete) for vTaskDelete
[...]
    __hardfp_sqrt                            0x08009715   Thumb Code   122  sqrt.o(i.__hardfp_sqrt)
    __kernel_poly                            0x0800978f   Thumb Code   248  poly.o(i.__kernel_poly)
    __mathlib_dbl_infnan                     0x08009887   Thumb Code    20  dunder.o(i.__mathlib_dbl_infnan)
    __mathlib_dbl_infnan2                    0x0800989b   Thumb Code    20  dunder.o(i.__mathlib_dbl_infnan2)
    __mathlib_dbl_invalid                    0x080098b1   Thumb Code    24  dunder.o(i.__mathlib_dbl_invalid)
    __mathlib_dbl_underflow                  0x080098d1   Thumb Code    24  dunder.o(i.__mathlib_dbl_underflow)
    __scatterload_copy                       0x080098f1   Thumb Code    14  handlers.o(i.__scatterload_copy)
    __scatterload_null                       0x080098ff   Thumb Code     2  handlers.o(i.__scatterload_null)
    __scatterload_zeroinit                   0x08009901   Thumb Code    14  handlers.o(i.__scatterload_zeroinit)
    __set_errno                              0x08009911   Thumb Code     6  errno.o(i.__set_errno)
    atan                                     0x0800991d   Thumb Code    16  atan.o(i.atan)
    check_empty_graphic                      0x0800992d   Thumb Code    34  task_ui.o(i.check_empty_graphic)
    configureTimerForRunTimeStats            0x08009b6d   Thumb Code     2  freertos.o(i.configureTimerForRunTimeStats)
    delta_angle                              0x08009efd   Thumb Code    64  task_cancomm.o(i.delta_angle)
    disk_initialize                          0x0800a381   Thumb Code    40  diskio.o(i.disk_initialize)
    disk_ioctl                               0x0800a3ad   Thumb Code    36  diskio.o(i.disk_ioctl)
    disk_read                                0x0800a3d5   Thumb Code    42  diskio.o(i.disk_read)
    disk_status                              0x0800a405   Thumb Code    24  diskio.o(i.disk_status)
    disk_write                               0x0800a421   Thumb Code    42  diskio.o(i.disk_write)
    draw_line                                0x0800a451   Thumb Code   432  task_ui.o(i.draw_line)
    draw_rect                                0x0800a605   Thumb Code   434  task_ui.o(i.draw_rect)
    f_close                                  0x0800a7e5   Thumb Code    52  ff.o(i.f_close)
    f_mount                                  0x0800a819   Thumb Code   128  ff.o(i.f_mount)
    f_open                                   0x0800a89d   Thumb Code   578  ff.o(i.f_open)
    f_sync                                   0x0800aadf   Thumb Code   176  ff.o(i.f_sync)
    f_write                                  0x0800ab8f   Thumb Code   580  ff.o(i.f_write)
    fabs                                     0x0800add3   Thumb Code    24  fabs.o(i.fabs)
    ff_convert                               0x0800aded   Thumb Code   116  cc936.o(i.ff_convert)
    ff_cre_syncobj                           0x0800ae69   Thumb Code    38  syscall.o(i.ff_cre_syncobj)
    ff_del_syncobj                           0x0800ae8f   Thumb Code    14  syscall.o(i.ff_del_syncobj)
    ff_rel_grant                             0x0800ae9d   Thumb Code    12  syscall.o(i.ff_rel_grant)
    ff_req_grant                             0x0800aea9   Thumb Code    24  syscall.o(i.ff_req_grant)
    ff_wtoupper                              0x0800aec1   Thumb Code   156  cc936.o(i.ff_wtoupper)
    getRunTimeCounterValue                   0x0800b3e1   Thumb Code     4  freertos.o(i.getRunTimeCounterValue)
    get_fattime                              0x0800b4c5   Thumb Code     4  fatfs.o(i.get_fattime)
    imu_ahrs_update                          0x0800b511   Thumb Code  1830  func_imu_ob.o(i.imu_ahrs_update)
    imu_attitude_update                      0x0800bc7d   Thumb Code   506  func_imu_ob.o(i.imu_attitude_update)
    imu_temp_ctrl                            0x0800be95   Thumb Code    76  func_imu_ob.o(i.imu_temp_ctrl)
    init_quaternion                          0x0800bfb5   Thumb Code   596  func_imu_ob.o(i.init_quaternion)
    inv_sqrt                                 0x0800c279   Thumb Code    56  func_imu_ob.o(i.inv_sqrt)
    ist8310_get_data                         0x0800c2b5   Thumb Code    16  func_imu_ob.o(i.ist8310_get_data)
    ist8310_init                             0x0800c2c5   Thumb Code   256  func_imu_ob.o(i.ist8310_init)
    kalman_filter_init                       0x0800c43f   Thumb Code   256  task_jetsoncomm.o(i.kalman_filter_init)
    load_chars                               0x0800c589   Thumb Code    30  task_ui.o(i.load_chars)
    main                                     0x0800c5c3   Thumb Code    68  main.o(i.main)
    mpu_device_init                          0x0800c699   Thumb Code   100  func_imu_ob.o(i.mpu_device_init)
    mpu_get_data                             0x0800c705   Thumb Code   354  func_imu_ob.o(i.mpu_get_data)
    mpu_offset_call                          0x0800c911   Thumb Code   304  func_imu_ob.o(i.mpu_offset_call)
    mpu_read_byte                            0x0800ca49   Thumb Code    68  func_imu_ob.o(i.mpu_read_byte)
    mpu_read_bytes                           0x0800ca9d   Thumb Code    80  func_imu_ob.o(i.mpu_read_bytes)
    mpu_set_accel_fsr                        0x0800cb01   Thumb Code    16  func_imu_ob.o(i.mpu_set_accel_fsr)
    mpu_set_gyro_fsr                         0x0800cb11   Thumb Code    16  func_imu_ob.o(i.mpu_set_gyro_fsr)
    mpu_write_byte                           0x0800cb21   Thumb Code    72  func_imu_ob.o(i.mpu_write_byte)
    osKernelStart                            0x0800cb79   Thumb Code    10  cmsis_os.o(i.osKernelStart)
    osMessagePut                             0x0800cb85   Thumb Code    92  cmsis_os.o(i.osMessagePut)
    osSemaphoreCreate                        0x0800cbe5   Thumb Code    88  cmsis_os.o(i.osSemaphoreCreate)
    osSemaphoreDelete                        0x0800cc3d   Thumb Code    24  cmsis_os.o(i.osSemaphoreDelete)
    osSemaphoreRelease                       0x0800cc55   Thumb Code    76  cmsis_os.o(i.osSemaphoreRelease)
    osSemaphoreWait                          0x0800cca5   Thumb Code   100  cmsis_os.o(i.osSemaphoreWait)
    osThreadCreate                           0x0800cd0d   Thumb Code    94  cmsis_os.o(i.osThreadCreate)
    pvPortMalloc                             0x0800d529   Thumb Code   296  heap_4.o(i.pvPortMalloc)
    pvTaskIncrementMutexHeldCount            0x0800d665   Thumb Code    26  tasks.o(i.pvTaskIncrementMutexHeldCount)
    pxPortInitialiseStack                    0x0800d685   Thumb Code    38  port.o(i.pxPortInitialiseStack)
    send_graphic                             0x0800d74d   Thumb Code   242  task_ui.o(i.send_graphic)
    sqrt                                     0x0800d855   Thumb Code   110  sqrt.o(i.sqrt)
    ulTaskNotifyTake                         0x0800da11   Thumb Code   108  tasks.o(i.ulTaskNotifyTake)
    uxListRemove                             0x0800daa1   Thumb Code    40  list.o(i.uxListRemove)
    vApplicationGetIdleTaskMemory            0x0800dac9   Thumb Code    14  freertos.o(i.vApplicationGetIdleTaskMemory)
    vListInitialise                          0x0800dae1   Thumb Code    26  list.o(i.vListInitialise)
    vListInitialiseItem                      0x0800dafb   Thumb Code     6  list.o(i.vListInitialiseItem)
    vListInsert                              0x0800db01   Thumb Code    52  list.o(i.vListInsert)
    vListInsertEnd                           0x0800db35   Thumb Code    24  list.o(i.vListInsertEnd)
    vPortEnterCritical                       0x0800db4d   Thumb Code    76  port.o(i.vPortEnterCritical)
    vPortExitCritical                        0x0800dba1   Thumb Code    56  port.o(i.vPortExitCritical)
    vPortFree                                0x0800dbdd   Thumb Code   140  heap_4.o(i.vPortFree)
    vPortSetupTimerInterrupt                 0x0800dc71   Thumb Code    36  port.o(i.vPortSetupTimerInterrupt)
    vPortValidateInterruptPriority           0x0800dc99   Thumb Code   106  port.o(i.vPortValidateInterruptPriority)
    vQueueDelete                             0x0800dd11   Thumb Code    50  queue.o(i.vQueueDelete)
    vQueueUnregisterQueue                    0x0800dd45   Thumb Code    44  queue.o(i.vQueueUnregisterQueue)
    vTaskDelayUntil                          0x0800dd75   Thumb Code   200  tasks.o(i.vTaskDelayUntil)
    vTaskDelete                              0x0800de49   Thumb Code   202  tasks.o(i.vTaskDelete)
    vTaskInternalSetTimeOutState             0x0800df3d   Thumb Code    14  tasks.o(i.vTaskInternalSetTimeOutState)
    vTaskMissedYield                         0x0800df55   Thumb Code     8  tasks.o(i.vTaskMissedYield)
    vTaskNotifyGiveFromISR                   0x0800df61   Thumb Code   216  tasks.o(i.vTaskNotifyGiveFromISR)
    vTaskPlaceOnEventList                    0x0800e051   Thumb Code    52  tasks.o(i.vTaskPlaceOnEventList)
    vTaskPriorityDisinheritAfterTimeout      0x0800e089   Thumb Code   230  tasks.o(i.vTaskPriorityDisinheritAfterTimeout)
    vTaskStartScheduler                      0x0800e17d   Thumb Code   150  tasks.o(i.vTaskStartScheduler)
    vTaskSuspendAll                          0x0800e231   Thumb Code    12  tasks.o(i.vTaskSuspendAll)
    vTaskSwitchContext                       0x0800e241   Thumb Code   172  tasks.o(i.vTaskSwitchContext)
    write_chars                              0x0800e35d   Thumb Code   366  task_ui.o(i.write_chars)
    write_float                              0x0800e4e1   Thumb Code   440  task_ui.o(i.write_float)
    write_int                                0x0800e69d   Thumb Code   440  task_ui.o(i.write_int)
    xPortStartScheduler                      0x0800e859   Thumb Code   330  port.o(i.xPortStartScheduler)
    xQueueCreateCountingSemaphore            0x0800e9c1   Thumb Code    92  queue.o(i.xQueueCreateCountingSemaphore)
    xQueueCreateCountingSemaphoreStatic      0x0800ea1d   Thumb Code   100  queue.o(i.xQueueCreateCountingSemaphoreStatic)
    xQueueGenericCreate                      0x0800ea81   Thumb Code    94  queue.o(i.xQueueGenericCreate)
    xQueueGenericCreateStatic                0x0800eadf   Thumb Code   222  queue.o(i.xQueueGenericCreateStatic)
    xQueueGenericReset                       0x0800ebbd   Thumb Code   146  queue.o(i.xQueueGenericReset)
    xQueueGenericSend                        0x0800ec55   Thumb Code   420  queue.o(i.xQueueGenericSend)
    xQueueGenericSendFromISR                 0x0800edfd   Thumb Code   248  queue.o(i.xQueueGenericSendFromISR)
    xQueueGiveFromISR                        0x0800eef5   Thumb Code   224  queue.o(i.xQueueGiveFromISR)
    xQueueReceive                            0x0800efd5   Thumb Code   356  queue.o(i.xQueueReceive)
    xQueueReceiveFromISR                     0x0800f13d   Thumb Code   202  queue.o(i.xQueueReceiveFromISR)
    xQueueSemaphoreTake                      0x0800f209   Thumb Code   434  queue.o(i.xQueueSemaphoreTake)
    xTaskCheckForTimeOut                     0x0800f3c1   Thumb Code   132  tasks.o(i.xTaskCheckForTimeOut)
    xTaskCreate                              0x0800f44d   Thumb Code   100  tasks.o(i.xTaskCreate)
    xTaskCreateStatic                        0x0800f4b1   Thumb Code   184  tasks.o(i.xTaskCreateStatic)
    xTaskGenericNotify                       0x0800f569   Thumb Code   242  tasks.o(i.xTaskGenericNotify)
    xTaskGetSchedulerState                   0x0800f66d   Thumb Code    24  tasks.o(i.xTaskGetSchedulerState)
    xTaskGetTickCount                        0x0800f68d   Thumb Code     6  tasks.o(i.xTaskGetTickCount)
    xTaskIncrementTick                       0x0800f699   Thumb Code   282  tasks.o(i.xTaskIncrementTick)
    xTaskPriorityDisinherit                  0x0800f7e1   Thumb Code   188  tasks.o(i.xTaskPriorityDisinherit)
    xTaskPriorityInherit                     0x0800f8a9   Thumb Code   186  tasks.o(i.xTaskPriorityInherit)
    xTaskRemoveFromEventList                 0x0800f971   Thumb Code   128  tasks.o(i.xTaskRemoveFromEventList)
    xTaskResumeAll                           0x0800fa09   Thumb Code   224  tasks.o(i.xTaskResumeAll)
    CRC8_INIT                                0x0800fb0c   Data           1  task_judge.o(.constdata)
    CRC8_TAB                                 0x0800fb0d   Data         256  task_judge.o(.constdata)
    wCRC_Table                               0x0800fc0e   Data         512  task_judge.o(.constdata)
    AHBPrescTable                            0x0800fe34   Data          16  system_stm32f4xx.o(.constdata)
    APBPrescTable                            0x0800fe44   Data           8  system_stm32f4xx.o(.constdata)
    __mathlib_zero                           0x0803ab28   Data           8  qnan.o(.constdata)
    Region$$Table$$Base                      0x0803ab3c   Number         0  anon$$obj.o(Region$$Table)
    Region$$Table$$Limit                     0x0803ab5c   Number         0  anon$$obj.o(Region$$Table)
    TaskProtect_Handle                       0x20000000   Data           4  task_init.o(.data)
    TaskCanComm_Handle                       0x20000004   Data           4  task_init.o(.data)
    TaskPosition_Handle                      0x20000008   Data           4  task_init.o(.data)
    TaskJudge_Handle                         0x2000000c   Data           4  task_init.o(.data)
    TaskJetsonComm_Handle                    0x20000010   Data           4  task_init.o(.data)
    TaskRC_Handle                            0x20000014   Data           4  task_init.o(.data)
    TaskStateMachine_Handle                  0x20000018   Data           4  task_init.o(.data)
    TaskGimbal_Handle                        0x2000001c   Data           4  task_init.o(.data)
    TaskShoot_Handle                         0x20000020   Data           4  task_init.o(.data)
    TaskDebug_Handle                         0x20000024   Data           4  task_init.o(.data)
    TaskLED_Handle                           0x20000028   Data           4  task_init.o(.data)
    TaskUi_Handle                            0x2000002c   Data           4  task_init.o(.data)
    TaskSDIO_Handle                          0x20000030   Data           4  task_init.o(.data)
    usart_this_time_rx_len                   0x2000003c   Data           1  task_position.o(.data)
    a                                        0x20000040   Data           4  task_position.o(.data)
    i                                        0x20000044   Data           1  task_position.o(.data)
    bullet_remaining_num                     0x20000048   Data           2  task_judge.o(.data)
    bullet_max                               0x2000004c   Data           4  task_judge.o(.data)
    last_energy_point                        0x20000050   Data           2  task_judge.o(.data)
    pos_update                               0x20000052   Data           1  task_judge.o(.data)
    CRC_INIT                                 0x20000054   Data           2  task_judge.o(.data)
    Jetson_Seq                               0x20000058   Data           1  task_jetsoncomm.o(.data)
    debug_len                                0x20000059   Data           1  task_jetsoncomm.o(.data)
    BlockedWarningTimes                      0x20000076   Data           1  task_shoot.o(.data)
    value                                    0x20000078   Data           2  task_shoot.o(.data)
    Head                                     0x2000007d   Data           2  task_debug.o(.data)
    Tail                                     0x2000007f   Data           2  task_debug.o(.data)
    fric_chars                               0x20000084   Data           4  task_ui.o(.data)
    auto_chars                               0x20000088   Data           4  task_ui.o(.data)
    attacking_chars                          0x2000008c   Data           4  task_ui.o(.data)
    res                                      0x20000094   Data           1  task_sdio.o(.data)
    byteswritten                             0x20000098   Data           4  task_sdio.o(.data)
    bytesread                                0x2000009c   Data           4  task_sdio.o(.data)
    wtext                                    0x200000a0   Data          33  task_sdio.o(.data)
    filename                                 0x200000c1   Data          14  task_sdio.o(.data)
    interval                                 0x200000cf   Data           3  task_sdio.o(.data)
    newline                                  0x200000d2   Data           8  task_sdio.o(.data)
    GYRO_Rx_Mem                              0x200000dc   Data           1  sys_def.o(.data)
    GYRO_Rx_Mem2                             0x200000dd   Data           1  sys_def.o(.data)
    RC_Rx_Mem                                0x200000de   Data           1  sys_def.o(.data)
    header_data                              0x200000df   Data           6  sys_def.o(.data)
    robot_interactive_data                   0x200000e5   Data           4  sys_def.o(.data)
    ext_game_state                           0x200000e9   Data           3  sys_def.o(.data)
    ext_game_result                          0x200000ec   Data           1  sys_def.o(.data)
    ext_dart_status                          0x200000ed   Data           3  sys_def.o(.data)
    ext_event_data                           0x200000f0   Data           4  sys_def.o(.data)
    ext_supply_projectile_action             0x200000f4   Data           4  sys_def.o(.data)
    ext_referee_warning                      0x200000f8   Data           2  sys_def.o(.data)
    ext_dart_remaining_time                  0x200000fa   Data           1  sys_def.o(.data)
    ext_buff_musk                            0x200000fb   Data           1  sys_def.o(.data)
    aerial_robot_energy                      0x200000fc   Data           2  sys_def.o(.data)
    ext_robot_hurt                           0x200000fe   Data           1  sys_def.o(.data)
    ext_shoot_data                           0x200000ff   Data           6  sys_def.o(.data)
    ext_bullet_remaining                     0x20000105   Data           2  sys_def.o(.data)
    ext_rfid_status                          0x20000107   Data           4  sys_def.o(.data)
    Desire_Angle_Pitch                       0x2000010c   Data           4  sys_def.o(.data)
    Desire_Angle_Yaw                         0x20000110   Data           4  sys_def.o(.data)
    Jetson_Angle_Pitch                       0x20000114   Data           4  sys_def.o(.data)
    Jetson_Angle_Yaw                         0x20000118   Data           4  sys_def.o(.data)
    Jetson_Speed_Pitch                       0x2000011c   Data           4  sys_def.o(.data)
    Jetson_Speed_Yaw                         0x20000120   Data           4  sys_def.o(.data)
    Jetson_Acceleration_Pitch                0x20000124   Data           4  sys_def.o(.data)
    Jetson_Acceleration_Yaw                  0x20000128   Data           4  sys_def.o(.data)
    Pre_Speed_Pitch                          0x2000012c   Data           4  sys_def.o(.data)
    Pre_Speed_Yaw                            0x20000130   Data           4  sys_def.o(.data)
    DataSendToJetson                         0x20000134   Data          20  sys_def.o(.data)
    DataSendToJetson_gyro                    0x20000148   Data          16  sys_def.o(.data)
    CommStatus                               0x20000158   Data           4  sys_def.o(.data)
    Wild_Change_Angle_Pitch                  0x2000015c   Data           4  sys_def.o(.data)
    Wild_Change_Angle_Yaw                    0x20000160   Data           4  sys_def.o(.data)
    Queue_CANSend                            0x20000164   Data           4  system.o(.data)
    Task_InitHandle                          0x20000170   Data           4  freertos.o(.data)
    uwTick                                   0x20000174   Data           4  stm32f4xx_hal.o(.data)
    uwTickPrio                               0x20000178   Data           4  stm32f4xx_hal.o(.data)
    uwTickFreq                               0x2000017c   Data           1  stm32f4xx_hal.o(.data)
    SystemCoreClock                          0x20000180   Data           4  system_stm32f4xx.o(.data)
    pxCurrentTCB                             0x20000184   Data           4  tasks.o(.data)
    q0                                       0x200001ec   Data           4  func_imu_ob.o(.data)
    q1                                       0x200001f0   Data           4  func_imu_ob.o(.data)
    q2                                       0x200001f4   Data           4  func_imu_ob.o(.data)
    q3                                       0x200001f8   Data           4  func_imu_ob.o(.data)
    exInt                                    0x200001fc   Data           4  func_imu_ob.o(.data)
    eyInt                                    0x20000200   Data           4  func_imu_ob.o(.data)
    ezInt                                    0x20000204   Data           4  func_imu_ob.o(.data)
    last_update                              0x2000022c   Data           4  func_imu_ob.o(.data)
    now_update                               0x20000230   Data           4  func_imu_ob.o(.data)
    ist_buff                                 0x20000244   Data           6  func_imu_ob.o(.data)
    imu                                      0x2000024c   Data          56  func_imu_ob.o(.data)
    id                                       0x20000284   Data           1  func_imu_ob.o(.data)
    robot_pos                                0x20000294   Data          12  task_judge.o(.bss)
    Can_TX_Message                           0x200002a0   Data          36  task_cancomm.o(.bss)
    RxHeader                                 0x200002c4   Data          28  task_cancomm.o(.bss)
    UiFrame                                  0x200002e0   Data         128  task_ui.o(.bss)
    SDFatFs                                  0x20000374   Data         568  task_sdio.o(.bss)
    MyFile                                   0x200005ac   Data         560  task_sdio.o(.bss)
    rtext                                    0x200007dc   Data         100  task_sdio.o(.bss)
    PitchMotor                               0x20000840   Data         116  sys_def.o(.bss)
    YawMotor                                 0x200008b4   Data         116  sys_def.o(.bss)
    FricMotor_Left                           0x20000928   Data         116  sys_def.o(.bss)
    FricMotor_Right                          0x2000099c   Data         116  sys_def.o(.bss)
    StirMotor                                0x20000a10   Data         116  sys_def.o(.bss)
    CAN_Tx_Msg                               0x20000a84   Data          36  sys_def.o(.bss)
    Gimbal                                   0x20000aa8   Data          32  sys_def.o(.bss)
    PersonalGYRO                             0x20000ac8   Data          36  sys_def.o(.bss)
    PersonalGYRO2                            0x20000aec   Data          36  sys_def.o(.bss)
    GYRO                                     0x20000b10   Data          36  sys_def.o(.bss)
    GYROBuffer                               0x20000b34   Data         158  sys_def.o(.bss)
    GYROBuffer2                              0x20000bd2   Data         158  sys_def.o(.bss)
    RC_ReceiveData                           0x20000c70   Data          24  sys_def.o(.bss)
    LastRC_ReceiveData                       0x20000c88   Data          24  sys_def.o(.bss)
    RCBuffer                                 0x20000ca0   Data          50  sys_def.o(.bss)
    Judge_Receive_Buffer                     0x20000cd2   Data         130  sys_def.o(.bss)
    custom_character                         0x20000d54   Data          45  sys_def.o(.bss)
    graphic_data                             0x20000d81   Data         105  sys_def.o(.bss)
    ext_game_robot_HP                        0x20000dea   Data          32  sys_def.o(.bss)
    ext_game_robot_state                     0x20000e0a   Data          18  sys_def.o(.bss)
    ext_power_heat_data                      0x20000e1c   Data          16  sys_def.o(.bss)
    ext_game_robot_pos                       0x20000e2c   Data          16  sys_def.o(.bss)
    KF_Gimbal_Pitch                          0x20000e3c   Data         124  sys_def.o(.bss)
    KF_Gimbal_Yaw                            0x20000eb8   Data         124  sys_def.o(.bss)
    KF_Gimbal_Pitch_init                     0x20000f34   Data         192  sys_def.o(.bss)
    KF_Gimbal_Yaw_init                       0x20000ff4   Data         192  sys_def.o(.bss)
    JetsonFlag                               0x200010b4   Data         320  sys_def.o(.bss)
    DataRecFromJetson_Temp                   0x200011f4   Data          16  sys_def.o(.bss)
    DataRecFromJetson                        0x20001204   Data          16  sys_def.o(.bss)
    hcan1                                    0x20001214   Data          40  can.o(.bss)
    hsd                                      0x200014ac   Data         132  sdio.o(.bss)
    hdma_sdio_rx                             0x20001530   Data          96  sdio.o(.bss)
    hdma_sdio_tx                             0x20001590   Data          96  sdio.o(.bss)
    hspi5                                    0x200015f0   Data          88  spi.o(.bss)
    htim2                                    0x20001648   Data          64  stm32f4xx_hal_timebase_tim.o(.bss)
    htim1                                    0x20001688   Data          64  tim.o(.bss)
    htim3                                    0x200016c8   Data          64  tim.o(.bss)
    huart7                                   0x20001708   Data          64  usart.o(.bss)
    huart8                                   0x20001748   Data          64  usart.o(.bss)
    huart1                                   0x20001788   Data          64  usart.o(.bss)
    huart3                                   0x200017c8   Data          64  usart.o(.bss)
    huart6                                   0x20001808   Data          64  usart.o(.bss)
    hdma_uart7_rx                            0x20001848   Data          96  usart.o(.bss)
    hdma_uart8_rx                            0x200018a8   Data          96  usart.o(.bss)
    hdma_usart1_rx                           0x20001908   Data          96  usart.o(.bss)
    hdma_usart3_rx                           0x20001968   Data          96  usart.o(.bss)
    hdma_usart3_tx                           0x200019c8   Data          96  usart.o(.bss)
    hdma_usart6_rx                           0x20001a28   Data          96  usart.o(.bss)
    hdma_usart6_tx                           0x20001a88   Data          96  usart.o(.bss)
    pFlash                                   0x20001ae8   Data          32  stm32f4xx_hal_flash.o(.bss)
    xQueueRegistry                           0x20001b08   Data          64  queue.o(.bss)
    mpu_buff                                 0x20006c38   Data          14  func_imu_ob.o(.bss)
    mpu_data                                 0x20006c46   Data          32  func_imu_ob.o(.bss)
    disk                                     0x20006c88   Data          12  ff_gen_drv.o(.bss)
    __initial_sp                             0x20007c98   Data           0  startup_stm32f427xx.o(STACK)



==============================================================================

Memory Map of the image

  Image Entry point : 0x080001ad

  Load Region LR_IROM1 (Base: 0x08000000, Size: 0x0003adf0, Max: 0x00200000, ABSOLUTE, COMPRESSED[0x0003abc8])

    Execution Region ER_IROM1 (Exec base: 0x08000000, Load base: 0x08000000, Size: 0x0003ab5c, Max: 0x00200000, ABSOLUTE)

    Exec Addr    Load Addr    Size         Type   Attr      Idx    E Section Name        Object

    0x08000000   0x08000000   0x000001ac   Data   RO            3    RESET               startup_stm32f427xx.o
    0x080001ac   0x080001ac   0x00000000   Code   RO         8242  * .ARM.Collect$$$$00000000  mc_w.l(entry.o)
    0x080001ac   0x080001ac   0x00000004   Code   RO         8581    .ARM.Collect$$$$00000001  mc_w.l(entry2.o)
    0x080001b0   0x080001b0   0x00000004   Code   RO         8584    .ARM.Collect$$$$00000004  mc_w.l(entry5.o)
    0x080001b4   0x080001b4   0x00000000   Code   RO         8586    .ARM.Collect$$$$00000008  mc_w.l(entry7b.o)
    0x080001b4   0x080001b4   0x00000000   Code   RO         8588    .ARM.Collect$$$$0000000A  mc_w.l(entry8b.o)
    0x080001b4   0x080001b4   0x00000008   Code   RO         8589    .ARM.Collect$$$$0000000B  mc_w.l(entry9a.o)
    0x080001bc   0x080001bc   0x00000000   Code   RO         8591    .ARM.Collect$$$$0000000D  mc_w.l(entry10a.o)
    0x080001bc   0x080001bc   0x00000000   Code   RO         8593    .ARM.Collect$$$$0000000F  mc_w.l(entry11a.o)
    0x080001bc   0x080001bc   0x00000004   Code   RO         8582    .ARM.Collect$$$$00002712  mc_w.l(entry2.o)
    0x080001c0   0x080001c0   0x000000be   Code   RO         7235    .emb_text           port.o
    0x0800027e   0x0800027e   0x00000002   PAD
    0x08000280   0x08000280   0x00000024   Code   RO            4    .text               startup_stm32f427xx.o
    0x080002a4   0x080002a4   0x00000008   Code   RO         8081    .text               arm_cortexM4l_math.lib(arm_mat_init_f32.o)
    0x080002ac   0x080002ac   0x000000fc   Code   RO         8177    .text               arm_cortexM4l_math.lib(arm_mat_trans_f32.o)
    0x080003a8   0x080003a8   0x00000062   Code   RO         8245    .text               mc_w.l(uldiv.o)
    0x0800040a   0x0800040a   0x00000024   Code   RO         8247    .text               mc_w.l(memcpya.o)
    0x0800042e   0x0800042e   0x00000024   Code   RO         8251    .text               mc_w.l(memseta.o)
    0x08000452   0x08000452   0x0000014e   Code   RO         8526    .text               mf_w.l(dadd.o)
    0x080005a0   0x080005a0   0x000000e4   Code   RO         8528    .text               mf_w.l(dmul.o)
    0x08000684   0x08000684   0x000000de   Code   RO         8530    .text               mf_w.l(ddiv.o)
    0x08000762   0x08000762   0x00000022   Code   RO         8534    .text               mf_w.l(dflti.o)
    0x08000784   0x08000784   0x00000026   Code   RO         8536    .text               mf_w.l(f2d.o)
    0x080007aa   0x080007aa   0x00000002   PAD
    0x080007ac   0x080007ac   0x00000030   Code   RO         8538    .text               mf_w.l(cdcmple.o)
    0x080007dc   0x080007dc   0x00000030   Code   RO         8540    .text               mf_w.l(cdrcmple.o)
    0x0800080c   0x0800080c   0x00000038   Code   RO         8542    .text               mf_w.l(d2f.o)
    0x08000844   0x08000844   0x0000001e   Code   RO         8600    .text               mc_w.l(llshl.o)
    0x08000862   0x08000862   0x00000020   Code   RO         8602    .text               mc_w.l(llushr.o)
    0x08000882   0x08000882   0x00000024   Code   RO         8604    .text               mc_w.l(llsshr.o)
    0x080008a6   0x080008a6   0x00000000   Code   RO         8613    .text               mc_w.l(iusefp.o)
    0x080008a6   0x080008a6   0x0000006e   Code   RO         8614    .text               mf_w.l(fepilogue.o)
    0x08000914   0x08000914   0x000000ba   Code   RO         8616    .text               mf_w.l(depilogue.o)
    0x080009ce   0x080009ce   0x000000a2   Code   RO         8618    .text               mf_w.l(dsqrt.o)
    0x08000a70   0x08000a70   0x00000024   Code   RO         8622    .text               mc_w.l(init.o)
    0x08000a94   0x08000a94   0x00000056   Code   RO         8634    .text               mc_w.l(__dczerorl2.o)
    0x08000aea   0x08000aea   0x00000002   PAD
    0x08000aec   0x08000aec   0x00000030   Code   RO          382    i.Append_CRC16_Check_Sum  task_judge.o
    0x08000b1c   0x08000b1c   0x00000024   Code   RO          383    i.Append_CRC8_Check_Sum  task_judge.o
    0x08000b40   0x08000b40   0x00000002   Code   RO         1392    i.BSP_SD_AbortCallback  bsp_driver_sd.o
    0x08000b42   0x08000b42   0x00000002   PAD
    0x08000b44   0x08000b44   0x00000018   Code   RO         1537    i.BSP_SD_ReadCpltCallback  sd_diskio.o
    0x08000b5c   0x08000b5c   0x00000018   Code   RO         1538    i.BSP_SD_WriteCpltCallback  sd_diskio.o
    0x08000b74   0x08000b74   0x00000004   Code   RO         2039    i.BusFault_Handler  stm32f4xx_it.o
    0x08000b78   0x08000b78   0x00000010   Code   RO         2040    i.CAN1_RX0_IRQHandler  stm32f4xx_it.o
    0x08000b88   0x08000b88   0x00000048   Code   RO           13    i.CanInit           task_init.o
    0x08000bd0   0x08000bd0   0x00000010   Code   RO         2041    i.DMA1_Stream1_IRQHandler  stm32f4xx_it.o
    0x08000be0   0x08000be0   0x00000010   Code   RO         2042    i.DMA1_Stream3_IRQHandler  stm32f4xx_it.o
    0x08000bf0   0x08000bf0   0x00000010   Code   RO         2043    i.DMA1_Stream4_IRQHandler  stm32f4xx_it.o
    0x08000c00   0x08000c00   0x00000010   Code   RO         2044    i.DMA1_Stream6_IRQHandler  stm32f4xx_it.o
    0x08000c10   0x08000c10   0x00000010   Code   RO         2045    i.DMA2_Stream1_IRQHandler  stm32f4xx_it.o
    0x08000c20   0x08000c20   0x00000010   Code   RO         2046    i.DMA2_Stream2_IRQHandler  stm32f4xx_it.o
    0x08000c30   0x08000c30   0x00000010   Code   RO         2047    i.DMA2_Stream3_IRQHandler  stm32f4xx_it.o
    0x08000c40   0x08000c40   0x00000010   Code   RO         2048    i.DMA2_Stream6_IRQHandler  stm32f4xx_it.o
    0x08000c50   0x08000c50   0x00000010   Code   RO         2049    i.DMA2_Stream7_IRQHandler  stm32f4xx_it.o
    0x08000c60   0x08000c60   0x000000fc   Code   RO           14    i.DMAInit           task_init.o
    0x08000d5c   0x08000d5c   0x00000034   Code   RO         3015    i.DMA_CalcBaseAndBitshift  stm32f4xx_hal_dma.o
    0x08000d90   0x08000d90   0x000000aa   Code   RO         3016    i.DMA_CheckFifoParam  stm32f4xx_hal_dma.o
    0x08000e3a   0x08000e3a   0x00000020   Code   RO         2974    i.DMA_MultiBufferSetConfig  stm32f4xx_hal_dma_ex.o
    0x08000e5a   0x08000e5a   0x0000002c   Code   RO         3017    i.DMA_SetConfig     stm32f4xx_hal_dma.o
    0x08000e86   0x08000e86   0x00000002   Code   RO         2050    i.DebugMon_Handler  stm32f4xx_it.o
    0x08000e88   0x08000e88   0x00000002   Code   RO         1243    i.Error_Handler     main.o
    0x08000e8a   0x08000e8a   0x00000002   PAD
    0x08000e8c   0x08000e8c   0x00000060   Code   RO         2740    i.FLASH_Erase_Sector  stm32f4xx_hal_flash_ex.o
    0x08000eec   0x08000eec   0x00000078   Code   RO         2741    i.FLASH_FlushCaches  stm32f4xx_hal_flash_ex.o
    0x08000f64   0x08000f64   0x00000054   Code   RO         2742    i.FLASH_MassErase   stm32f4xx_hal_flash_ex.o
    0x08000fb8   0x08000fb8   0x00000024   Code   RO         2622    i.FLASH_Program_Byte  stm32f4xx_hal_flash.o
    0x08000fdc   0x08000fdc   0x0000002c   Code   RO         2623    i.FLASH_Program_DoubleWord  stm32f4xx_hal_flash.o
    0x08001008   0x08001008   0x00000028   Code   RO         2624    i.FLASH_Program_HalfWord  stm32f4xx_hal_flash.o
    0x08001030   0x08001030   0x00000028   Code   RO         2625    i.FLASH_Program_Word  stm32f4xx_hal_flash.o
    0x08001058   0x08001058   0x000000b4   Code   RO         2626    i.FLASH_SetErrorCode  stm32f4xx_hal_flash.o
    0x0800110c   0x0800110c   0x00000064   Code   RO         2627    i.FLASH_WaitForLastOperation  stm32f4xx_hal_flash.o
    0x08001170   0x08001170   0x00000038   Code   RO           15    i.FlashInit         task_init.o
    0x080011a8   0x080011a8   0x000000b0   Code   RO         1002    i.FlashWrite        task_flash.o
    0x08001258   0x08001258   0x00000794   Code   RO          881    i.FrameUpdata       task_ui.o
    0x080019ec   0x080019ec   0x000001d0   Code   RO         1003    i.GetSector         task_flash.o
    0x08001bbc   0x08001bbc   0x0000003c   Code   RO         1004    i.GetSectorSize     task_flash.o
    0x08001bf8   0x08001bf8   0x00000034   Code   RO          384    i.Get_CRC16_Check_Sum  task_judge.o
    0x08001c2c   0x08001c2c   0x00000024   Code   RO          385    i.Get_CRC8_Check_Sum  task_judge.o
    0x08001c50   0x08001c50   0x000000a0   Code   RO          550    i.Get_Channel_Val   task_rc.o
    0x08001cf0   0x08001cf0   0x00000120   Code   RO          551    i.Get_Keyboard_Val  task_rc.o
    0x08001e10   0x08001e10   0x00000018   Code   RO          552    i.Get_Mouse_Pressed  task_rc.o
    0x08001e28   0x08001e28   0x00000024   Code   RO          553    i.Get_Mouse_Speed   task_rc.o
    0x08001e4c   0x08001e4c   0x00000100   Code   RO          882    i.Get_Shoot_Status  task_ui.o
    0x08001f4c   0x08001f4c   0x00000016   Code   RO          554    i.Get_Switch_Val    task_rc.o
    0x08001f62   0x08001f62   0x00000002   PAD
    0x08001f64   0x08001f64   0x00000368   Code   RO          711    i.Gimbal_Control    task_gimbal.o
    0x080022cc   0x080022cc   0x000001f0   Code   RO          712    i.Gimbal_Init       task_gimbal.o
    0x080024bc   0x080024bc   0x000000f8   Code   RO          308    i.Gimbal_PositionSet  task_position.o
    0x080025b4   0x080025b4   0x00000074   Code   RO          714    i.Gimbal_SetPosition  task_gimbal.o
    0x08002628   0x08002628   0x0000010c   Code   RO          715    i.Gimbal_StartMove  task_gimbal.o
    0x08002734   0x08002734   0x0000002a   Code   RO         2221    i.HAL_CAN_ActivateNotification  stm32f4xx_hal_can.o
    0x0800275e   0x0800275e   0x00000156   Code   RO         2222    i.HAL_CAN_AddTxMessage  stm32f4xx_hal_can.o
    0x080028b4   0x080028b4   0x00000124   Code   RO         2223    i.HAL_CAN_ConfigFilter  stm32f4xx_hal_can.o
    0x080029d8   0x080029d8   0x00000002   Code   RO         2226    i.HAL_CAN_ErrorCallback  stm32f4xx_hal_can.o
    0x080029da   0x080029da   0x0000017c   Code   RO         2229    i.HAL_CAN_GetRxMessage  stm32f4xx_hal_can.o
    0x08002b56   0x08002b56   0x0000024e   Code   RO         2233    i.HAL_CAN_IRQHandler  stm32f4xx_hal_can.o
    0x08002da4   0x08002da4   0x00000174   Code   RO         2234    i.HAL_CAN_Init      stm32f4xx_hal_can.o
    0x08002f18   0x08002f18   0x00000098   Code   RO         1327    i.HAL_CAN_MspInit   can.o
    0x08002fb0   0x08002fb0   0x00000002   Code   RO         2241    i.HAL_CAN_RxFifo0FullCallback  stm32f4xx_hal_can.o
    0x08002fb2   0x08002fb2   0x00000002   PAD
    0x08002fb4   0x08002fb4   0x00000254   Code   RO          626    i.HAL_CAN_RxFifo0MsgPendingCallback  task_cancomm.o
    0x08003208   0x08003208   0x00000002   Code   RO         2243    i.HAL_CAN_RxFifo1FullCallback  stm32f4xx_hal_can.o
    0x0800320a   0x0800320a   0x00000002   Code   RO         2244    i.HAL_CAN_RxFifo1MsgPendingCallback  stm32f4xx_hal_can.o
    0x0800320c   0x0800320c   0x00000002   Code   RO         2245    i.HAL_CAN_SleepCallback  stm32f4xx_hal_can.o
    0x0800320e   0x0800320e   0x0000005e   Code   RO         2246    i.HAL_CAN_Start     stm32f4xx_hal_can.o
    0x0800326c   0x0800326c   0x00000002   Code   RO         2248    i.HAL_CAN_TxMailbox0AbortCallback  stm32f4xx_hal_can.o
    0x0800326e   0x0800326e   0x00000002   Code   RO         2249    i.HAL_CAN_TxMailbox0CompleteCallback  stm32f4xx_hal_can.o
    0x08003270   0x08003270   0x00000002   Code   RO         2250    i.HAL_CAN_TxMailbox1AbortCallback  stm32f4xx_hal_can.o
    0x08003272   0x08003272   0x00000002   Code   RO         2251    i.HAL_CAN_TxMailbox1CompleteCallback  stm32f4xx_hal_can.o
    0x08003274   0x08003274   0x00000002   Code   RO         2252    i.HAL_CAN_TxMailbox2AbortCallback  stm32f4xx_hal_can.o
    0x08003276   0x08003276   0x00000002   Code   RO         2253    i.HAL_CAN_TxMailbox2CompleteCallback  stm32f4xx_hal_can.o
    0x08003278   0x08003278   0x00000002   Code   RO         2255    i.HAL_CAN_WakeUpFromRxMsgCallback  stm32f4xx_hal_can.o
    0x0800327a   0x0800327a   0x0000007c   Code   RO         2976    i.HAL_DMAEx_MultiBufferStart  stm32f4xx_hal_dma_ex.o
    0x080032f6   0x080032f6   0x00000028   Code   RO         3019    i.HAL_DMA_Abort_IT  stm32f4xx_hal_dma.o
    0x0800331e   0x0800331e   0x00000002   PAD
    0x08003320   0x08003320   0x00000240   Code   RO         3023    i.HAL_DMA_IRQHandler  stm32f4xx_hal_dma.o
    0x08003560   0x08003560   0x000000ec   Code   RO         3024    i.HAL_DMA_Init      stm32f4xx_hal_dma.o
    0x0800364c   0x0800364c   0x0000009e   Code   RO         3028    i.HAL_DMA_Start_IT  stm32f4xx_hal_dma.o
    0x080036ea   0x080036ea   0x00000002   PAD
    0x080036ec   0x080036ec   0x00000028   Code   RO         3460    i.HAL_Delay         stm32f4xx_hal.o
    0x08003714   0x08003714   0x000000b0   Code   RO         2757    i.HAL_FLASHEx_Erase  stm32f4xx_hal_flash_ex.o
    0x080037c4   0x080037c4   0x00000014   Code   RO         2631    i.HAL_FLASH_Lock    stm32f4xx_hal_flash.o
    0x080037d8   0x080037d8   0x00000098   Code   RO         2636    i.HAL_FLASH_Program  stm32f4xx_hal_flash.o
    0x08003870   0x08003870   0x00000034   Code   RO         2638    i.HAL_FLASH_Unlock  stm32f4xx_hal_flash.o
    0x080038a4   0x080038a4   0x0000021c   Code   RO         2911    i.HAL_GPIO_Init     stm32f4xx_hal_gpio.o
    0x08003ac0   0x08003ac0   0x00000012   Code   RO         2914    i.HAL_GPIO_TogglePin  stm32f4xx_hal_gpio.o
    0x08003ad2   0x08003ad2   0x0000000c   Code   RO         2915    i.HAL_GPIO_WritePin  stm32f4xx_hal_gpio.o
    0x08003ade   0x08003ade   0x00000002   PAD
    0x08003ae0   0x08003ae0   0x0000000c   Code   RO         3468    i.HAL_GetTick       stm32f4xx_hal.o
    0x08003aec   0x08003aec   0x00000018   Code   RO         3474    i.HAL_IncTick       stm32f4xx_hal.o
    0x08003b04   0x08003b04   0x0000003c   Code   RO         3475    i.HAL_Init          stm32f4xx_hal.o
    0x08003b40   0x08003b40   0x00000088   Code   RO         1880    i.HAL_InitTick      stm32f4xx_hal_timebase_tim.o
    0x08003bc8   0x08003bc8   0x00000054   Code   RO         2196    i.HAL_MspInit       stm32f4xx_hal_msp.o
    0x08003c1c   0x08003c1c   0x00000020   Code   RO         3318    i.HAL_NVIC_EnableIRQ  stm32f4xx_hal_cortex.o
    0x08003c3c   0x08003c3c   0x0000007c   Code   RO         3324    i.HAL_NVIC_SetPriority  stm32f4xx_hal_cortex.o
    0x08003cb8   0x08003cb8   0x00000028   Code   RO         3325    i.HAL_NVIC_SetPriorityGrouping  stm32f4xx_hal_cortex.o
    0x08003ce0   0x08003ce0   0x00000180   Code   RO         2455    i.HAL_RCC_ClockConfig  stm32f4xx_hal_rcc.o
    0x08003e60   0x08003e60   0x00000044   Code   RO         2459    i.HAL_RCC_GetClockConfig  stm32f4xx_hal_rcc.o
    0x08003ea4   0x08003ea4   0x0000000c   Code   RO         2460    i.HAL_RCC_GetHCLKFreq  stm32f4xx_hal_rcc.o
    0x08003eb0   0x08003eb0   0x00000020   Code   RO         2462    i.HAL_RCC_GetPCLK1Freq  stm32f4xx_hal_rcc.o
    0x08003ed0   0x08003ed0   0x00000020   Code   RO         2463    i.HAL_RCC_GetPCLK2Freq  stm32f4xx_hal_rcc.o
    0x08003ef0   0x08003ef0   0x000000b0   Code   RO         2464    i.HAL_RCC_GetSysClockFreq  stm32f4xx_hal_rcc.o
    0x08003fa0   0x08003fa0   0x00000448   Code   RO         2467    i.HAL_RCC_OscConfig  stm32f4xx_hal_rcc.o
    0x080043e8   0x080043e8   0x0000000a   Code   RO         1410    i.HAL_SD_AbortCallback  bsp_driver_sd.o
    0x080043f2   0x080043f2   0x00000002   Code   RO         4002    i.HAL_SD_ErrorCallback  stm32f4xx_hal_sd.o
    0x080043f4   0x080043f4   0x00000028   Code   RO         4006    i.HAL_SD_GetCardState  stm32f4xx_hal_sd.o
    0x0800441c   0x0800441c   0x00000200   Code   RO         4010    i.HAL_SD_IRQHandler  stm32f4xx_hal_sd.o
    0x0800461c   0x0800461c   0x0000000a   Code   RO         1411    i.HAL_SD_RxCpltCallback  bsp_driver_sd.o
    0x08004626   0x08004626   0x0000000a   Code   RO         1412    i.HAL_SD_TxCpltCallback  bsp_driver_sd.o
    0x08004630   0x08004630   0x0000008c   Code   RO         4262    i.HAL_SPI_Init      stm32f4xx_hal_spi.o
    0x080046bc   0x080046bc   0x00000088   Code   RO         1812    i.HAL_SPI_MspInit   spi.o
    0x08004744   0x08004744   0x0000022a   Code   RO         4271    i.HAL_SPI_TransmitReceive  stm32f4xx_hal_spi.o
    0x0800496e   0x0800496e   0x00000002   Code   RO         5261    i.HAL_TIMEx_BreakCallback  stm32f4xx_hal_tim_ex.o
    0x08004970   0x08004970   0x00000002   Code   RO         5262    i.HAL_TIMEx_CommutCallback  stm32f4xx_hal_tim_ex.o
    0x08004972   0x08004972   0x00000074   Code   RO         5264    i.HAL_TIMEx_ConfigBreakDeadTime  stm32f4xx_hal_tim_ex.o
    0x080049e6   0x080049e6   0x00000054   Code   RO         5279    i.HAL_TIMEx_MasterConfigSynchronization  stm32f4xx_hal_tim_ex.o
    0x08004a3a   0x08004a3a   0x00000034   Code   RO         4575    i.HAL_TIM_Base_Init  stm32f4xx_hal_tim.o
    0x08004a6e   0x08004a6e   0x00000002   Code   RO         4577    i.HAL_TIM_Base_MspInit  stm32f4xx_hal_tim.o
    0x08004a70   0x08004a70   0x0000002a   Code   RO         4580    i.HAL_TIM_Base_Start_IT  stm32f4xx_hal_tim.o
    0x08004a9a   0x08004a9a   0x00000002   Code   RO         4604    i.HAL_TIM_IC_CaptureCallback  stm32f4xx_hal_tim.o
    0x08004a9c   0x08004a9c   0x00000196   Code   RO         4618    i.HAL_TIM_IRQHandler  stm32f4xx_hal_tim.o
    0x08004c32   0x08004c32   0x00000002   PAD
    0x08004c34   0x08004c34   0x000000ec   Code   RO         1919    i.HAL_TIM_MspPostInit  tim.o
    0x08004d20   0x08004d20   0x00000002   Code   RO         4621    i.HAL_TIM_OC_DelayElapsedCallback  stm32f4xx_hal_tim.o
    0x08004d22   0x08004d22   0x00000108   Code   RO         4642    i.HAL_TIM_PWM_ConfigChannel  stm32f4xx_hal_tim.o
    0x08004e2a   0x08004e2a   0x00000034   Code   RO         4645    i.HAL_TIM_PWM_Init  stm32f4xx_hal_tim.o
    0x08004e5e   0x08004e5e   0x00000002   PAD
    0x08004e60   0x08004e60   0x00000064   Code   RO         1921    i.HAL_TIM_PWM_MspInit  tim.o
    0x08004ec4   0x08004ec4   0x00000002   Code   RO         4648    i.HAL_TIM_PWM_PulseFinishedCallback  stm32f4xx_hal_tim.o
    0x08004ec6   0x08004ec6   0x00000002   PAD
    0x08004ec8   0x08004ec8   0x00000058   Code   RO         4650    i.HAL_TIM_PWM_Start  stm32f4xx_hal_tim.o
    0x08004f20   0x08004f20   0x00000012   Code   RO         1244    i.HAL_TIM_PeriodElapsedCallback  main.o
    0x08004f32   0x08004f32   0x00000002   Code   RO         4661    i.HAL_TIM_TriggerCallback  stm32f4xx_hal_tim.o
    0x08004f34   0x08004f34   0x00000002   Code   RO         5533    i.HAL_UART_ErrorCallback  stm32f4xx_hal_uart.o
    0x08004f36   0x08004f36   0x00000002   PAD
    0x08004f38   0x08004f38   0x0000014c   Code   RO         5536    i.HAL_UART_IRQHandler  stm32f4xx_hal_uart.o
    0x08005084   0x08005084   0x00000072   Code   RO         5537    i.HAL_UART_Init     stm32f4xx_hal_uart.o
    0x080050f6   0x080050f6   0x00000002   PAD
    0x080050f8   0x080050f8   0x000004a0   Code   RO         1974    i.HAL_UART_MspInit  usart.o
    0x08005598   0x08005598   0x00000002   Code   RO         5543    i.HAL_UART_RxCpltCallback  stm32f4xx_hal_uart.o
    0x0800559a   0x0800559a   0x000000d6   Code   RO         5545    i.HAL_UART_Transmit  stm32f4xx_hal_uart.o
    0x08005670   0x08005670   0x0000009c   Code   RO         5546    i.HAL_UART_Transmit_DMA  stm32f4xx_hal_uart.o
    0x0800570c   0x0800570c   0x00000002   Code   RO         5548    i.HAL_UART_TxCpltCallback  stm32f4xx_hal_uart.o
    0x0800570e   0x0800570e   0x00000002   Code   RO         5549    i.HAL_UART_TxHalfCpltCallback  stm32f4xx_hal_uart.o
    0x08005710   0x08005710   0x00000004   Code   RO         2051    i.HardFault_Handler  stm32f4xx_it.o
    0x08005714   0x08005714   0x00000074   Code   RO          883    i.InitPeripheral_UI  task_ui.o
    0x08005788   0x08005788   0x000000a8   Code   RO          472    i.JetsonCommUart_ReConfig_In_IRQHandler  task_jetsoncomm.o
    0x08005830   0x08005830   0x00000330   Code   RO          473    i.JetsonComm_Control  task_jetsoncomm.o
    0x08005b60   0x08005b60   0x00000194   Code   RO          475    i.KF_Init           task_jetsoncomm.o
    0x08005cf4   0x08005cf4   0x00000048   Code   RO         1328    i.MX_CAN1_Init      can.o
    0x08005d3c   0x08005d3c   0x000000d8   Code   RO         1368    i.MX_DMA_Init       dma.o
    0x08005e14   0x08005e14   0x00000028   Code   RO         1707    i.MX_FREERTOS_Init  freertos.o
    0x08005e3c   0x08005e3c   0x000001d0   Code   RO         1302    i.MX_GPIO_Init      gpio.o
    0x0800600c   0x0800600c   0x00000024   Code   RO         1771    i.MX_SDIO_SD_Init   sdio.o
    0x08006030   0x08006030   0x00000044   Code   RO         1813    i.MX_SPI5_Init      spi.o
    0x08006074   0x08006074   0x000000d8   Code   RO         1922    i.MX_TIM1_Init      tim.o
    0x0800614c   0x0800614c   0x0000007c   Code   RO         1923    i.MX_TIM3_Init      tim.o
    0x080061c8   0x080061c8   0x00000038   Code   RO         1975    i.MX_UART7_Init     usart.o
    0x08006200   0x08006200   0x00000038   Code   RO         1976    i.MX_UART8_Init     usart.o
    0x08006238   0x08006238   0x0000003c   Code   RO         1977    i.MX_USART1_UART_Init  usart.o
    0x08006274   0x08006274   0x00000038   Code   RO         1978    i.MX_USART3_UART_Init  usart.o
    0x080062ac   0x080062ac   0x00000038   Code   RO         1979    i.MX_USART6_UART_Init  usart.o
    0x080062e4   0x080062e4   0x00000004   Code   RO         2052    i.MemManage_Handler  stm32f4xx_it.o
    0x080062e8   0x080062e8   0x000000c4   Code   RO          769    i.Motor_Blocked_Detect  task_shoot.o
    0x080063ac   0x080063ac   0x000000bc   Code   RO         1123    i.Motor_CanSend_Gimbal  system.o
    0x08006468   0x08006468   0x000000f8   Code   RO         1124    i.Motor_CanSend_Shoot  system.o
    0x08006560   0x08006560   0x00000002   Code   RO         2053    i.NMI_Handler       stm32f4xx_it.o
    0x08006562   0x08006562   0x00000002   PAD
    0x08006564   0x08006564   0x00000350   Code   RO         1126    i.PID_Calculation   system.o
    0x080068b4   0x080068b4   0x00000060   Code   RO          311    i.PositionInit      task_position.o
    0x08006914   0x08006914   0x000001d8   Code   RO          555    i.RC_Data_Update    task_rc.o
    0x08006aec   0x08006aec   0x0000004c   Code   RO          556    i.RC_InitConfig     task_rc.o
    0x08006b38   0x08006b38   0x000000f0   Code   RO          557    i.RC_UART_IRQHandler  task_rc.o
    0x08006c28   0x08006c28   0x00000074   Code   RO          386    i.RefereeReceive    task_judge.o
    0x08006c9c   0x08006c9c   0x00000066   Code   RO          387    i.Referee_IDLECallback  task_judge.o
    0x08006d02   0x08006d02   0x00000002   PAD
    0x08006d04   0x08006d04   0x00000210   Code   RO          388    i.Referee_Receive_Data_Processing  task_judge.o
    0x08006f14   0x08006f14   0x00000008   Code   RO         3721    i.SDIO_GetCommandResponse  stm32f4xx_ll_sdmmc.o
    0x08006f1c   0x08006f1c   0x00000016   Code   RO         3725    i.SDIO_GetResponse  stm32f4xx_ll_sdmmc.o
    0x08006f32   0x08006f32   0x00000002   PAD
    0x08006f34   0x08006f34   0x00000010   Code   RO         2054    i.SDIO_IRQHandler   stm32f4xx_it.o
    0x08006f44   0x08006f44   0x00000008   Code   RO         3729    i.SDIO_ReadFIFO     stm32f4xx_ll_sdmmc.o
    0x08006f4c   0x08006f4c   0x00000028   Code   RO         3730    i.SDIO_SendCommand  stm32f4xx_ll_sdmmc.o
    0x08006f74   0x08006f74   0x0000000c   Code   RO         3732    i.SDIO_WriteFIFO    stm32f4xx_ll_sdmmc.o
    0x08006f80   0x08006f80   0x0000003a   Code   RO         3751    i.SDMMC_CmdSendStatus  stm32f4xx_ll_sdmmc.o
    0x08006fba   0x08006fba   0x00000002   PAD
    0x08006fbc   0x08006fbc   0x0000003c   Code   RO         3754    i.SDMMC_CmdStopTransfer  stm32f4xx_ll_sdmmc.o
    0x08006ff8   0x08006ff8   0x000001a4   Code   RO         3759    i.SDMMC_GetCmdResp1  stm32f4xx_ll_sdmmc.o
    0x0800719c   0x0800719c   0x0000004c   Code   RO         4025    i.SD_DMARxAbort     stm32f4xx_hal_sd.o
    0x080071e8   0x080071e8   0x0000004c   Code   RO         4027    i.SD_DMATxAbort     stm32f4xx_hal_sd.o
    0x08007234   0x08007234   0x00000026   Code   RO         4032    i.SD_Read_IT        stm32f4xx_hal_sd.o
    0x0800725a   0x0800725a   0x00000032   Code   RO         4034    i.SD_SendStatus     stm32f4xx_hal_sd.o
    0x0800728c   0x0800728c   0x00000026   Code   RO         4037    i.SD_Write_IT       stm32f4xx_hal_sd.o
    0x080072b2   0x080072b2   0x00000028   Code   RO         4300    i.SPI_EndRxTxTransaction  stm32f4xx_hal_spi.o
    0x080072da   0x080072da   0x000000a8   Code   RO         4305    i.SPI_WaitFlagStateUntilTimeout  stm32f4xx_hal_spi.o
    0x08007382   0x08007382   0x00000002   PAD
    0x08007384   0x08007384   0x000001b0   Code   RO          770    i.Shoot_Control     task_shoot.o
    0x08007534   0x08007534   0x000000bc   Code   RO          771    i.Shoot_GetInfo     task_shoot.o
    0x080075f0   0x080075f0   0x000002c8   Code   RO          772    i.Shoot_Init        task_shoot.o
    0x080078b8   0x080078b8   0x00000014   Code   RO          668    i.StatusMachine_Init  task_statemachine.o
    0x080078cc   0x080078cc   0x00000250   Code   RO          669    i.StatusMachine_Update  task_statemachine.o
    0x08007b1c   0x08007b1c   0x00000034   Code   RO         7236    i.SysTick_Handler   port.o
    0x08007b50   0x08007b50   0x000000b4   Code   RO         1245    i.SystemClock_Config  main.o
    0x08007c04   0x08007c04   0x00000064   Code   RO         5844    i.SystemInit        system_stm32f4xx.o
    0x08007c68   0x08007c68   0x00000010   Code   RO         2055    i.TIM2_IRQHandler   stm32f4xx_it.o
    0x08007c78   0x08007c78   0x00000002   Code   RO           16    i.TIMInit           task_init.o
    0x08007c7a   0x08007c7a   0x00000002   PAD
    0x08007c7c   0x08007c7c   0x000000d8   Code   RO         4663    i.TIM_Base_SetConfig  stm32f4xx_hal_tim.o
    0x08007d54   0x08007d54   0x00000022   Code   RO         4664    i.TIM_CCxChannelCmd  stm32f4xx_hal_tim.o
    0x08007d76   0x08007d76   0x00000002   PAD
    0x08007d78   0x08007d78   0x00000070   Code   RO         4676    i.TIM_OC1_SetConfig  stm32f4xx_hal_tim.o
    0x08007de8   0x08007de8   0x0000007c   Code   RO         4677    i.TIM_OC2_SetConfig  stm32f4xx_hal_tim.o
    0x08007e64   0x08007e64   0x00000078   Code   RO         4678    i.TIM_OC3_SetConfig  stm32f4xx_hal_tim.o
    0x08007edc   0x08007edc   0x00000054   Code   RO         4679    i.TIM_OC4_SetConfig  stm32f4xx_hal_tim.o
    0x08007f30   0x08007f30   0x00000044   Code   RO          627    i.Task_CanComm      task_cancomm.o
    0x08007f74   0x08007f74   0x00000068   Code   RO          851    i.Task_Debug        task_debug.o
    0x08007fdc   0x08007fdc   0x0000002c   Code   RO          716    i.Task_Gimbal       task_gimbal.o
    0x08008008   0x08008008   0x0000027c   Code   RO           17    i.Task_Init_Config  task_init.o
    0x08008284   0x08008284   0x00000018   Code   RO          476    i.Task_JetsonComm   task_jetsoncomm.o
    0x0800829c   0x0800829c   0x0000000e   Code   RO          389    i.Task_Judge        task_judge.o
    0x080082aa   0x080082aa   0x00000002   PAD
    0x080082ac   0x080082ac   0x00000130   Code   RO          823    i.Task_LED          task_led.o
    0x080083dc   0x080083dc   0x0000004c   Code   RO          312    i.Task_Position     task_position.o
    0x08008428   0x08008428   0x00000060   Code   RO          274    i.Task_Protect      task_protect.o
    0x08008488   0x08008488   0x00000028   Code   RO          558    i.Task_RC           task_rc.o
    0x080084b0   0x080084b0   0x000000a8   Code   RO         1037    i.Task_SDIO         task_sdio.o
    0x08008558   0x08008558   0x00000044   Code   RO          773    i.Task_Shoot        task_shoot.o
    0x0800859c   0x0800859c   0x00000016   Code   RO          670    i.Task_StateMachine  task_statemachine.o
    0x080085b2   0x080085b2   0x0000001e   Code   RO          884    i.Task_Ui           task_ui.o
    0x080085d0   0x080085d0   0x00000010   Code   RO         2056    i.UART7_IRQHandler  stm32f4xx_it.o
    0x080085e0   0x080085e0   0x00000014   Code   RO         2057    i.UART8_IRQHandler  stm32f4xx_it.o
    0x080085f4   0x080085f4   0x00000014   Code   RO         5550    i.UART_DMAAbortOnError  stm32f4xx_hal_uart.o
    0x08008608   0x08008608   0x00000050   Code   RO         5551    i.UART_DMAError     stm32f4xx_hal_uart.o
    0x08008658   0x08008658   0x00000036   Code   RO         5556    i.UART_DMATransmitCplt  stm32f4xx_hal_uart.o
    0x0800868e   0x0800868e   0x0000000e   Code   RO         5558    i.UART_DMATxHalfCplt  stm32f4xx_hal_uart.o
    0x0800869c   0x0800869c   0x00000020   Code   RO         5560    i.UART_EndRxTransfer  stm32f4xx_hal_uart.o
    0x080086bc   0x080086bc   0x00000020   Code   RO         5561    i.UART_EndTransmit_IT  stm32f4xx_hal_uart.o
    0x080086dc   0x080086dc   0x00000014   Code   RO         5562    i.UART_EndTxTransfer  stm32f4xx_hal_uart.o
    0x080086f0   0x080086f0   0x000000a6   Code   RO         5563    i.UART_Receive_IT   stm32f4xx_hal_uart.o
    0x08008796   0x08008796   0x00000002   PAD
    0x08008798   0x08008798   0x00000368   Code   RO         5564    i.UART_SetConfig    stm32f4xx_hal_uart.o
    0x08008b00   0x08008b00   0x00000068   Code   RO         5565    i.UART_Transmit_IT  stm32f4xx_hal_uart.o
    0x08008b68   0x08008b68   0x0000006c   Code   RO         5566    i.UART_WaitOnFlagUntilTimeout  stm32f4xx_hal_uart.o
    0x08008bd4   0x08008bd4   0x00000014   Code   RO         2058    i.USART1_IRQHandler  stm32f4xx_it.o
    0x08008be8   0x08008be8   0x00000014   Code   RO         2059    i.USART3_IRQHandler  stm32f4xx_it.o
    0x08008bfc   0x08008bfc   0x00000014   Code   RO         2060    i.USART6_IRQHandler  stm32f4xx_it.o
    0x08008c10   0x08008c10   0x00000100   Code   RO          313    i.Uart_Config_In_IRQHandle  task_position.o
    0x08008d10   0x08008d10   0x00000004   Code   RO         2061    i.UsageFault_Handler  stm32f4xx_it.o
    0x08008d14   0x08008d14   0x00000040   Code   RO          390    i.Verify_CRC16_Check_Sum  task_judge.o
    0x08008d54   0x08008d54   0x0000002e   Code   RO          391    i.Verify_CRC8_Check_Sum  task_judge.o
    0x08008d82   0x08008d82   0x00000002   PAD
    0x08008d84   0x08008d84   0x000000c0   Code   RO          477    i.Version_Init      task_jetsoncomm.o
    0x08008e44   0x08008e44   0x0000002c   Code   RO          885    i.WhichTeam         task_ui.o
    0x08008e70   0x08008e70   0x00000030   Code   RO         8576    i.__ARM_fpclassify  m_wm.l(fpclassify.o)
    0x08008ea0   0x08008ea0   0x00000010   Code   RO         3331    i.__NVIC_GetPriorityGrouping  stm32f4xx_hal_cortex.o
    0x08008eb0   0x08008eb0   0x00000028   Code   RO         3332    i.__NVIC_SetPriority  stm32f4xx_hal_cortex.o
    0x08008ed8   0x08008ed8   0x00000360   Code   RO         8198    i.__hardfp_asin     m_wm.l(asin.o)
    0x08009238   0x08009238   0x000002d8   Code   RO         8548    i.__hardfp_atan     m_wm.l(atan.o)
    0x08009510   0x08009510   0x000001f0   Code   RO         8212    i.__hardfp_atan2    m_wm.l(atan2.o)
    0x08009700   0x08009700   0x00000014   Code   RO         8224    i.__hardfp_fabs     m_wm.l(fabs.o)
    0x08009714   0x08009714   0x0000007a   Code   RO         8230    i.__hardfp_sqrt     m_wm.l(sqrt.o)
    0x0800978e   0x0800978e   0x000000f8   Code   RO         8578    i.__kernel_poly     m_wm.l(poly.o)
    0x08009886   0x08009886   0x00000014   Code   RO         8563    i.__mathlib_dbl_infnan  m_wm.l(dunder.o)
    0x0800989a   0x0800989a   0x00000014   Code   RO         8564    i.__mathlib_dbl_infnan2  m_wm.l(dunder.o)
    0x080098ae   0x080098ae   0x00000002   PAD
    0x080098b0   0x080098b0   0x00000020   Code   RO         8565    i.__mathlib_dbl_invalid  m_wm.l(dunder.o)
    0x080098d0   0x080098d0   0x00000020   Code   RO         8568    i.__mathlib_dbl_underflow  m_wm.l(dunder.o)
    0x080098f0   0x080098f0   0x0000000e   Code   RO         8628    i.__scatterload_copy  mc_w.l(handlers.o)
    0x080098fe   0x080098fe   0x00000002   Code   RO         8629    i.__scatterload_null  mc_w.l(handlers.o)
    0x08009900   0x08009900   0x0000000e   Code   RO         8630    i.__scatterload_zeroinit  mc_w.l(handlers.o)
    0x0800990e   0x0800990e   0x00000002   PAD
    0x08009910   0x08009910   0x0000000c   Code   RO         8608    i.__set_errno       mc_w.l(errno.o)
    0x0800991c   0x0800991c   0x00000010   Code   RO         8550    i.atan              m_wm.l(atan.o)
    0x0800992c   0x0800992c   0x00000028   Code   RO          886    i.check_empty_graphic  task_ui.o
    0x08009954   0x08009954   0x0000007c   Code   RO         7507    i.check_fs          ff.o
    0x080099d0   0x080099d0   0x00000014   Code   RO         7508    i.chk_chr           ff.o
    0x080099e4   0x080099e4   0x0000007c   Code   RO         7509    i.chk_lock          ff.o
    0x08009a60   0x08009a60   0x00000028   Code   RO         7510    i.clear_lock        ff.o
    0x08009a88   0x08009a88   0x00000032   Code   RO         7511    i.clmt_clust        ff.o
    0x08009aba   0x08009aba   0x0000001a   Code   RO         7512    i.clust2sect        ff.o
    0x08009ad4   0x08009ad4   0x00000098   Code   RO         7513    i.cmp_lfn           ff.o
    0x08009b6c   0x08009b6c   0x00000002   Code   RO         1709    i.configureTimerForRunTimeStats  freertos.o
    0x08009b6e   0x08009b6e   0x000000de   Code   RO         7514    i.create_chain      ff.o
    0x08009c4c   0x08009c4c   0x0000026c   Code   RO         7515    i.create_name       ff.o
    0x08009eb8   0x08009eb8   0x00000044   Code   RO         7516    i.dec_lock          ff.o
    0x08009efc   0x08009efc   0x00000040   Code   RO          628    i.delta_angle       task_cancomm.o
    0x08009f3c   0x08009f3c   0x00000060   Code   RO         7517    i.dir_alloc         ff.o
    0x08009f9c   0x08009f9c   0x000000fc   Code   RO         7518    i.dir_find          ff.o
    0x0800a098   0x0800a098   0x0000010c   Code   RO         7519    i.dir_next          ff.o
    0x0800a1a4   0x0800a1a4   0x00000142   Code   RO         7521    i.dir_register      ff.o
    0x0800a2e6   0x0800a2e6   0x0000009a   Code   RO         7523    i.dir_sdi           ff.o
    0x0800a380   0x0800a380   0x0000002c   Code   RO         7452    i.disk_initialize   diskio.o
    0x0800a3ac   0x0800a3ac   0x00000028   Code   RO         7453    i.disk_ioctl        diskio.o
    0x0800a3d4   0x0800a3d4   0x00000030   Code   RO         7454    i.disk_read         diskio.o
    0x0800a404   0x0800a404   0x0000001c   Code   RO         7455    i.disk_status       diskio.o
    0x0800a420   0x0800a420   0x00000030   Code   RO         7456    i.disk_write        diskio.o
    0x0800a450   0x0800a450   0x000001b4   Code   RO          890    i.draw_line         task_ui.o
    0x0800a604   0x0800a604   0x000001b8   Code   RO          891    i.draw_rect         task_ui.o
    0x0800a7bc   0x0800a7bc   0x00000028   Code   RO         7524    i.enq_lock          ff.o
    0x0800a7e4   0x0800a7e4   0x00000034   Code   RO         7525    i.f_close           ff.o
    0x0800a818   0x0800a818   0x00000084   Code   RO         7532    i.f_mount           ff.o
    0x0800a89c   0x0800a89c   0x00000242   Code   RO         7533    i.f_open            ff.o
    0x0800aade   0x0800aade   0x000000b0   Code   RO         7542    i.f_sync            ff.o
    0x0800ab8e   0x0800ab8e   0x00000244   Code   RO         7545    i.f_write           ff.o
    0x0800add2   0x0800add2   0x00000018   Code   RO         8226    i.fabs              m_wm.l(fabs.o)
    0x0800adea   0x0800adea   0x00000002   PAD
    0x0800adec   0x0800adec   0x0000007c   Code   RO         7997    i.ff_convert        cc936.o
    0x0800ae68   0x0800ae68   0x00000026   Code   RO         7949    i.ff_cre_syncobj    syscall.o
    0x0800ae8e   0x0800ae8e   0x0000000e   Code   RO         7950    i.ff_del_syncobj    syscall.o
    0x0800ae9c   0x0800ae9c   0x0000000c   Code   RO         7951    i.ff_rel_grant      syscall.o
    0x0800aea8   0x0800aea8   0x00000018   Code   RO         7952    i.ff_req_grant      syscall.o
    0x0800aec0   0x0800aec0   0x000000a4   Code   RO         7998    i.ff_wtoupper       cc936.o
    0x0800af64   0x0800af64   0x0000030c   Code   RO         7546    i.find_volume       ff.o
    0x0800b270   0x0800b270   0x000000a2   Code   RO         7547    i.follow_path       ff.o
    0x0800b312   0x0800b312   0x00000002   PAD
    0x0800b314   0x0800b314   0x000000cc   Code   RO         7548    i.gen_numname       ff.o
    0x0800b3e0   0x0800b3e0   0x00000004   Code   RO         1710    i.getRunTimeCounterValue  freertos.o
    0x0800b3e4   0x0800b3e4   0x000000e0   Code   RO         7549    i.get_fat           ff.o
    0x0800b4c4   0x0800b4c4   0x00000004   Code   RO         1641    i.get_fattime       fatfs.o
    0x0800b4c8   0x0800b4c8   0x00000048   Code   RO         7551    i.get_ldnumber      ff.o
    0x0800b510   0x0800b510   0x0000076c   Code   RO         7315    i.imu_ahrs_update   func_imu_ob.o
    0x0800bc7c   0x0800bc7c   0x00000218   Code   RO         7316    i.imu_attitude_update  func_imu_ob.o
    0x0800be94   0x0800be94   0x00000054   Code   RO         7317    i.imu_temp_ctrl     func_imu_ob.o
    0x0800bee8   0x0800bee8   0x00000010   Code   RO         6793    i.inHandlerMode     cmsis_os.o
    0x0800bef8   0x0800bef8   0x000000bc   Code   RO         7552    i.inc_lock          ff.o
    0x0800bfb4   0x0800bfb4   0x000002c4   Code   RO         7318    i.init_quaternion   func_imu_ob.o
    0x0800c278   0x0800c278   0x0000003c   Code   RO         7319    i.inv_sqrt          func_imu_ob.o
    0x0800c2b4   0x0800c2b4   0x00000010   Code   RO         7320    i.ist8310_get_data  func_imu_ob.o
    0x0800c2c4   0x0800c2c4   0x00000100   Code   RO         7321    i.ist8310_init      func_imu_ob.o
    0x0800c3c4   0x0800c3c4   0x0000003a   Code   RO         7322    i.ist_reg_read_by_mpu  func_imu_ob.o
    0x0800c3fe   0x0800c3fe   0x00000040   Code   RO         7323    i.ist_reg_write_by_mpu  func_imu_ob.o
    0x0800c43e   0x0800c43e   0x00000100   Code   RO          480    i.kalman_filter_init  task_jetsoncomm.o
    0x0800c53e   0x0800c53e   0x00000026   Code   RO         7553    i.ld_clust          ff.o
    0x0800c564   0x0800c564   0x00000018   Code   RO         7554    i.ld_dword          ff.o
    0x0800c57c   0x0800c57c   0x0000000c   Code   RO         7555    i.ld_word           ff.o
    0x0800c588   0x0800c588   0x00000024   Code   RO          892    i.load_chars        task_ui.o
    0x0800c5ac   0x0800c5ac   0x00000016   Code   RO         7556    i.lock_fs           ff.o
    0x0800c5c2   0x0800c5c2   0x00000044   Code   RO         1246    i.main              main.o
    0x0800c606   0x0800c606   0x0000000e   Code   RO         6795    i.makeFreeRtosPriority  cmsis_os.o
    0x0800c614   0x0800c614   0x00000024   Code   RO         7557    i.mem_cmp           ff.o
    0x0800c638   0x0800c638   0x0000001a   Code   RO         7558    i.mem_cpy           ff.o
    0x0800c652   0x0800c652   0x00000012   Code   RO         7559    i.mem_set           ff.o
    0x0800c664   0x0800c664   0x00000034   Code   RO         7560    i.move_window       ff.o
    0x0800c698   0x0800c698   0x0000006c   Code   RO         7324    i.mpu_device_init   func_imu_ob.o
    0x0800c704   0x0800c704   0x00000180   Code   RO         7325    i.mpu_get_data      func_imu_ob.o
    0x0800c884   0x0800c884   0x0000008c   Code   RO         7326    i.mpu_master_i2c_auto_read_config  func_imu_ob.o
    0x0800c910   0x0800c910   0x00000138   Code   RO         7327    i.mpu_offset_call   func_imu_ob.o
    0x0800ca48   0x0800ca48   0x00000054   Code   RO         7328    i.mpu_read_byte     func_imu_ob.o
    0x0800ca9c   0x0800ca9c   0x00000064   Code   RO         7329    i.mpu_read_bytes    func_imu_ob.o
    0x0800cb00   0x0800cb00   0x00000010   Code   RO         7330    i.mpu_set_accel_fsr  func_imu_ob.o
    0x0800cb10   0x0800cb10   0x00000010   Code   RO         7331    i.mpu_set_gyro_fsr  func_imu_ob.o
    0x0800cb20   0x0800cb20   0x00000058   Code   RO         7332    i.mpu_write_byte    func_imu_ob.o
    0x0800cb78   0x0800cb78   0x0000000a   Code   RO         6800    i.osKernelStart     cmsis_os.o
    0x0800cb82   0x0800cb82   0x00000002   PAD
    0x0800cb84   0x0800cb84   0x00000060   Code   RO         6813    i.osMessagePut      cmsis_os.o
    0x0800cbe4   0x0800cbe4   0x00000058   Code   RO         6826    i.osSemaphoreCreate  cmsis_os.o
    0x0800cc3c   0x0800cc3c   0x00000018   Code   RO         6827    i.osSemaphoreDelete  cmsis_os.o
    0x0800cc54   0x0800cc54   0x00000050   Code   RO         6829    i.osSemaphoreRelease  cmsis_os.o
    0x0800cca4   0x0800cca4   0x00000068   Code   RO         6830    i.osSemaphoreWait   cmsis_os.o
    0x0800cd0c   0x0800cd0c   0x0000005e   Code   RO         6834    i.osThreadCreate    cmsis_os.o
    0x0800cd6a   0x0800cd6a   0x00000002   PAD
    0x0800cd6c   0x0800cd6c   0x00000098   Code   RO         6398    i.prvAddCurrentTaskToDelayedList  tasks.o
    0x0800ce04   0x0800ce04   0x000000b8   Code   RO         6399    i.prvAddNewTaskToReadyList  tasks.o
    0x0800cebc   0x0800cebc   0x00000048   Code   RO         6400    i.prvCheckTasksWaitingTermination  tasks.o
    0x0800cf04   0x0800cf04   0x0000002a   Code   RO         6033    i.prvCopyDataFromQueue  queue.o
    0x0800cf2e   0x0800cf2e   0x0000007c   Code   RO         6034    i.prvCopyDataToQueue  queue.o
    0x0800cfaa   0x0800cfaa   0x00000050   Code   RO         6401    i.prvDeleteTCB      tasks.o
    0x0800cffa   0x0800cffa   0x00000014   Code   RO         6035    i.prvGetDisinheritPriorityAfterTimeout  queue.o
    0x0800d00e   0x0800d00e   0x00000002   PAD
    0x0800d010   0x0800d010   0x0000007c   Code   RO         7174    i.prvHeapInit       heap_4.o
    0x0800d08c   0x0800d08c   0x00000008   Code   RO         6402    i.prvIdleTask       tasks.o
    0x0800d094   0x0800d094   0x0000002a   Code   RO         6037    i.prvInitialiseNewQueue  queue.o
    0x0800d0be   0x0800d0be   0x000000b6   Code   RO         6403    i.prvInitialiseNewTask  tasks.o
    0x0800d174   0x0800d174   0x00000068   Code   RO         6404    i.prvInitialiseTaskLists  tasks.o
    0x0800d1dc   0x0800d1dc   0x00000068   Code   RO         7175    i.prvInsertBlockIntoFreeList  heap_4.o
    0x0800d244   0x0800d244   0x0000001a   Code   RO         6038    i.prvIsQueueEmpty   queue.o
    0x0800d25e   0x0800d25e   0x0000001e   Code   RO         6039    i.prvIsQueueFull    queue.o
    0x0800d27c   0x0800d27c   0x00000034   Code   RO         6406    i.prvResetNextTaskUnblockTime  tasks.o
    0x0800d2b0   0x0800d2b0   0x00000040   Code   RO         7237    i.prvTaskExitError  port.o
    0x0800d2f0   0x0800d2f0   0x0000007e   Code   RO         6040    i.prvUnlockQueue    queue.o
    0x0800d36e   0x0800d36e   0x00000138   Code   RO         7562    i.put_fat           ff.o
    0x0800d4a6   0x0800d4a6   0x00000002   PAD
    0x0800d4a8   0x0800d4a8   0x00000080   Code   RO         7563    i.put_lfn           ff.o
    0x0800d528   0x0800d528   0x0000013c   Code   RO         7176    i.pvPortMalloc      heap_4.o
    0x0800d664   0x0800d664   0x00000020   Code   RO         6411    i.pvTaskIncrementMutexHeldCount  tasks.o
    0x0800d684   0x0800d684   0x0000002c   Code   RO         7238    i.pxPortInitialiseStack  port.o
    0x0800d6b0   0x0800d6b0   0x0000009a   Code   RO         7567    i.remove_chain      ff.o
    0x0800d74a   0x0800d74a   0x00000002   PAD
    0x0800d74c   0x0800d74c   0x00000108   Code   RO          893    i.send_graphic      task_ui.o
    0x0800d854   0x0800d854   0x0000006e   Code   RO         8232    i.sqrt              m_wm.l(sqrt.o)
    0x0800d8c2   0x0800d8c2   0x00000024   Code   RO         7568    i.st_clust          ff.o
    0x0800d8e6   0x0800d8e6   0x00000018   Code   RO         7569    i.st_dword          ff.o
    0x0800d8fe   0x0800d8fe   0x0000000c   Code   RO         7570    i.st_word           ff.o
    0x0800d90a   0x0800d90a   0x00000020   Code   RO         7571    i.sum_sfn           ff.o
    0x0800d92a   0x0800d92a   0x00000002   PAD
    0x0800d92c   0x0800d92c   0x00000090   Code   RO         7572    i.sync_fs           ff.o
    0x0800d9bc   0x0800d9bc   0x00000052   Code   RO         7573    i.sync_window       ff.o
    0x0800da0e   0x0800da0e   0x00000002   PAD
    0x0800da10   0x0800da10   0x00000074   Code   RO         6412    i.ulTaskNotifyTake  tasks.o
    0x0800da84   0x0800da84   0x0000001c   Code   RO         7574    i.unlock_fs         ff.o
    0x0800daa0   0x0800daa0   0x00000028   Code   RO         5993    i.uxListRemove      list.o
    0x0800dac8   0x0800dac8   0x00000018   Code   RO         1711    i.vApplicationGetIdleTaskMemory  freertos.o
    0x0800dae0   0x0800dae0   0x0000001a   Code   RO         5994    i.vListInitialise   list.o
    0x0800dafa   0x0800dafa   0x00000006   Code   RO         5995    i.vListInitialiseItem  list.o
    0x0800db00   0x0800db00   0x00000034   Code   RO         5996    i.vListInsert       list.o
    0x0800db34   0x0800db34   0x00000018   Code   RO         5997    i.vListInsertEnd    list.o
    0x0800db4c   0x0800db4c   0x00000054   Code   RO         7240    i.vPortEnterCritical  port.o
    0x0800dba0   0x0800dba0   0x0000003c   Code   RO         7241    i.vPortExitCritical  port.o
    0x0800dbdc   0x0800dbdc   0x00000094   Code   RO         7177    i.vPortFree         heap_4.o
    0x0800dc70   0x0800dc70   0x00000028   Code   RO         7242    i.vPortSetupTimerInterrupt  port.o
    0x0800dc98   0x0800dc98   0x00000078   Code   RO         7243    i.vPortValidateInterruptPriority  port.o
    0x0800dd10   0x0800dd10   0x00000032   Code   RO         6047    i.vQueueDelete      queue.o
    0x0800dd42   0x0800dd42   0x00000002   PAD
    0x0800dd44   0x0800dd44   0x00000030   Code   RO         6049    i.vQueueUnregisterQueue  queue.o
    0x0800dd74   0x0800dd74   0x000000d4   Code   RO         6421    i.vTaskDelayUntil   tasks.o
    0x0800de48   0x0800de48   0x000000f4   Code   RO         6422    i.vTaskDelete       tasks.o
    0x0800df3c   0x0800df3c   0x00000018   Code   RO         6426    i.vTaskInternalSetTimeOutState  tasks.o
    0x0800df54   0x0800df54   0x0000000c   Code   RO         6428    i.vTaskMissedYield  tasks.o
    0x0800df60   0x0800df60   0x000000f0   Code   RO         6429    i.vTaskNotifyGiveFromISR  tasks.o
    0x0800e050   0x0800e050   0x00000038   Code   RO         6430    i.vTaskPlaceOnEventList  tasks.o
    0x0800e088   0x0800e088   0x000000f4   Code   RO         6432    i.vTaskPriorityDisinheritAfterTimeout  tasks.o
    0x0800e17c   0x0800e17c   0x000000b4   Code   RO         6438    i.vTaskStartScheduler  tasks.o
    0x0800e230   0x0800e230   0x00000010   Code   RO         6440    i.vTaskSuspendAll   tasks.o
    0x0800e240   0x0800e240   0x000000c8   Code   RO         6441    i.vTaskSwitchContext  tasks.o
    0x0800e308   0x0800e308   0x00000052   Code   RO         7575    i.validate          ff.o
    0x0800e35a   0x0800e35a   0x00000002   PAD
    0x0800e35c   0x0800e35c   0x00000184   Code   RO          894    i.write_chars       task_ui.o
    0x0800e4e0   0x0800e4e0   0x000001bc   Code   RO          895    i.write_float       task_ui.o
    0x0800e69c   0x0800e69c   0x000001bc   Code   RO          896    i.write_int         task_ui.o
    0x0800e858   0x0800e858   0x00000168   Code   RO         7244    i.xPortStartScheduler  port.o
    0x0800e9c0   0x0800e9c0   0x0000005c   Code   RO         6050    i.xQueueCreateCountingSemaphore  queue.o
    0x0800ea1c   0x0800ea1c   0x00000064   Code   RO         6051    i.xQueueCreateCountingSemaphoreStatic  queue.o
    0x0800ea80   0x0800ea80   0x0000005e   Code   RO         6054    i.xQueueGenericCreate  queue.o
    0x0800eade   0x0800eade   0x000000de   Code   RO         6055    i.xQueueGenericCreateStatic  queue.o
    0x0800ebbc   0x0800ebbc   0x00000098   Code   RO         6056    i.xQueueGenericReset  queue.o
    0x0800ec54   0x0800ec54   0x000001a8   Code   RO         6057    i.xQueueGenericSend  queue.o
    0x0800edfc   0x0800edfc   0x000000f8   Code   RO         6058    i.xQueueGenericSendFromISR  queue.o
    0x0800eef4   0x0800eef4   0x000000e0   Code   RO         6059    i.xQueueGiveFromISR  queue.o
    0x0800efd4   0x0800efd4   0x00000168   Code   RO         6064    i.xQueueReceive     queue.o
    0x0800f13c   0x0800f13c   0x000000ca   Code   RO         6065    i.xQueueReceiveFromISR  queue.o
    0x0800f206   0x0800f206   0x00000002   PAD
    0x0800f208   0x0800f208   0x000001b8   Code   RO         6066    i.xQueueSemaphoreTake  queue.o
    0x0800f3c0   0x0800f3c0   0x0000008c   Code   RO         6442    i.xTaskCheckForTimeOut  tasks.o
    0x0800f44c   0x0800f44c   0x00000064   Code   RO         6443    i.xTaskCreate       tasks.o
    0x0800f4b0   0x0800f4b0   0x000000b8   Code   RO         6444    i.xTaskCreateStatic  tasks.o
    0x0800f568   0x0800f568   0x00000104   Code   RO         6445    i.xTaskGenericNotify  tasks.o
    0x0800f66c   0x0800f66c   0x00000020   Code   RO         6449    i.xTaskGetSchedulerState  tasks.o
    0x0800f68c   0x0800f68c   0x0000000c   Code   RO         6450    i.xTaskGetTickCount  tasks.o
    0x0800f698   0x0800f698   0x00000148   Code   RO         6452    i.xTaskIncrementTick  tasks.o
    0x0800f7e0   0x0800f7e0   0x000000c8   Code   RO         6455    i.xTaskPriorityDisinherit  tasks.o
    0x0800f8a8   0x0800f8a8   0x000000c8   Code   RO         6456    i.xTaskPriorityInherit  tasks.o
    0x0800f970   0x0800f970   0x00000098   Code   RO         6457    i.xTaskRemoveFromEventList  tasks.o
    0x0800fa08   0x0800fa08   0x00000104   Code   RO         6458    i.xTaskResumeAll    tasks.o
    0x0800fb0c   0x0800fb0c   0x00000302   Data   RO          393    .constdata          task_judge.o
    0x0800fe0e   0x0800fe0e   0x00000002   PAD
    0x0800fe10   0x0800fe10   0x0000001c   Data   RO         1713    .constdata          freertos.o
    0x0800fe2c   0x0800fe2c   0x00000008   Data   RO         3030    .constdata          stm32f4xx_hal_dma.o
    0x0800fe34   0x0800fe34   0x00000018   Data   RO         5845    .constdata          system_stm32f4xx.o
    0x0800fe4c   0x0800fe4c   0x00000014   Data   RO         7334    .constdata          func_imu_ob.o
    0x0800fe60   0x0800fe60   0x0000002a   Data   RO         7577    .constdata          ff.o
    0x0800fe8a   0x0800fe8a   0x0002abb6   Data   RO         7999    .constdata          cc936.o
    0x0803aa40   0x0803aa40   0x00000050   Data   RO         8201    .constdata          m_wm.l(asin.o)
    0x0803aa90   0x0803aa90   0x00000098   Data   RO         8551    .constdata          m_wm.l(atan.o)
    0x0803ab28   0x0803ab28   0x00000008   Data   RO         8580    .constdata          m_wm.l(qnan.o)
    0x0803ab30   0x0803ab30   0x0000000a   Data   RO         1714    .conststring        freertos.o
    0x0803ab3a   0x0803ab3a   0x00000002   PAD
    0x0803ab3c   0x0803ab3c   0x00000020   Data   RO         8626    Region$$Table       anon$$obj.o


    Execution Region RW_IRAM1 (Exec base: 0x20000000, Load base: 0x0803ab5c, Size: 0x00007c98, Max: 0x00030000, ABSOLUTE, COMPRESSED[0x0000006c])

    Exec Addr    Load Addr    Size         Type   Attr      Idx    E Section Name        Object

    0x20000000   COMPRESSED   0x00000034   Data   RW           18    .data               task_init.o
    0x20000034   COMPRESSED   0x00000005   Data   RW          275    .data               task_protect.o
    0x20000039   COMPRESSED   0x00000003   PAD
    0x2000003c   COMPRESSED   0x00000009   Data   RW          315    .data               task_position.o
    0x20000045   COMPRESSED   0x00000003   PAD
    0x20000048   COMPRESSED   0x0000000e   Data   RW          394    .data               task_judge.o
    0x20000056   COMPRESSED   0x00000002   PAD
    0x20000058   COMPRESSED   0x00000010   Data   RW          481    .data               task_jetsoncomm.o
    0x20000068   COMPRESSED   0x00000001   Data   RW          559    .data               task_rc.o
    0x20000069   COMPRESSED   0x00000003   Data   RW          671    .data               task_statemachine.o
    0x2000006c   COMPRESSED   0x00000009   Data   RW          717    .data               task_gimbal.o
    0x20000075   COMPRESSED   0x00000001   PAD
    0x20000076   COMPRESSED   0x00000006   Data   RW          774    .data               task_shoot.o
    0x2000007c   COMPRESSED   0x00000001   Data   RW          824    .data               task_led.o
    0x2000007d   COMPRESSED   0x00000004   Data   RW          852    .data               task_debug.o
    0x20000081   COMPRESSED   0x00000003   PAD
    0x20000084   COMPRESSED   0x0000000e   Data   RW          898    .data               task_ui.o
    0x20000092   COMPRESSED   0x00000002   PAD
    0x20000094   COMPRESSED   0x00000046   Data   RW         1039    .data               task_sdio.o
    0x200000da   COMPRESSED   0x00000002   PAD
    0x200000dc   COMPRESSED   0x00000088   Data   RW         1097    .data               sys_def.o
    0x20000164   COMPRESSED   0x00000004   Data   RW         1138    .data               system.o
    0x20000168   COMPRESSED   0x00000008   Data   RW         1548    .data               sd_diskio.o
    0x20000170   COMPRESSED   0x00000004   Data   RW         1715    .data               freertos.o
    0x20000174   COMPRESSED   0x00000009   Data   RW         3482    .data               stm32f4xx_hal.o
    0x2000017d   COMPRESSED   0x00000003   PAD
    0x20000180   COMPRESSED   0x00000004   Data   RW         5846    .data               system_stm32f4xx.o
    0x20000184   COMPRESSED   0x00000044   Data   RW         6461    .data               tasks.o
    0x200001c8   COMPRESSED   0x00000018   Data   RW         7182    .data               heap_4.o
    0x200001e0   COMPRESSED   0x0000000c   Data   RW         7245    .data               port.o
    0x200001ec   COMPRESSED   0x00000099   Data   RW         7335    .data               func_imu_ob.o
    0x20000285   COMPRESSED   0x00000003   PAD
    0x20000288   COMPRESSED   0x00000006   Data   RW         7578    .data               ff.o
    0x2000028e   COMPRESSED   0x00000002   PAD
    0x20000290   COMPRESSED   0x00000004   Data   RW         8609    .data               mc_w.l(errno.o)
    0x20000294        -       0x0000000c   Zero   RW          392    .bss                task_judge.o
    0x200002a0        -       0x00000040   Zero   RW          629    .bss                task_cancomm.o
    0x200002e0        -       0x00000080   Zero   RW          897    .bss                task_ui.o
    0x20000360        -       0x00000014   Zero   RW         1005    .bss                task_flash.o
    0x20000374        -       0x000004cc   Zero   RW         1038    .bss                task_sdio.o
    0x20000840        -       0x000009d4   Zero   RW         1096    .bss                sys_def.o
    0x20001214        -       0x00000028   Zero   RW         1329    .bss                can.o
    0x2000123c        -       0x00000270   Zero   RW         1712    .bss                freertos.o
    0x200014ac        -       0x00000144   Zero   RW         1772    .bss                sdio.o
    0x200015f0        -       0x00000058   Zero   RW         1814    .bss                spi.o
    0x20001648        -       0x00000040   Zero   RW         1883    .bss                stm32f4xx_hal_timebase_tim.o
    0x20001688        -       0x00000080   Zero   RW         1924    .bss                tim.o
    0x20001708        -       0x000003e0   Zero   RW         1980    .bss                usart.o
    0x20001ae8        -       0x00000020   Zero   RW         2639    .bss                stm32f4xx_hal_flash.o
    0x20001b08        -       0x00000040   Zero   RW         6067    .bss                queue.o
    0x20001b48        -       0x000000f0   Zero   RW         6460    .bss                tasks.o
    0x20001c38        -       0x00005000   Zero   RW         7181    .bss                heap_4.o
    0x20006c38        -       0x0000002e   Zero   RW         7333    .bss                func_imu_ob.o
    0x20006c66   COMPRESSED   0x00000002   PAD
    0x20006c68        -       0x00000020   Zero   RW         7576    .bss                ff.o
    0x20006c88        -       0x0000000c   Zero   RW         7903    .bss                ff_gen_drv.o
    0x20006c94   COMPRESSED   0x00000004   PAD
    0x20006c98        -       0x00001000   Zero   RW            1    STACK               startup_stm32f427xx.o


==============================================================================

Image component sizes


      Code (inc. data)   RO Data    RW Data    ZI Data      Debug   Object Name

        32          0          0          0          0       2420   bsp_driver_sd.o
       224         24          0          0         40       1625   can.o
       288         26     175030          0          0       2379   cc936.o
       526         12          0          0          0      31107   cmsis_os.o
       208         24          0          0          0       3877   diskio.o
       216          6          0          0          0        842   dma.o
         0          0          0          0          0      17928   event_groups.o
         4          0          0          0          0       7390   fatfs.o
      6988         98         42          6         32      43657   ff.o
         0          0          0          0         12        227   ff_gen_drv.o
        70         20         38          4        624       2894   freertos.o
      4930        394         20        153         46      14196   func_imu_ob.o
       464         22          0          0          0       1203   gpio.o
       692         62          0         24      20480       7315   heap_4.o
       148          0          0          0          0       3562   list.o
       268         10          0          0          0      11072   main.o
      1014         92          0         12          0      12421   port.o
      3066         24          0          0         64      22769   queue.o
        48         12          0          8          0      15301   sd_diskio.o
        36         10          0          0        324        726   sdio.o
       204         20          0          0         88       1617   spi.o
        36          8        428          0       4096        832   startup_stm32f427xx.o
       136         24          0          9          0       3866   stm32f4xx_hal.o
      2136          6          0          0          0      14263   stm32f4xx_hal_can.o
       252         22          0          0          0      33670   stm32f4xx_hal_cortex.o
      1276         16          8          0          0       6182   stm32f4xx_hal_dma.o
       156          0          0          0          0       2057   stm32f4xx_hal_dma_ex.o
       664         62          0          0         32       5950   stm32f4xx_hal_flash.o
       476         24          0          0          0       3286   stm32f4xx_hal_flash_ex.o
       570         54          0          0          0       2937   stm32f4xx_hal_gpio.o
        84          6          0          0          0        830   stm32f4xx_hal_msp.o
      1800         94          0          0          0       6161   stm32f4xx_hal_rcc.o
       832          8          0          0          0       6041   stm32f4xx_hal_sd.o
       902          0          0          0          0       4397   stm32f4xx_hal_spi.o
      1604         90          0          0          0      12237   stm32f4xx_hal_tim.o
       204          0          0          0          0       3253   stm32f4xx_hal_tim_ex.o
       136         12          0          0         64       1439   stm32f4xx_hal_timebase_tim.o
      2326         26          0          0          0      13461   stm32f4xx_hal_uart.o
       308         94          0          0          0      11091   stm32f4xx_it.o
       628         12          0          0          0       6251   stm32f4xx_ll_sdmmc.o
         0          0          0        136       2516      11582   sys_def.o
        88          0          0          0          0       3468   syscall.o
      1284         18          0          4          0       3087   system.o
       100         18         24          4          0       1143   system_stm32f4xx.o
       728         62          0          0         64       2627   task_cancomm.o
       104         18          0          4          0       1473   task_debug.o
       700        106          0          0         20       2517   task_flash.o
      1796        168          0          9          0       3305   task_gimbal.o
      1018        336          0         52          0     845207   task_init.o
      1860        190          0         16          0       4860   task_jetsoncomm.o
      1042        126        770         14         12       7920   task_judge.o
       304         26          0          1          0        711   task_led.o
       676         70          0          9          0       3246   task_position.o
        96         14          0          5          0        659   task_protect.o
      1358         78          0          1          0       5948   task_rc.o
       168         38          0         70       1228      10490   task_sdio.o
      1596        140          0          6          0       3805   task_shoot.o
       634         34          0          3          0       1980   task_statemachine.o
      4878        374          0         14        128      11549   task_ui.o
      4278        476          0         68        240      30809   tasks.o
       676         54          0          0        128       3196   tim.o
      1468        134          0          0        992       4945   usart.o

    ----------------------------------------------------------------------
     58872       3894     176396        656      31236    1307259   Object Totals
         0          0         32          0          0          0   (incl. Generated)
        68          0          4         24          6          0   (incl. Padding)

    ----------------------------------------------------------------------

      Code (inc. data)   RO Data    RW Data    ZI Data      Debug   Library Member Name

         0          0          0          0          0      16312   arm_mat_add_f32.o
         8          0          0          0          0        883   arm_mat_init_f32.o
       252          0          0          0          0       2116   arm_mat_trans_f32.o
       864         94         80          0          0        280   asin.o
       744        106        152          0          0        352   atan.o
       496         64          0          0          0        192   atan2.o
       104         16          0          0          0        496   dunder.o
        44          0          0          0          0        248   fabs.o
        48          0          0          0          0        124   fpclassify.o
       248          0          0          0          0        152   poly.o
         0          0          8          0          0          0   qnan.o
       232          0          0          0          0        296   sqrt.o
        86          0          0          0          0          0   __dczerorl2.o
         0          0          0          0          0          0   entry.o
         0          0          0          0          0          0   entry10a.o
         0          0          0          0          0          0   entry11a.o
         8          4          0          0          0          0   entry2.o
         4          0          0          0          0          0   entry5.o
         0          0          0          0          0          0   entry7b.o
         0          0          0          0          0          0   entry8b.o
         8          4          0          0          0          0   entry9a.o
        12          6          0          4          0         68   errno.o
        30          0          0          0          0          0   handlers.o
        36          8          0          0          0         68   init.o
         0          0          0          0          0          0   iusefp.o
        30          0          0          0          0         68   llshl.o
        36          0          0          0          0         68   llsshr.o
        32          0          0          0          0         68   llushr.o
        36          0          0          0          0         68   memcpya.o
        36          0          0          0          0        108   memseta.o
        98          0          0          0          0         92   uldiv.o
        48          0          0          0          0         68   cdcmple.o
        48          0          0          0          0         68   cdrcmple.o
        56          0          0          0          0         88   d2f.o
       334          0          0          0          0        148   dadd.o
       222          0          0          0          0        100   ddiv.o
       186          0          0          0          0        176   depilogue.o
        34          0          0          0          0         76   dflti.o
       228          0          0          0          0         96   dmul.o
       162          0          0          0          0        100   dsqrt.o
        38          0          0          0          0         68   f2d.o
       110          0          0          0          0        168   fepilogue.o

    ----------------------------------------------------------------------
      4968        302        240          4          0      23215   Library Totals
        10          0          0          0          0          0   (incl. Padding)

    ----------------------------------------------------------------------

      Code (inc. data)   RO Data    RW Data    ZI Data      Debug   Library Name

       260          0          0          0          0      19311   arm_cortexM4l_math.lib
      2780        280        240          0          0       2140   m_wm.l
       452         22          0          4          0        608   mc_w.l
      1466          0          0          0          0       1156   mf_w.l

    ----------------------------------------------------------------------
      4968        302        240          4          0      23215   Library Totals

    ----------------------------------------------------------------------

==============================================================================


      Code (inc. data)   RO Data    RW Data    ZI Data      Debug   

     63840       4196     176636        660      31236    1289122   Grand Totals
     63840       4196     176636        108      31236    1289122   ELF Image Totals (compressed)
     63840       4196     176636        108          0          0   ROM Totals

==============================================================================

    Total RO  Size (Code + RO Data)               240476 ( 234.84kB)
    Total RW  Size (RW Data + ZI Data)             31896 (  31.15kB)
    Total ROM Size (Code + RO Data + RW Data)     240584 ( 234.95kB)

==============================================================================

